Component: ARM Compiler 5.06 update 6 (build 750) Tool: armlink [4d35ed]

==============================================================================

Section Cross References

    startup_stm32f10x_cl.o(STACK) refers (Special) to heapauxi.o(.text) for __use_two_region_memory
    startup_stm32f10x_cl.o(HEAP) refers (Special) to heapauxi.o(.text) for __use_two_region_memory
    startup_stm32f10x_cl.o(RESET) refers (Special) to heapauxi.o(.text) for __use_two_region_memory
    startup_stm32f10x_cl.o(RESET) refers to startup_stm32f10x_cl.o(STACK) for __initial_sp
    startup_stm32f10x_cl.o(RESET) refers to startup_stm32f10x_cl.o(.text) for Reset_Handler
    startup_stm32f10x_cl.o(RESET) refers to port.o(.emb_text) for SVC_Handler
    startup_stm32f10x_cl.o(RESET) refers to board_stm32f10x.o(i.SysTick_Handler) for SysTick_Handler
    startup_stm32f10x_cl.o(RESET) refers to board_stm32f10x.o(i.WWDG_IRQHandler) for WWDG_IRQHandler
    startup_stm32f10x_cl.o(RESET) refers to can_stm32f10x.o(i.CAN1_RX0_IRQHandler) for CAN1_RX0_IRQHandler
    startup_stm32f10x_cl.o(RESET) refers to timer_stm32f10x.o(i.TIM3_IRQHandler) for TIM3_IRQHandler
    startup_stm32f10x_cl.o(RESET) refers to i2c_stm32f10x.o(i.I2C1_EV_IRQHandler) for I2C1_EV_IRQHandler
    startup_stm32f10x_cl.o(RESET) refers to i2c_stm32f10x.o(i.I2C1_ER_IRQHandler) for I2C1_ER_IRQHandler
    startup_stm32f10x_cl.o(RESET) refers to uart_stm32f10x.o(i.USART1_IRQHandler) for USART1_IRQHandler
    startup_stm32f10x_cl.o(RESET) refers to uart_stm32f10x.o(i.USART2_IRQHandler) for USART2_IRQHandler
    startup_stm32f10x_cl.o(RESET) refers to board_stm32f10x.o(i.EXTI15_10_IRQHandler) for EXTI15_10_IRQHandler
    startup_stm32f10x_cl.o(RESET) refers to can_stm32f10x.o(i.CAN2_RX0_IRQHandler) for CAN2_RX0_IRQHandler
    startup_stm32f10x_cl.o(.text) refers (Special) to heapauxi.o(.text) for __use_two_region_memory
    startup_stm32f10x_cl.o(.text) refers to system_stm32f10x.o(i.SystemInit) for SystemInit
    startup_stm32f10x_cl.o(.text) refers to __main.o(!!!main) for __main
    startup_stm32f10x_cl.o(.text) refers to startup_stm32f10x_cl.o(HEAP) for Heap_Mem
    startup_stm32f10x_cl.o(.text) refers to startup_stm32f10x_cl.o(STACK) for Stack_Mem
    system_stm32f10x.o(i.SetSysClock) refers to system_stm32f10x.o(i.SetSysClockTo72) for SetSysClockTo72
    system_stm32f10x.o(i.SystemCoreClockUpdate) refers to system_stm32f10x.o(.data) for SystemCoreClock
    system_stm32f10x.o(i.SystemInit) refers to system_stm32f10x.o(i.SetSysClock) for SetSysClock
    stm32f10x_adc.o(i.ADC_DeInit) refers to stm32f10x_rcc.o(i.RCC_APB2PeriphResetCmd) for RCC_APB2PeriphResetCmd
    stm32f10x_bkp.o(i.BKP_DeInit) refers to stm32f10x_rcc.o(i.RCC_BackupResetCmd) for RCC_BackupResetCmd
    stm32f10x_can.o(i.CAN_DeInit) refers to stm32f10x_rcc.o(i.RCC_APB1PeriphResetCmd) for RCC_APB1PeriphResetCmd
    stm32f10x_can.o(i.CAN_GetITStatus) refers to stm32f10x_can.o(i.CheckITStatus) for CheckITStatus
    stm32f10x_cec.o(i.CEC_DeInit) refers to stm32f10x_rcc.o(i.RCC_APB1PeriphResetCmd) for RCC_APB1PeriphResetCmd
    stm32f10x_dac.o(i.DAC_DeInit) refers to stm32f10x_rcc.o(i.RCC_APB1PeriphResetCmd) for RCC_APB1PeriphResetCmd
    stm32f10x_flash.o(i.FLASH_EnableWriteProtection) refers to stm32f10x_flash.o(i.FLASH_WaitForLastOperation) for FLASH_WaitForLastOperation
    stm32f10x_flash.o(i.FLASH_EraseAllBank1Pages) refers to stm32f10x_flash.o(i.FLASH_WaitForLastBank1Operation) for FLASH_WaitForLastBank1Operation
    stm32f10x_flash.o(i.FLASH_EraseAllPages) refers to stm32f10x_flash.o(i.FLASH_WaitForLastOperation) for FLASH_WaitForLastOperation
    stm32f10x_flash.o(i.FLASH_EraseOptionBytes) refers to stm32f10x_flash.o(i.FLASH_GetReadOutProtectionStatus) for FLASH_GetReadOutProtectionStatus
    stm32f10x_flash.o(i.FLASH_EraseOptionBytes) refers to stm32f10x_flash.o(i.FLASH_WaitForLastOperation) for FLASH_WaitForLastOperation
    stm32f10x_flash.o(i.FLASH_ErasePage) refers to stm32f10x_flash.o(i.FLASH_WaitForLastOperation) for FLASH_WaitForLastOperation
    stm32f10x_flash.o(i.FLASH_ProgramHalfWord) refers to stm32f10x_flash.o(i.FLASH_WaitForLastOperation) for FLASH_WaitForLastOperation
    stm32f10x_flash.o(i.FLASH_ProgramOptionByteData) refers to stm32f10x_flash.o(i.FLASH_WaitForLastOperation) for FLASH_WaitForLastOperation
    stm32f10x_flash.o(i.FLASH_ProgramWord) refers to stm32f10x_flash.o(i.FLASH_WaitForLastOperation) for FLASH_WaitForLastOperation
    stm32f10x_flash.o(i.FLASH_ReadOutProtection) refers to stm32f10x_flash.o(i.FLASH_WaitForLastOperation) for FLASH_WaitForLastOperation
    stm32f10x_flash.o(i.FLASH_UserOptionByteConfig) refers to stm32f10x_flash.o(i.FLASH_WaitForLastOperation) for FLASH_WaitForLastOperation
    stm32f10x_flash.o(i.FLASH_WaitForLastBank1Operation) refers to stm32f10x_flash.o(i.FLASH_GetBank1Status) for FLASH_GetBank1Status
    stm32f10x_flash.o(i.FLASH_WaitForLastOperation) refers to stm32f10x_flash.o(i.FLASH_GetBank1Status) for FLASH_GetBank1Status
[...]
    ../clib/assert.c                         0x00000000   Number         0  assert_puts.o ABSOLUTE
    ../clib/assert.c                         0x00000000   Number         0  assert.o ABSOLUTE
    ../clib/heapalloc.c                      0x00000000   Number         0  hrguard.o ABSOLUTE
    ../clib/heapaux.c                        0x00000000   Number         0  heapauxi.o ABSOLUTE
    ../clib/libinit.s                        0x00000000   Number         0  libshutdown.o ABSOLUTE
    ../clib/libinit.s                        0x00000000   Number         0  libinit.o ABSOLUTE
    ../clib/libinit.s                        0x00000000   Number         0  libinit2.o ABSOLUTE
    ../clib/libinit.s                        0x00000000   Number         0  libshutdown2.o ABSOLUTE
    ../clib/memcpset.s                       0x00000000   Number         0  rt_memclr.o ABSOLUTE
    ../clib/memcpset.s                       0x00000000   Number         0  rt_memcpy_w.o ABSOLUTE
    ../clib/memcpset.s                       0x00000000   Number         0  rt_memcpy_v6.o ABSOLUTE
    ../clib/memcpset.s                       0x00000000   Number         0  memset.o ABSOLUTE
    ../clib/memcpset.s                       0x00000000   Number         0  aeabi_memset.o ABSOLUTE
    ../clib/memcpset.s                       0x00000000   Number         0  rt_memclr_w.o ABSOLUTE
    ../clib/signal.c                         0x00000000   Number         0  defsig_other.o ABSOLUTE
    ../clib/signal.c                         0x00000000   Number         0  defsig_segv_inner.o ABSOLUTE
    ../clib/signal.c                         0x00000000   Number         0  defsig_cppl_inner.o ABSOLUTE
    ../clib/signal.c                         0x00000000   Number         0  defsig_abrt_formal.o ABSOLUTE
    ../clib/signal.c                         0x00000000   Number         0  defsig_pvfn_inner.o ABSOLUTE
    ../clib/signal.c                         0x00000000   Number         0  __raise.o ABSOLUTE
    ../clib/signal.c                         0x00000000   Number         0  defsig_rtmem_outer.o ABSOLUTE
    ../clib/signal.c                         0x00000000   Number         0  defsig_general.o ABSOLUTE
    ../clib/signal.c                         0x00000000   Number         0  defsig_rtmem_formal.o ABSOLUTE
    ../clib/signal.c                         0x00000000   Number         0  defsig_exit.o ABSOLUTE
    ../clib/signal.c                         0x00000000   Number         0  defsig_abrt_inner.o ABSOLUTE
    ../clib/signal.c                         0x00000000   Number         0  defsig_fpe_inner.o ABSOLUTE
    ../clib/signal.c                         0x00000000   Number         0  defsig_rtred_inner.o ABSOLUTE
    ../clib/signal.c                         0x00000000   Number         0  defsig_rtmem_inner.o ABSOLUTE
    ../clib/signal.c                         0x00000000   Number         0  defsig_abrt_outer.o ABSOLUTE
    ../clib/signal.c                         0x00000000   Number         0  defsig_stak_inner.o ABSOLUTE
    ../clib/signal.s                         0x00000000   Number         0  defsig.o ABSOLUTE
    ../clib/stdlib.c                         0x00000000   Number         0  abort.o ABSOLUTE
    ../clib/stdlib.c                         0x00000000   Number         0  exit.o ABSOLUTE
    ../fplib/fpinit.s                        0x00000000   Number         0  fpinit.o ABSOLUTE
    ..\..\sdk\STM32Cube_FW_F2_V1.8.0\Middlewares\Third_Party\FreeRTOS\Source\croutine.c 0x00000000   Number         0  croutine.o ABSOLUTE
    ..\..\sdk\STM32Cube_FW_F2_V1.8.0\Middlewares\Third_Party\FreeRTOS\Source\event_groups.c 0x00000000   Number         0  event_groups.o ABSOLUTE
    ..\..\sdk\STM32Cube_FW_F2_V1.8.0\Middlewares\Third_Party\FreeRTOS\Source\list.c 0x00000000   Number         0  list.o ABSOLUTE
    ..\..\sdk\STM32Cube_FW_F2_V1.8.0\Middlewares\Third_Party\FreeRTOS\Source\portable\MemMang\heap_2.c 0x00000000   Number         0  heap_2.o ABSOLUTE
    ..\..\sdk\STM32Cube_FW_F2_V1.8.0\Middlewares\Third_Party\FreeRTOS\Source\portable\RVDS\ARM_CM3\port.c 0x00000000   Number         0  port.o ABSOLUTE
    ..\..\sdk\STM32Cube_FW_F2_V1.8.0\Middlewares\Third_Party\FreeRTOS\Source\queue.c 0x00000000   Number         0  queue.o ABSOLUTE
    ..\..\sdk\STM32Cube_FW_F2_V1.8.0\Middlewares\Third_Party\FreeRTOS\Source\stream_buffer.c 0x00000000   Number         0  stream_buffer.o ABSOLUTE
    ..\..\sdk\STM32Cube_FW_F2_V1.8.0\Middlewares\Third_Party\FreeRTOS\Source\tasks.c 0x00000000   Number         0  tasks.o ABSOLUTE
    ..\..\sdk\STM32Cube_FW_F2_V1.8.0\Middlewares\Third_Party\FreeRTOS\Source\timers.c 0x00000000   Number         0  timers.o ABSOLUTE
    ..\..\sdk\STM32F10x_StdPeriph_Lib_V3.5.0\Libraries\STM32F10x_StdPeriph_Driver\src\misc.c 0x00000000   Number         0  misc.o ABSOLUTE
    ..\..\sdk\STM32F10x_StdPeriph_Lib_V3.5.0\Libraries\STM32F10x_StdPeriph_Driver\src\stm32f10x_adc.c 0x00000000   Number         0  stm32f10x_adc.o ABSOLUTE
    ..\..\sdk\STM32F10x_StdPeriph_Lib_V3.5.0\Libraries\STM32F10x_StdPeriph_Driver\src\stm32f10x_bkp.c 0x00000000   Number         0  stm32f10x_bkp.o ABSOLUTE
    ..\..\sdk\STM32F10x_StdPeriph_Lib_V3.5.0\Libraries\STM32F10x_StdPeriph_Driver\src\stm32f10x_can.c 0x00000000   Number         0  stm32f10x_can.o ABSOLUTE
    ..\..\sdk\STM32F10x_StdPeriph_Lib_V3.5.0\Libraries\STM32F10x_StdPeriph_Driver\src\stm32f10x_cec.c 0x00000000   Number         0  stm32f10x_cec.o ABSOLUTE
    ..\..\sdk\STM32F10x_StdPeriph_Lib_V3.5.0\Libraries\STM32F10x_StdPeriph_Driver\src\stm32f10x_crc.c 0x00000000   Number         0  stm32f10x_crc.o ABSOLUTE
    ..\..\sdk\STM32F10x_StdPeriph_Lib_V3.5.0\Libraries\STM32F10x_StdPeriph_Driver\src\stm32f10x_dac.c 0x00000000   Number         0  stm32f10x_dac.o ABSOLUTE
    ..\..\sdk\STM32F10x_StdPeriph_Lib_V3.5.0\Libraries\STM32F10x_StdPeriph_Driver\src\stm32f10x_dbgmcu.c 0x00000000   Number         0  stm32f10x_dbgmcu.o ABSOLUTE
    ..\..\sdk\STM32F10x_StdPeriph_Lib_V3.5.0\Libraries\STM32F10x_StdPeriph_Driver\src\stm32f10x_dma.c 0x00000000   Number         0  stm32f10x_dma.o ABSOLUTE
    ..\..\sdk\STM32F10x_StdPeriph_Lib_V3.5.0\Libraries\STM32F10x_StdPeriph_Driver\src\stm32f10x_exti.c 0x00000000   Number         0  stm32f10x_exti.o ABSOLUTE
    ..\..\sdk\STM32F10x_StdPeriph_Lib_V3.5.0\Libraries\STM32F10x_StdPeriph_Driver\src\stm32f10x_flash.c 0x00000000   Number         0  stm32f10x_flash.o ABSOLUTE
    ..\..\sdk\STM32F10x_StdPeriph_Lib_V3.5.0\Libraries\STM32F10x_StdPeriph_Driver\src\stm32f10x_fsmc.c 0x00000000   Number         0  stm32f10x_fsmc.o ABSOLUTE
    ..\..\sdk\STM32F10x_StdPeriph_Lib_V3.5.0\Libraries\STM32F10x_StdPeriph_Driver\src\stm32f10x_gpio.c 0x00000000   Number         0  stm32f10x_gpio.o ABSOLUTE
    ..\..\sdk\STM32F10x_StdPeriph_Lib_V3.5.0\Libraries\STM32F10x_StdPeriph_Driver\src\stm32f10x_i2c.c 0x00000000   Number         0  stm32f10x_i2c.o ABSOLUTE
    ..\..\sdk\STM32F10x_StdPeriph_Lib_V3.5.0\Libraries\STM32F10x_StdPeriph_Driver\src\stm32f10x_iwdg.c 0x00000000   Number         0  stm32f10x_iwdg.o ABSOLUTE
    ..\..\sdk\STM32F10x_StdPeriph_Lib_V3.5.0\Libraries\STM32F10x_StdPeriph_Driver\src\stm32f10x_pwr.c 0x00000000   Number         0  stm32f10x_pwr.o ABSOLUTE
    ..\..\sdk\STM32F10x_StdPeriph_Lib_V3.5.0\Libraries\STM32F10x_StdPeriph_Driver\src\stm32f10x_rcc.c 0x00000000   Number         0  stm32f10x_rcc.o ABSOLUTE
    ..\..\sdk\STM32F10x_StdPeriph_Lib_V3.5.0\Libraries\STM32F10x_StdPeriph_Driver\src\stm32f10x_rtc.c 0x00000000   Number         0  stm32f10x_rtc.o ABSOLUTE
    ..\..\sdk\STM32F10x_StdPeriph_Lib_V3.5.0\Libraries\STM32F10x_StdPeriph_Driver\src\stm32f10x_sdio.c 0x00000000   Number         0  stm32f10x_sdio.o ABSOLUTE
    ..\..\sdk\STM32F10x_StdPeriph_Lib_V3.5.0\Libraries\STM32F10x_StdPeriph_Driver\src\stm32f10x_spi.c 0x00000000   Number         0  stm32f10x_spi.o ABSOLUTE
    ..\..\sdk\STM32F10x_StdPeriph_Lib_V3.5.0\Libraries\STM32F10x_StdPeriph_Driver\src\stm32f10x_tim.c 0x00000000   Number         0  stm32f10x_tim.o ABSOLUTE
    ..\..\sdk\STM32F10x_StdPeriph_Lib_V3.5.0\Libraries\STM32F10x_StdPeriph_Driver\src\stm32f10x_usart.c 0x00000000   Number         0  stm32f10x_usart.o ABSOLUTE
    ..\..\sdk\STM32F10x_StdPeriph_Lib_V3.5.0\Libraries\STM32F10x_StdPeriph_Driver\src\stm32f10x_wwdg.c 0x00000000   Number         0  stm32f10x_wwdg.o ABSOLUTE
    ..\..\src\can.c                          0x00000000   Number         0  can.o ABSOLUTE
    ..\..\src\i2c.c                          0x00000000   Number         0  i2c.o ABSOLUTE
    ..\..\src\stm32f10x\board_stm32f10x.c    0x00000000   Number         0  board_stm32f10x.o ABSOLUTE
    ..\..\src\stm32f10x\can_stm32f10x.c      0x00000000   Number         0  can_stm32f10x.o ABSOLUTE
    ..\..\src\stm32f10x\flash_ctrl_stm32f10x.c 0x00000000   Number         0  flash_ctrl_stm32f10x.o ABSOLUTE
    ..\..\src\stm32f10x\i2c_stm32f10x.c      0x00000000   Number         0  i2c_stm32f10x.o ABSOLUTE
    ..\..\src\stm32f10x\spi_stm32f10x.c      0x00000000   Number         0  spi_stm32f10x.o ABSOLUTE
    ..\..\src\stm32f10x\timer_stm32f10x.c    0x00000000   Number         0  timer_stm32f10x.o ABSOLUTE
    ..\..\src\stm32f10x\uart_stm32f10x.c     0x00000000   Number         0  uart_stm32f10x.o ABSOLUTE
    ..\..\src\uart.c                         0x00000000   Number         0  uart.o ABSOLUTE
    ..\\..\\sdk\\STM32Cube_FW_F2_V1.8.0\\Middlewares\\Third_Party\\FreeRTOS\\Source\\portable\\RVDS\\ARM_CM3\\port.c 0x00000000   Number         0  port.o ABSOLUTE
    ..\main.c                                0x00000000   Number         0  main.o ABSOLUTE
    ..\rtos.c                                0x00000000   Number         0  rtos.o ABSOLUTE
    ..\test.c                                0x00000000   Number         0  test.o ABSOLUTE
    dc.s                                     0x00000000   Number         0  dc.o ABSOLUTE
    src\startup_stm32f10x_cl.s               0x00000000   Number         0  startup_stm32f10x_cl.o ABSOLUTE
    src\system_stm32f10x.c                   0x00000000   Number         0  system_stm32f10x.o ABSOLUTE
    RESET                                    0x08000000   Section      336  startup_stm32f10x_cl.o(RESET)
    !!!main                                  0x08000150   Section        8  __main.o(!!!main)
    !!!scatter                               0x08000158   Section       52  __scatter.o(!!!scatter)
    !!handler_copy                           0x0800018c   Section       26  __scatter_copy.o(!!handler_copy)
    !!handler_zi                             0x080001a8   Section       28  __scatter_zi.o(!!handler_zi)
    .ARM.Collect$$libinit$$00000000          0x080001c4   Section        2  libinit.o(.ARM.Collect$$libinit$$00000000)
    .ARM.Collect$$libinit$$00000002          0x080001c6   Section        0  libinit2.o(.ARM.Collect$$libinit$$00000002)
    .ARM.Collect$$libinit$$00000004          0x080001c6   Section        0  libinit2.o(.ARM.Collect$$libinit$$00000004)
    .ARM.Collect$$libinit$$0000000A          0x080001c6   Section        0  libinit2.o(.ARM.Collect$$libinit$$0000000A)
    .ARM.Collect$$libinit$$0000000C          0x080001c6   Section        0  libinit2.o(.ARM.Collect$$libinit$$0000000C)
    .ARM.Collect$$libinit$$0000000E          0x080001c6   Section        0  libinit2.o(.ARM.Collect$$libinit$$0000000E)
    .ARM.Collect$$libinit$$00000011          0x080001c6   Section        0  libinit2.o(.ARM.Collect$$libinit$$00000011)
    .ARM.Collect$$libinit$$00000013          0x080001c6   Section        0  libinit2.o(.ARM.Collect$$libinit$$00000013)
    .ARM.Collect$$libinit$$00000015          0x080001c6   Section        0  libinit2.o(.ARM.Collect$$libinit$$00000015)
    .ARM.Collect$$libinit$$00000017          0x080001c6   Section        0  libinit2.o(.ARM.Collect$$libinit$$00000017)
    .ARM.Collect$$libinit$$00000019          0x080001c6   Section        0  libinit2.o(.ARM.Collect$$libinit$$00000019)
    .ARM.Collect$$libinit$$0000001B          0x080001c6   Section        0  libinit2.o(.ARM.Collect$$libinit$$0000001B)
    .ARM.Collect$$libinit$$0000001D          0x080001c6   Section        0  libinit2.o(.ARM.Collect$$libinit$$0000001D)
    .ARM.Collect$$libinit$$0000001F          0x080001c6   Section        0  libinit2.o(.ARM.Collect$$libinit$$0000001F)
    .ARM.Collect$$libinit$$00000021          0x080001c6   Section        0  libinit2.o(.ARM.Collect$$libinit$$00000021)
    .ARM.Collect$$libinit$$00000023          0x080001c6   Section        0  libinit2.o(.ARM.Collect$$libinit$$00000023)
    .ARM.Collect$$libinit$$00000025          0x080001c6   Section        0  libinit2.o(.ARM.Collect$$libinit$$00000025)
    .ARM.Collect$$libinit$$0000002C          0x080001c6   Section        0  libinit2.o(.ARM.Collect$$libinit$$0000002C)
    .ARM.Collect$$libinit$$0000002E          0x080001c6   Section        0  libinit2.o(.ARM.Collect$$libinit$$0000002E)
    .ARM.Collect$$libinit$$00000030          0x080001c6   Section        0  libinit2.o(.ARM.Collect$$libinit$$00000030)
    .ARM.Collect$$libinit$$00000032          0x080001c6   Section        0  libinit2.o(.ARM.Collect$$libinit$$00000032)
    .ARM.Collect$$libinit$$00000033          0x080001c6   Section        2  libinit2.o(.ARM.Collect$$libinit$$00000033)
    .ARM.Collect$$libshutdown$$00000000      0x080001c8   Section        2  libshutdown.o(.ARM.Collect$$libshutdown$$00000000)
    .ARM.Collect$$libshutdown$$00000002      0x080001ca   Section        0  libshutdown2.o(.ARM.Collect$$libshutdown$$00000002)
    .ARM.Collect$$libshutdown$$00000004      0x080001ca   Section        0  libshutdown2.o(.ARM.Collect$$libshutdown$$00000004)
    .ARM.Collect$$libshutdown$$00000007      0x080001ca   Section        0  libshutdown2.o(.ARM.Collect$$libshutdown$$00000007)
    .ARM.Collect$$libshutdown$$0000000A      0x080001ca   Section        0  libshutdown2.o(.ARM.Collect$$libshutdown$$0000000A)
    .ARM.Collect$$libshutdown$$0000000C      0x080001ca   Section        0  libshutdown2.o(.ARM.Collect$$libshutdown$$0000000C)
    .ARM.Collect$$libshutdown$$0000000F      0x080001ca   Section        0  libshutdown2.o(.ARM.Collect$$libshutdown$$0000000F)
    .ARM.Collect$$libshutdown$$00000010      0x080001ca   Section        2  libshutdown2.o(.ARM.Collect$$libshutdown$$00000010)
    .ARM.Collect$$rtentry$$00000000          0x080001cc   Section        0  __rtentry.o(.ARM.Collect$$rtentry$$00000000)
    .ARM.Collect$$rtentry$$00000002          0x080001cc   Section        0  __rtentry2.o(.ARM.Collect$$rtentry$$00000002)
    .ARM.Collect$$rtentry$$00000004          0x080001cc   Section        6  __rtentry4.o(.ARM.Collect$$rtentry$$00000004)
    .ARM.Collect$$rtentry$$00000009          0x080001d2   Section        0  __rtentry2.o(.ARM.Collect$$rtentry$$00000009)
    .ARM.Collect$$rtentry$$0000000A          0x080001d2   Section        4  __rtentry2.o(.ARM.Collect$$rtentry$$0000000A)
    .ARM.Collect$$rtentry$$0000000C          0x080001d6   Section        0  __rtentry2.o(.ARM.Collect$$rtentry$$0000000C)
    .ARM.Collect$$rtentry$$0000000D          0x080001d6   Section        8  __rtentry2.o(.ARM.Collect$$rtentry$$0000000D)
    .ARM.Collect$$rtexit$$00000000           0x080001de   Section        2  rtexit.o(.ARM.Collect$$rtexit$$00000000)
    .ARM.Collect$$rtexit$$00000002           0x080001e0   Section        0  rtexit2.o(.ARM.Collect$$rtexit$$00000002)
    .ARM.Collect$$rtexit$$00000003           0x080001e0   Section        4  rtexit2.o(.ARM.Collect$$rtexit$$00000003)
    .ARM.Collect$$rtexit$$00000004           0x080001e4   Section        6  rtexit2.o(.ARM.Collect$$rtexit$$00000004)
    .emb_text                                0x080001ec   Section      150  port.o(.emb_text)
    .text                                    0x08000284   Section       64  startup_stm32f10x_cl.o(.text)
    .text                                    0x080002c4   Section        2  use_no_semi_2.o(.text)
    .text                                    0x080002c8   Section        0  assert.o(.text)
    .text                                    0x08000348   Section      138  rt_memcpy_v6.o(.text)
    .text                                    0x080003d2   Section       16  aeabi_memset.o(.text)
    .text                                    0x080003e2   Section       78  rt_memclr_w.o(.text)
    .text                                    0x08000430   Section        0  heapauxi.o(.text)
    .text                                    0x08000436   Section        2  use_no_semi.o(.text)
    .text                                    0x08000438   Section        0  abort.o(.text)
    .text                                    0x0800044e   Section        0  assert_puts.o(.text)
    .text                                    0x08000462   Section      100  rt_memcpy_w.o(.text)
    .text                                    0x080004c6   Section       68  rt_memclr.o(.text)
    .text                                    0x0800050a   Section        0  defsig_abrt_outer.o(.text)
    .text                                    0x08000518   Section       74  sys_stackheap_outer.o(.text)
    .text                                    0x08000562   Section        0  exit.o(.text)
    .text                                    0x08000574   Section        0  defsig_exit.o(.text)
    .text                                    0x08000580   Section        0  defsig_abrt_inner.o(.text)
    .text                                    0x080005b0   Section        8  libspace.o(.text)
    .text                                    0x080005b8   Section        0  defsig_general.o(.text)
    i.CAN1_RX0_IRQHandler                    0x080005ea   Section        0  can_stm32f10x.o(i.CAN1_RX0_IRQHandler)
    i.CAN2_RX0_IRQHandler                    0x080005f4   Section        0  can_stm32f10x.o(i.CAN2_RX0_IRQHandler)
    i.CAN_CancelTransmit                     0x080005fe   Section        0  stm32f10x_can.o(i.CAN_CancelTransmit)
    i.CAN_DeInit                             0x08000630   Section        0  stm32f10x_can.o(i.CAN_DeInit)
    i.CAN_FilterInit                         0x08000668   Section        0  stm32f10x_can.o(i.CAN_FilterInit)
    i.CAN_ITConfig                           0x08000770   Section        0  stm32f10x_can.o(i.CAN_ITConfig)
    i.CAN_Init                               0x08000782   Section        0  stm32f10x_can.o(i.CAN_Init)
    i.CAN_MessagePending                     0x08000896   Section        0  stm32f10x_can.o(i.CAN_MessagePending)
    i.CAN_Receive                            0x080008b4   Section        0  stm32f10x_can.o(i.CAN_Receive)
    i.CAN_SlaveStartBank                     0x080009a4   Section        0  stm32f10x_can.o(i.CAN_SlaveStartBank)
    i.CAN_Sleep                              0x080009d8   Section        0  stm32f10x_can.o(i.CAN_Sleep)
    i.CAN_StructInit                         0x080009f6   Section        0  stm32f10x_can.o(i.CAN_StructInit)
    i.CAN_Transmit                           0x08000a16   Section        0  stm32f10x_can.o(i.CAN_Transmit)
    i.CAN_TransmitStatus                     0x08000b3c   Section        0  stm32f10x_can.o(i.CAN_TransmitStatus)
    i.CAN_WakeUp                             0x08000bdc   Section        0  stm32f10x_can.o(i.CAN_WakeUp)
    i.EXTI15_10_IRQHandler                   0x08000c0c   Section        0  board_stm32f10x.o(i.EXTI15_10_IRQHandler)
    i.EXTI_ClearITPendingBit                 0x08000c24   Section        0  stm32f10x_exti.o(i.EXTI_ClearITPendingBit)
    i.EXTI_GetITStatus                       0x08000c30   Section        0  stm32f10x_exti.o(i.EXTI_GetITStatus)
    i.EXTI_Init                              0x08000c58   Section        0  stm32f10x_exti.o(i.EXTI_Init)
    i.FLASH_ErasePage                        0x08000cec   Section        0  stm32f10x_flash.o(i.FLASH_ErasePage)
    i.FLASH_GetBank1Status                   0x08000d38   Section        0  stm32f10x_flash.o(i.FLASH_GetBank1Status)
    i.FLASH_Lock                             0x08000d6c   Section        0  stm32f10x_flash.o(i.FLASH_Lock)
    i.FLASH_ProgramHalfWord                  0x08000d80   Section        0  stm32f10x_flash.o(i.FLASH_ProgramHalfWord)
    i.FLASH_ProgramWord                      0x08000dc0   Section        0  stm32f10x_flash.o(i.FLASH_ProgramWord)
    i.FLASH_Unlock                           0x08000e2c   Section        0  stm32f10x_flash.o(i.FLASH_Unlock)
    i.FLASH_WaitForLastOperation             0x08000e44   Section        0  stm32f10x_flash.o(i.FLASH_WaitForLastOperation)
    i.GPIO_EXTILineConfig                    0x08000e6c   Section        0  stm32f10x_gpio.o(i.GPIO_EXTILineConfig)
    i.GPIO_Init                              0x08000eac   Section        0  stm32f10x_gpio.o(i.GPIO_Init)
    i.GPIO_PinRemapConfig                    0x08000fc4   Section        0  stm32f10x_gpio.o(i.GPIO_PinRemapConfig)
    i.GPIO_ReadOutputDataBit                 0x08001054   Section        0  stm32f10x_gpio.o(i.GPIO_ReadOutputDataBit)
    i.GPIO_WriteBit                          0x08001066   Section        0  stm32f10x_gpio.o(i.GPIO_WriteBit)
    i.I2C1_ER_IRQHandler                     0x08001070   Section        0  i2c_stm32f10x.o(i.I2C1_ER_IRQHandler)
    i.I2C1_EV_IRQHandler                     0x08001072   Section        0  i2c_stm32f10x.o(i.I2C1_EV_IRQHandler)
    i.NVIC_Init                              0x08001074   Section        0  misc.o(i.NVIC_Init)
    i.PWR_EnterSTOPMode                      0x080010e4   Section        0  stm32f10x_pwr.o(i.PWR_EnterSTOPMode)
    i.RCC_APB1PeriphClockCmd                 0x08001124   Section        0  stm32f10x_rcc.o(i.RCC_APB1PeriphClockCmd)
    i.RCC_APB1PeriphResetCmd                 0x08001144   Section        0  stm32f10x_rcc.o(i.RCC_APB1PeriphResetCmd)
    i.RCC_APB2PeriphClockCmd                 0x08001164   Section        0  stm32f10x_rcc.o(i.RCC_APB2PeriphClockCmd)
    i.RCC_GetClocksFreq                      0x08001184   Section        0  stm32f10x_rcc.o(i.RCC_GetClocksFreq)
    i.SetSysClock                            0x08001310   Section        0  system_stm32f10x.o(i.SetSysClock)
    SetSysClock                              0x08001311   Thumb Code     8  system_stm32f10x.o(i.SetSysClock)
    i.SetSysClockTo72                        0x08001318   Section        0  system_stm32f10x.o(i.SetSysClockTo72)
    SetSysClockTo72                          0x08001319   Thumb Code   214  system_stm32f10x.o(i.SetSysClockTo72)
    i.SysTick_Handler                        0x080013f8   Section        0  board_stm32f10x.o(i.SysTick_Handler)
    i.SystemCoreClockUpdate                  0x08001408   Section        0  system_stm32f10x.o(i.SystemCoreClockUpdate)
    i.SystemInit                             0x08001504   Section        0  system_stm32f10x.o(i.SystemInit)
    i.TIM3_IRQHandler                        0x08001570   Section        0  timer_stm32f10x.o(i.TIM3_IRQHandler)
    i.TIM_ClearITPendingBit                  0x0800157a   Section        0  stm32f10x_tim.o(i.TIM_ClearITPendingBit)
    i.TIM_Cmd                                0x08001580   Section        0  stm32f10x_tim.o(i.TIM_Cmd)
    i.TIM_GetITStatus                        0x08001598   Section        0  stm32f10x_tim.o(i.TIM_GetITStatus)
    i.TIM_ITConfig                           0x080015ba   Section        0  stm32f10x_tim.o(i.TIM_ITConfig)
    i.TIM_TimeBaseInit                       0x080015cc   Section        0  stm32f10x_tim.o(i.TIM_TimeBaseInit)
    i.USART1_IRQHandler                      0x08001670   Section        0  uart_stm32f10x.o(i.USART1_IRQHandler)
    i.USART2_IRQHandler                      0x0800167a   Section        0  uart_stm32f10x.o(i.USART2_IRQHandler)
    i.USART_ClearFlag                        0x08001684   Section        0  stm32f10x_usart.o(i.USART_ClearFlag)
    i.USART_ClearITPendingBit                0x08001696   Section        0  stm32f10x_usart.o(i.USART_ClearITPendingBit)
    i.USART_Cmd                              0x080016b4   Section        0  stm32f10x_usart.o(i.USART_Cmd)
    i.USART_GetFlagStatus                    0x080016cc   Section        0  stm32f10x_usart.o(i.USART_GetFlagStatus)
    i.USART_GetITStatus                      0x080016e6   Section        0  stm32f10x_usart.o(i.USART_GetITStatus)
    i.USART_ITConfig                         0x0800173a   Section        0  stm32f10x_usart.o(i.USART_ITConfig)
    i.USART_Init                             0x08001784   Section        0  stm32f10x_usart.o(i.USART_Init)
    i.USART_ReceiveData                      0x0800185c   Section        0  stm32f10x_usart.o(i.USART_ReceiveData)
    i.USART_SendData                         0x08001866   Section        0  stm32f10x_usart.o(i.USART_SendData)
    i.WWDG_ClearFlag                         0x08001870   Section        0  stm32f10x_wwdg.o(i.WWDG_ClearFlag)
    i.WWDG_Enable                            0x0800187c   Section        0  stm32f10x_wwdg.o(i.WWDG_Enable)
    i.WWDG_EnableIT                          0x0800188c   Section        0  stm32f10x_wwdg.o(i.WWDG_EnableIT)
    i.WWDG_IRQHandler                        0x08001898   Section        0  board_stm32f10x.o(i.WWDG_IRQHandler)
    i.WWDG_SetCounter                        0x0800189c   Section        0  stm32f10x_wwdg.o(i.WWDG_SetCounter)
    i.WWDG_SetPrescaler                      0x080018ac   Section        0  stm32f10x_wwdg.o(i.WWDG_SetPrescaler)
    i.WWDG_SetWindowValue                    0x080018c4   Section        0  stm32f10x_wwdg.o(i.WWDG_SetWindowValue)
    i._sys_exit                              0x080018ec   Section        0  uart.o(i._sys_exit)
    i._ttywrch                               0x080018f0   Section        0  uart.o(i._ttywrch)
    i.can_init                               0x080018f4   Section        0  can_stm32f10x.o(i.can_init)
    i.can_irq_handler                        0x08001b90   Section        0  can_stm32f10x.o(i.can_irq_handler)
    can_irq_handler                          0x08001b91   Thumb Code   220  can_stm32f10x.o(i.can_irq_handler)
    i.can_pwr_mode_trans                     0x08001cb8   Section        0  can_stm32f10x.o(i.can_pwr_mode_trans)
    i.can_receive                            0x08001d38   Section        0  can.o(i.can_receive)
    i.can_send                               0x08001e34   Section        0  can_stm32f10x.o(i.can_send)
    i.delay                                  0x08001f10   Section        0  board_stm32f10x.o(i.delay)
    i.flash_ctrl_deinit                      0x08001f28   Section        0  flash_ctrl_stm32f10x.o(i.flash_ctrl_deinit)
    i.flash_ctrl_erase_sector                0x08001f2c   Section        0  flash_ctrl_stm32f10x.o(i.flash_ctrl_erase_sector)
    i.flash_ctrl_init                        0x08001fd8   Section        0  flash_ctrl_stm32f10x.o(i.flash_ctrl_init)
    i.flash_ctrl_program                     0x08001fdc   Section        0  flash_ctrl_stm32f10x.o(i.flash_ctrl_program)
    i.flash_ctrl_program_verify              0x080020a8   Section        0  flash_ctrl_stm32f10x.o(i.flash_ctrl_program_verify)
    i.flash_ctrl_verify_sector               0x08002150   Section        0  flash_ctrl_stm32f10x.o(i.flash_ctrl_verify_sector)
    i.flash_ctrl_write_e2                    0x080021ec   Section        0  flash_ctrl_stm32f10x.o(i.flash_ctrl_write_e2)
    i.get_sector                             0x080021f4   Section        0  flash_ctrl_stm32f10x.o(i.get_sector)
    get_sector                               0x080021f5   Thumb Code    36  flash_ctrl_stm32f10x.o(i.get_sector)
    i.get_sector_addr                        0x0800224c   Section        0  flash_ctrl_stm32f10x.o(i.get_sector_addr)
    get_sector_addr                          0x0800224d   Thumb Code    30  flash_ctrl_stm32f10x.o(i.get_sector_addr)
    i.get_sector_size                        0x080022cc   Section        0  flash_ctrl_stm32f10x.o(i.get_sector_size)
    get_sector_size                          0x080022cd   Thumb Code    26  flash_ctrl_stm32f10x.o(i.get_sector_size)
    i.gpio_init                              0x0800234c   Section        0  board_stm32f10x.o(i.gpio_init)
    i.main                                   0x0800242c   Section        0  main.o(i.main)
    i.pwr_mode_trans                         0x0800244c   Section        0  board_stm32f10x.o(i.pwr_mode_trans)
    i.sys_init                               0x080024a8   Section        0  board_stm32f10x.o(i.sys_init)
    i.sys_reset                              0x08002510   Section        0  board_stm32f10x.o(i.sys_reset)
    i.sys_time                               0x08002540   Section        0  board_stm32f10x.o(i.sys_time)
    i.test                                   0x0800254c   Section        0  test.o(i.test)
    i.test_flash                             0x080026a4   Section        0  test.o(i.test_flash)
    test_flash                               0x080026a5   Thumb Code   184  test.o(i.test_flash)
    i.test_i2c                               0x080027d4   Section        0  test.o(i.test_i2c)
    test_i2c                                 0x080027d5   Thumb Code     2  test.o(i.test_i2c)
    i.timer_init                             0x080027d8   Section        0  timer_stm32f10x.o(i.timer_init)
    i.timer_irq_callback                     0x080028d4   Section        0  test.o(i.timer_irq_callback)
    i.timer_irq_handler                      0x080028fc   Section        0  timer_stm32f10x.o(i.timer_irq_handler)
    timer_irq_handler                        0x080028fd   Thumb Code    38  timer_stm32f10x.o(i.timer_irq_handler)
    i.timer_start                            0x08002928   Section        0  timer_stm32f10x.o(i.timer_start)
    i.timer_stop                             0x08002990   Section        0  timer_stm32f10x.o(i.timer_stop)
    i.uart_init                              0x080029f8   Section        0  uart_stm32f10x.o(i.uart_init)
    i.uart_irq_handler                       0x08002b94   Section        0  uart_stm32f10x.o(i.uart_irq_handler)
    uart_irq_handler                         0x08002b95   Thumb Code   124  uart_stm32f10x.o(i.uart_irq_handler)
    i.uart_receive                           0x08002c20   Section        0  uart.o(i.uart_receive)
    i.uart_send                              0x08002cdc   Section        0  uart_stm32f10x.o(i.uart_send)
    i.vTaskSwitchContext                     0x08002d90   Section        0  tasks.o(i.vTaskSwitchContext)
    i.wdog_enable                            0x08002e1c   Section        0  board_stm32f10x.o(i.wdog_enable)
    i.wdog_refresh                           0x08002e60   Section        0  board_stm32f10x.o(i.wdog_refresh)
    .constdata                               0x08002e6c   Section       12  test.o(.constdata)
    .conststring                             0x08002e78   Section      254  flash_ctrl_stm32f10x.o(.conststring)
    .conststring                             0x08002f78   Section      284  test.o(.conststring)
    .data                                    0x20000000   Section       20  system_stm32f10x.o(.data)
    .data                                    0x20000014   Section       20  stm32f10x_rcc.o(.data)
    APBAHBPrescTable                         0x20000014   Data          16  stm32f10x_rcc.o(.data)
    ADCPrescTable                            0x20000024   Data           4  stm32f10x_rcc.o(.data)
    .data                                    0x20000028   Section       60  tasks.o(.data)
    pxDelayedTaskList                        0x2000002c   Data           4  tasks.o(.data)
    pxOverflowDelayedTaskList                0x20000030   Data           4  tasks.o(.data)
    uxDeletedTasksWaitingCleanUp             0x20000034   Data           4  tasks.o(.data)
    uxCurrentNumberOfTasks                   0x20000038   Data           4  tasks.o(.data)
    xTickCount                               0x2000003c   Data           4  tasks.o(.data)
    uxTopReadyPriority                       0x20000040   Data           4  tasks.o(.data)
    xSchedulerRunning                        0x20000044   Data           4  tasks.o(.data)
    uxPendedTicks                            0x20000048   Data           4  tasks.o(.data)
    xYieldPending                            0x2000004c   Data           4  tasks.o(.data)
    xNumOfOverflows                          0x20000050   Data           4  tasks.o(.data)
    uxTaskNumber                             0x20000054   Data           4  tasks.o(.data)
    xNextTaskUnblockTime                     0x20000058   Data           4  tasks.o(.data)
    xIdleTaskHandle                          0x2000005c   Data           4  tasks.o(.data)
    uxSchedulerSuspended                     0x20000060   Data           4  tasks.o(.data)
    .data                                    0x20000064   Section        4  board_stm32f10x.o(.data)
    g_sys_tick_cnt                           0x20000064   Data           4  board_stm32f10x.o(.data)
    .data                                    0x20000068   Section       44  can_stm32f10x.o(.data)
    g_comm_config                            0x2000006c   Data          32  can_stm32f10x.o(.data)
    g_handle                                 0x2000008c   Data           8  can_stm32f10x.o(.data)
    .data                                    0x20000094   Section        8  timer_stm32f10x.o(.data)
    g_timer_config                           0x20000094   Data           4  timer_stm32f10x.o(.data)
    g_handle                                 0x20000098   Data           4  timer_stm32f10x.o(.data)
    .data                                    0x2000009c   Section       40  uart_stm32f10x.o(.data)
    g_comm_config                            0x200000a4   Data          24  uart_stm32f10x.o(.data)
    g_handle                                 0x200000bc   Data           8  uart_stm32f10x.o(.data)
    .data                                    0x200000c4   Section        4  main.o(.data)
    .bss                                     0x200000c8   Section      240  tasks.o(.bss)
    pxReadyTasksLists                        0x200000c8   Data         140  tasks.o(.bss)
    xDelayedTaskList1                        0x20000154   Data          20  tasks.o(.bss)
    xDelayedTaskList2                        0x20000168   Data          20  tasks.o(.bss)
    xPendingReadyList                        0x2000017c   Data          20  tasks.o(.bss)
    xTasksWaitingTermination                 0x20000190   Data          20  tasks.o(.bss)
    xSuspendedTaskList                       0x200001a4   Data          20  tasks.o(.bss)
    .bss                                     0x200001b8   Section      320  can_stm32f10x.o(.bss)
    .bss                                     0x200002f8   Section     2000  uart_stm32f10x.o(.bss)
    .bss                                     0x20000ac8   Section       96  libspace.o(.bss)
    HEAP                                     0x20000b28   Section      512  startup_stm32f10x_cl.o(HEAP)
    Heap_Mem                                 0x20000b28   Data         512  startup_stm32f10x_cl.o(HEAP)
    STACK                                    0x20000d28   Section     1024  startup_stm32f10x_cl.o(STACK)
    Stack_Mem                                0x20000d28   Data        1024  startup_stm32f10x_cl.o(STACK)
    __initial_sp                             0x20001128   Data           0  startup_stm32f10x_cl.o(STACK)

    Global Symbols

    Symbol Name                              Value     Ov Type        Size  Object(Section)

    BuildAttributes$$THM_ISAv4$P$D$K$B$S$PE$A:L22UL41UL21$X:L11$S22US41US21$IEEE1$IW$USESV6$~STKCKD$USESV7$~SHL$OSPACE$ROPI$EBA8$UX$STANDARDLIB$REQ8$PRES8$EABIv2 0x00000000   Number         0  anon$$obj.o ABSOLUTE
    __ARM_use_no_argv                        0x00000000   Number         0  main.o ABSOLUTE
    __ARM_exceptions_init                     - Undefined Weak Reference
    __alloca_initialize                       - Undefined Weak Reference
    __arm_preinit_                            - Undefined Weak Reference
    __cpp_initialize__aeabi_                  - Undefined Weak Reference
    __cxa_finalize                            - Undefined Weak Reference
    __rt_locale                               - Undefined Weak Reference
    __sigvec_lookup                           - Undefined Weak Reference
    _atexit_init                              - Undefined Weak Reference
    _call_atexit_fns                          - Undefined Weak Reference
    _clock_init                               - Undefined Weak Reference
    _fp_trap_init                             - Undefined Weak Reference
    _fp_trap_shutdown                         - Undefined Weak Reference
    _get_lc_collate                           - Undefined Weak Reference
    _get_lc_ctype                             - Undefined Weak Reference
    _get_lc_monetary                          - Undefined Weak Reference
    _get_lc_numeric                           - Undefined Weak Reference
    _get_lc_time                              - Undefined Weak Reference
    _getenv_init                              - Undefined Weak Reference
    _handle_redirection                       - Undefined Weak Reference
    _init_alloc                               - Undefined Weak Reference
    _init_user_alloc                          - Undefined Weak Reference
    _initio                                   - Undefined Weak Reference
    _rand_init                                - Undefined Weak Reference
    _signal_finish                            - Undefined Weak Reference
    _signal_init                              - Undefined Weak Reference
    _terminate_alloc                          - Undefined Weak Reference
    _terminate_user_alloc                     - Undefined Weak Reference
    _terminateio                              - Undefined Weak Reference
    __Vectors_Size                           0x00000150   Number         0  startup_stm32f10x_cl.o ABSOLUTE
    __Vectors                                0x08000000   Data           4  startup_stm32f10x_cl.o(RESET)
    __Vectors_End                            0x08000150   Data           0  startup_stm32f10x_cl.o(RESET)
    __main                                   0x08000151   Thumb Code     8  __main.o(!!!main)
    __scatterload                            0x08000159   Thumb Code     0  __scatter.o(!!!scatter)
    __scatterload_rt2                        0x08000159   Thumb Code    44  __scatter.o(!!!scatter)
    __scatterload_rt2_thumb_only             0x08000159   Thumb Code     0  __scatter.o(!!!scatter)
    __scatterload_null                       0x08000167   Thumb Code     0  __scatter.o(!!!scatter)
    __scatterload_copy                       0x0800018d   Thumb Code    26  __scatter_copy.o(!!handler_copy)
    __scatterload_zeroinit                   0x080001a9   Thumb Code    28  __scatter_zi.o(!!handler_zi)
    __rt_lib_init                            0x080001c5   Thumb Code     0  libinit.o(.ARM.Collect$$libinit$$00000000)
    __rt_lib_init_alloca_1                   0x080001c7   Thumb Code     0  libinit2.o(.ARM.Collect$$libinit$$0000002E)
    __rt_lib_init_argv_1                     0x080001c7   Thumb Code     0  libinit2.o(.ARM.Collect$$libinit$$0000002C)
    __rt_lib_init_atexit_1                   0x080001c7   Thumb Code     0  libinit2.o(.ARM.Collect$$libinit$$0000001B)
    __rt_lib_init_clock_1                    0x080001c7   Thumb Code     0  libinit2.o(.ARM.Collect$$libinit$$00000021)
    __rt_lib_init_cpp_1                      0x080001c7   Thumb Code     0  libinit2.o(.ARM.Collect$$libinit$$00000032)
    __rt_lib_init_exceptions_1               0x080001c7   Thumb Code     0  libinit2.o(.ARM.Collect$$libinit$$00000030)
    __rt_lib_init_fp_1                       0x080001c7   Thumb Code     0  libinit2.o(.ARM.Collect$$libinit$$00000002)
    __rt_lib_init_fp_trap_1                  0x080001c7   Thumb Code     0  libinit2.o(.ARM.Collect$$libinit$$0000001F)
    __rt_lib_init_getenv_1                   0x080001c7   Thumb Code     0  libinit2.o(.ARM.Collect$$libinit$$00000023)
    __rt_lib_init_heap_1                     0x080001c7   Thumb Code     0  libinit2.o(.ARM.Collect$$libinit$$0000000A)
    __rt_lib_init_lc_collate_1               0x080001c7   Thumb Code     0  libinit2.o(.ARM.Collect$$libinit$$00000011)
    __rt_lib_init_lc_ctype_1                 0x080001c7   Thumb Code     0  libinit2.o(.ARM.Collect$$libinit$$00000013)
    __rt_lib_init_lc_monetary_1              0x080001c7   Thumb Code     0  libinit2.o(.ARM.Collect$$libinit$$00000015)
    __rt_lib_init_lc_numeric_1               0x080001c7   Thumb Code     0  libinit2.o(.ARM.Collect$$libinit$$00000017)
    __rt_lib_init_lc_time_1                  0x080001c7   Thumb Code     0  libinit2.o(.ARM.Collect$$libinit$$00000019)
    __rt_lib_init_preinit_1                  0x080001c7   Thumb Code     0  libinit2.o(.ARM.Collect$$libinit$$00000004)
    __rt_lib_init_rand_1                     0x080001c7   Thumb Code     0  libinit2.o(.ARM.Collect$$libinit$$0000000E)
    __rt_lib_init_return                     0x080001c7   Thumb Code     0  libinit2.o(.ARM.Collect$$libinit$$00000033)
    __rt_lib_init_signal_1                   0x080001c7   Thumb Code     0  libinit2.o(.ARM.Collect$$libinit$$0000001D)
    __rt_lib_init_stdio_1                    0x080001c7   Thumb Code     0  libinit2.o(.ARM.Collect$$libinit$$00000025)
    __rt_lib_init_user_alloc_1               0x080001c7   Thumb Code     0  libinit2.o(.ARM.Collect$$libinit$$0000000C)
    __rt_lib_shutdown                        0x080001c9   Thumb Code     0  libshutdown.o(.ARM.Collect$$libshutdown$$00000000)
    __rt_lib_shutdown_cpp_1                  0x080001cb   Thumb Code     0  libshutdown2.o(.ARM.Collect$$libshutdown$$00000002)
    __rt_lib_shutdown_fp_trap_1              0x080001cb   Thumb Code     0  libshutdown2.o(.ARM.Collect$$libshutdown$$00000007)
    __rt_lib_shutdown_heap_1                 0x080001cb   Thumb Code     0  libshutdown2.o(.ARM.Collect$$libshutdown$$0000000F)
    __rt_lib_shutdown_return                 0x080001cb   Thumb Code     0  libshutdown2.o(.ARM.Collect$$libshutdown$$00000010)
    __rt_lib_shutdown_signal_1               0x080001cb   Thumb Code     0  libshutdown2.o(.ARM.Collect$$libshutdown$$0000000A)
    __rt_lib_shutdown_stdio_1                0x080001cb   Thumb Code     0  libshutdown2.o(.ARM.Collect$$libshutdown$$00000004)
    __rt_lib_shutdown_user_alloc_1           0x080001cb   Thumb Code     0  libshutdown2.o(.ARM.Collect$$libshutdown$$0000000C)
    __rt_entry                               0x080001cd   Thumb Code     0  __rtentry.o(.ARM.Collect$$rtentry$$00000000)
    __rt_entry_presh_1                       0x080001cd   Thumb Code     0  __rtentry2.o(.ARM.Collect$$rtentry$$00000002)
    __rt_entry_sh                            0x080001cd   Thumb Code     0  __rtentry4.o(.ARM.Collect$$rtentry$$00000004)
    __rt_entry_li                            0x080001d3   Thumb Code     0  __rtentry2.o(.ARM.Collect$$rtentry$$0000000A)
    __rt_entry_postsh_1                      0x080001d3   Thumb Code     0  __rtentry2.o(.ARM.Collect$$rtentry$$00000009)
    __rt_entry_main                          0x080001d7   Thumb Code     0  __rtentry2.o(.ARM.Collect$$rtentry$$0000000D)
    __rt_entry_postli_1                      0x080001d7   Thumb Code     0  __rtentry2.o(.ARM.Collect$$rtentry$$0000000C)
    __rt_exit                                0x080001df   Thumb Code     0  rtexit.o(.ARM.Collect$$rtexit$$00000000)
    __rt_exit_ls                             0x080001e1   Thumb Code     0  rtexit2.o(.ARM.Collect$$rtexit$$00000003)
    __rt_exit_prels_1                        0x080001e1   Thumb Code     0  rtexit2.o(.ARM.Collect$$rtexit$$00000002)
    __rt_exit_exit                           0x080001e5   Thumb Code     0  rtexit2.o(.ARM.Collect$$rtexit$$00000004)
    SVC_Handler                              0x080001ed   Thumb Code    32  port.o(.emb_text)
    __asm___6_port_c_39a90d8d__prvStartFirstTask 0x08000211   Thumb Code    28  port.o(.emb_text)
    PendSV_Handler                           0x08000231   Thumb Code    72  port.o(.emb_text)
    vPortGetIPSR                             0x0800027d   Thumb Code     6  port.o(.emb_text)
    Reset_Handler                            0x08000285   Thumb Code     8  startup_stm32f10x_cl.o(.text)
    NMI_Handler                              0x0800028d   Thumb Code     2  startup_stm32f10x_cl.o(.text)
    HardFault_Handler                        0x0800028f   Thumb Code     2  startup_stm32f10x_cl.o(.text)
    MemManage_Handler                        0x08000291   Thumb Code     2  startup_stm32f10x_cl.o(.text)
    BusFault_Handler                         0x08000293   Thumb Code     2  startup_stm32f10x_cl.o(.text)
    UsageFault_Handler                       0x08000295   Thumb Code     2  startup_stm32f10x_cl.o(.text)
    DebugMon_Handler                         0x08000299   Thumb Code     2  startup_stm32f10x_cl.o(.text)
    ADC1_2_IRQHandler                        0x0800029f   Thumb Code     0  startup_stm32f10x_cl.o(.text)
    CAN1_RX1_IRQHandler                      0x0800029f   Thumb Code     0  startup_stm32f10x_cl.o(.text)
    CAN1_SCE_IRQHandler                      0x0800029f   Thumb Code     0  startup_stm32f10x_cl.o(.text)
    CAN1_TX_IRQHandler                       0x0800029f   Thumb Code     0  startup_stm32f10x_cl.o(.text)
    CAN2_RX1_IRQHandler                      0x0800029f   Thumb Code     0  startup_stm32f10x_cl.o(.text)
    CAN2_SCE_IRQHandler                      0x0800029f   Thumb Code     0  startup_stm32f10x_cl.o(.text)
    CAN2_TX_IRQHandler                       0x0800029f   Thumb Code     0  startup_stm32f10x_cl.o(.text)
    DMA1_Channel1_IRQHandler                 0x0800029f   Thumb Code     0  startup_stm32f10x_cl.o(.text)
    DMA1_Channel2_IRQHandler                 0x0800029f   Thumb Code     0  startup_stm32f10x_cl.o(.text)
    DMA1_Channel3_IRQHandler                 0x0800029f   Thumb Code     0  startup_stm32f10x_cl.o(.text)
    DMA1_Channel4_IRQHandler                 0x0800029f   Thumb Code     0  startup_stm32f10x_cl.o(.text)
    DMA1_Channel5_IRQHandler                 0x0800029f   Thumb Code     0  startup_stm32f10x_cl.o(.text)
    DMA1_Channel6_IRQHandler                 0x0800029f   Thumb Code     0  startup_stm32f10x_cl.o(.text)
    DMA1_Channel7_IRQHandler                 0x0800029f   Thumb Code     0  startup_stm32f10x_cl.o(.text)
    DMA2_Channel1_IRQHandler                 0x0800029f   Thumb Code     0  startup_stm32f10x_cl.o(.text)
    DMA2_Channel2_IRQHandler                 0x0800029f   Thumb Code     0  startup_stm32f10x_cl.o(.text)
    DMA2_Channel3_IRQHandler                 0x0800029f   Thumb Code     0  startup_stm32f10x_cl.o(.text)
    DMA2_Channel4_IRQHandler                 0x0800029f   Thumb Code     0  startup_stm32f10x_cl.o(.text)
    DMA2_Channel5_IRQHandler                 0x0800029f   Thumb Code     0  startup_stm32f10x_cl.o(.text)
    ETH_IRQHandler                           0x0800029f   Thumb Code     0  startup_stm32f10x_cl.o(.text)
    ETH_WKUP_IRQHandler                      0x0800029f   Thumb Code     0  startup_stm32f10x_cl.o(.text)
    EXTI0_IRQHandler                         0x0800029f   Thumb Code     0  startup_stm32f10x_cl.o(.text)
    EXTI1_IRQHandler                         0x0800029f   Thumb Code     0  startup_stm32f10x_cl.o(.text)
    EXTI2_IRQHandler                         0x0800029f   Thumb Code     0  startup_stm32f10x_cl.o(.text)
    EXTI3_IRQHandler                         0x0800029f   Thumb Code     0  startup_stm32f10x_cl.o(.text)
    EXTI4_IRQHandler                         0x0800029f   Thumb Code     0  startup_stm32f10x_cl.o(.text)
    EXTI9_5_IRQHandler                       0x0800029f   Thumb Code     0  startup_stm32f10x_cl.o(.text)
    FLASH_IRQHandler                         0x0800029f   Thumb Code     0  startup_stm32f10x_cl.o(.text)
    I2C2_ER_IRQHandler                       0x0800029f   Thumb Code     0  startup_stm32f10x_cl.o(.text)
    I2C2_EV_IRQHandler                       0x0800029f   Thumb Code     0  startup_stm32f10x_cl.o(.text)
    OTG_FS_IRQHandler                        0x0800029f   Thumb Code     0  startup_stm32f10x_cl.o(.text)
    OTG_FS_WKUP_IRQHandler                   0x0800029f   Thumb Code     0  startup_stm32f10x_cl.o(.text)
    PVD_IRQHandler                           0x0800029f   Thumb Code     0  startup_stm32f10x_cl.o(.text)
    RCC_IRQHandler                           0x0800029f   Thumb Code     0  startup_stm32f10x_cl.o(.text)
    RTCAlarm_IRQHandler                      0x0800029f   Thumb Code     0  startup_stm32f10x_cl.o(.text)
    RTC_IRQHandler                           0x0800029f   Thumb Code     0  startup_stm32f10x_cl.o(.text)
    SPI1_IRQHandler                          0x0800029f   Thumb Code     0  startup_stm32f10x_cl.o(.text)
    SPI2_IRQHandler                          0x0800029f   Thumb Code     0  startup_stm32f10x_cl.o(.text)
    SPI3_IRQHandler                          0x0800029f   Thumb Code     0  startup_stm32f10x_cl.o(.text)
    TAMPER_IRQHandler                        0x0800029f   Thumb Code     0  startup_stm32f10x_cl.o(.text)
    TIM1_BRK_IRQHandler                      0x0800029f   Thumb Code     0  startup_stm32f10x_cl.o(.text)
    TIM1_CC_IRQHandler                       0x0800029f   Thumb Code     0  startup_stm32f10x_cl.o(.text)
    TIM1_TRG_COM_IRQHandler                  0x0800029f   Thumb Code     0  startup_stm32f10x_cl.o(.text)
    TIM1_UP_IRQHandler                       0x0800029f   Thumb Code     0  startup_stm32f10x_cl.o(.text)
    TIM2_IRQHandler                          0x0800029f   Thumb Code     0  startup_stm32f10x_cl.o(.text)
    TIM4_IRQHandler                          0x0800029f   Thumb Code     0  startup_stm32f10x_cl.o(.text)
    TIM5_IRQHandler                          0x0800029f   Thumb Code     0  startup_stm32f10x_cl.o(.text)
    TIM6_IRQHandler                          0x0800029f   Thumb Code     0  startup_stm32f10x_cl.o(.text)
    TIM7_IRQHandler                          0x0800029f   Thumb Code     0  startup_stm32f10x_cl.o(.text)
    UART4_IRQHandler                         0x0800029f   Thumb Code     0  startup_stm32f10x_cl.o(.text)
    UART5_IRQHandler                         0x0800029f   Thumb Code     0  startup_stm32f10x_cl.o(.text)
    USART3_IRQHandler                        0x0800029f   Thumb Code     0  startup_stm32f10x_cl.o(.text)
    __user_initial_stackheap                 0x080002a1   Thumb Code     0  startup_stm32f10x_cl.o(.text)
    __use_no_semihosting                     0x080002c5   Thumb Code     2  use_no_semi_2.o(.text)
    __aeabi_assert                           0x080002c9   Thumb Code    86  assert.o(.text)
    __assert                                 0x080002c9   Thumb Code     0  assert.o(.text)
    __aeabi_memcpy                           0x08000349   Thumb Code     0  rt_memcpy_v6.o(.text)
    __rt_memcpy                              0x08000349   Thumb Code   138  rt_memcpy_v6.o(.text)
    _memcpy_lastbytes                        0x080003af   Thumb Code     0  rt_memcpy_v6.o(.text)
    __aeabi_memset                           0x080003d3   Thumb Code    16  aeabi_memset.o(.text)
    __aeabi_memclr4                          0x080003e3   Thumb Code     0  rt_memclr_w.o(.text)
    __aeabi_memclr8                          0x080003e3   Thumb Code     0  rt_memclr_w.o(.text)
    __rt_memclr_w                            0x080003e3   Thumb Code    78  rt_memclr_w.o(.text)
    _memset_w                                0x080003e7   Thumb Code     0  rt_memclr_w.o(.text)
    __use_two_region_memory                  0x08000431   Thumb Code     2  heapauxi.o(.text)
    __rt_heap_escrow$2region                 0x08000433   Thumb Code     2  heapauxi.o(.text)
    __rt_heap_expand$2region                 0x08000435   Thumb Code     2  heapauxi.o(.text)
    __I$use$semihosting                      0x08000437   Thumb Code     0  use_no_semi.o(.text)
    __use_no_semihosting_swi                 0x08000437   Thumb Code     2  use_no_semi.o(.text)
    abort                                    0x08000439   Thumb Code    22  abort.o(.text)
    __assert_puts                            0x0800044f   Thumb Code    20  assert_puts.o(.text)
    __aeabi_memcpy4                          0x08000463   Thumb Code     0  rt_memcpy_w.o(.text)
    __aeabi_memcpy8                          0x08000463   Thumb Code     0  rt_memcpy_w.o(.text)
    __rt_memcpy_w                            0x08000463   Thumb Code   100  rt_memcpy_w.o(.text)
    _memcpy_lastbytes_aligned                0x080004ab   Thumb Code     0  rt_memcpy_w.o(.text)
    __aeabi_memclr                           0x080004c7   Thumb Code     0  rt_memclr.o(.text)
    __rt_memclr                              0x080004c7   Thumb Code    68  rt_memclr.o(.text)
    _memset                                  0x080004cb   Thumb Code     0  rt_memclr.o(.text)
    __rt_SIGABRT                             0x0800050b   Thumb Code    14  defsig_abrt_outer.o(.text)
    __user_setup_stackheap                   0x08000519   Thumb Code    74  sys_stackheap_outer.o(.text)
    exit                                     0x08000563   Thumb Code    18  exit.o(.text)
    __sig_exit                               0x08000575   Thumb Code    10  defsig_exit.o(.text)
    __rt_SIGABRT_inner                       0x08000581   Thumb Code    14  defsig_abrt_inner.o(.text)
    __user_libspace                          0x080005b1   Thumb Code     8  libspace.o(.text)
    __user_perproc_libspace                  0x080005b1   Thumb Code     0  libspace.o(.text)
    __user_perthread_libspace                0x080005b1   Thumb Code     0  libspace.o(.text)
    __default_signal_display                 0x080005b9   Thumb Code    50  defsig_general.o(.text)
    CAN1_RX0_IRQHandler                      0x080005eb   Thumb Code    10  can_stm32f10x.o(i.CAN1_RX0_IRQHandler)
    CAN2_RX0_IRQHandler                      0x080005f5   Thumb Code    10  can_stm32f10x.o(i.CAN2_RX0_IRQHandler)
    CAN_CancelTransmit                       0x080005ff   Thumb Code    48  stm32f10x_can.o(i.CAN_CancelTransmit)
    CAN_DeInit                               0x08000631   Thumb Code    50  stm32f10x_can.o(i.CAN_DeInit)
    CAN_FilterInit                           0x08000669   Thumb Code   258  stm32f10x_can.o(i.CAN_FilterInit)
    CAN_ITConfig                             0x08000771   Thumb Code    18  stm32f10x_can.o(i.CAN_ITConfig)
    CAN_Init                                 0x08000783   Thumb Code   276  stm32f10x_can.o(i.CAN_Init)
    CAN_MessagePending                       0x08000897   Thumb Code    30  stm32f10x_can.o(i.CAN_MessagePending)
    CAN_Receive                              0x080008b5   Thumb Code   240  stm32f10x_can.o(i.CAN_Receive)
    CAN_SlaveStartBank                       0x080009a5   Thumb Code    48  stm32f10x_can.o(i.CAN_SlaveStartBank)
    CAN_Sleep                                0x080009d9   Thumb Code    30  stm32f10x_can.o(i.CAN_Sleep)
    CAN_StructInit                           0x080009f7   Thumb Code    32  stm32f10x_can.o(i.CAN_StructInit)
    CAN_Transmit                             0x08000a17   Thumb Code   294  stm32f10x_can.o(i.CAN_Transmit)
    CAN_TransmitStatus                       0x08000b3d   Thumb Code   138  stm32f10x_can.o(i.CAN_TransmitStatus)
    CAN_WakeUp                               0x08000bdd   Thumb Code    48  stm32f10x_can.o(i.CAN_WakeUp)
    EXTI15_10_IRQHandler                     0x08000c0d   Thumb Code    22  board_stm32f10x.o(i.EXTI15_10_IRQHandler)
    EXTI_ClearITPendingBit                   0x08000c25   Thumb Code     6  stm32f10x_exti.o(i.EXTI_ClearITPendingBit)
    EXTI_GetITStatus                         0x08000c31   Thumb Code    34  stm32f10x_exti.o(i.EXTI_GetITStatus)
    EXTI_Init                                0x08000c59   Thumb Code   142  stm32f10x_exti.o(i.EXTI_Init)
    FLASH_ErasePage                          0x08000ced   Thumb Code    72  stm32f10x_flash.o(i.FLASH_ErasePage)
    FLASH_GetBank1Status                     0x08000d39   Thumb Code    48  stm32f10x_flash.o(i.FLASH_GetBank1Status)
    FLASH_Lock                               0x08000d6d   Thumb Code    14  stm32f10x_flash.o(i.FLASH_Lock)
    FLASH_ProgramHalfWord                    0x08000d81   Thumb Code    60  stm32f10x_flash.o(i.FLASH_ProgramHalfWord)
    FLASH_ProgramWord                        0x08000dc1   Thumb Code   102  stm32f10x_flash.o(i.FLASH_ProgramWord)
    FLASH_Unlock                             0x08000e2d   Thumb Code    12  stm32f10x_flash.o(i.FLASH_Unlock)
    FLASH_WaitForLastOperation               0x08000e45   Thumb Code    38  stm32f10x_flash.o(i.FLASH_WaitForLastOperation)
    GPIO_EXTILineConfig                      0x08000e6d   Thumb Code    60  stm32f10x_gpio.o(i.GPIO_EXTILineConfig)
    GPIO_Init                                0x08000ead   Thumb Code   278  stm32f10x_gpio.o(i.GPIO_Init)
    GPIO_PinRemapConfig                      0x08000fc5   Thumb Code   138  stm32f10x_gpio.o(i.GPIO_PinRemapConfig)
    GPIO_ReadOutputDataBit                   0x08001055   Thumb Code    18  stm32f10x_gpio.o(i.GPIO_ReadOutputDataBit)
    GPIO_WriteBit                            0x08001067   Thumb Code    10  stm32f10x_gpio.o(i.GPIO_WriteBit)
    I2C1_ER_IRQHandler                       0x08001071   Thumb Code     2  i2c_stm32f10x.o(i.I2C1_ER_IRQHandler)
    I2C1_EV_IRQHandler                       0x08001073   Thumb Code     2  i2c_stm32f10x.o(i.I2C1_EV_IRQHandler)
    NVIC_Init                                0x08001075   Thumb Code   100  misc.o(i.NVIC_Init)
    PWR_EnterSTOPMode                        0x080010e5   Thumb Code    54  stm32f10x_pwr.o(i.PWR_EnterSTOPMode)
    RCC_APB1PeriphClockCmd                   0x08001125   Thumb Code    26  stm32f10x_rcc.o(i.RCC_APB1PeriphClockCmd)
    RCC_APB1PeriphResetCmd                   0x08001145   Thumb Code    26  stm32f10x_rcc.o(i.RCC_APB1PeriphResetCmd)
    RCC_APB2PeriphClockCmd                   0x08001165   Thumb Code    26  stm32f10x_rcc.o(i.RCC_APB2PeriphClockCmd)
    RCC_GetClocksFreq                        0x08001185   Thumb Code   374  stm32f10x_rcc.o(i.RCC_GetClocksFreq)
    SysTick_Handler                          0x080013f9   Thumb Code    12  board_stm32f10x.o(i.SysTick_Handler)
    SystemCoreClockUpdate                    0x08001409   Thumb Code   232  system_stm32f10x.o(i.SystemCoreClockUpdate)
    SystemInit                               0x08001505   Thumb Code    92  system_stm32f10x.o(i.SystemInit)
    TIM3_IRQHandler                          0x08001571   Thumb Code    10  timer_stm32f10x.o(i.TIM3_IRQHandler)
    TIM_ClearITPendingBit                    0x0800157b   Thumb Code     6  stm32f10x_tim.o(i.TIM_ClearITPendingBit)
    TIM_Cmd                                  0x08001581   Thumb Code    24  stm32f10x_tim.o(i.TIM_Cmd)
    TIM_GetITStatus                          0x08001599   Thumb Code    34  stm32f10x_tim.o(i.TIM_GetITStatus)
    TIM_ITConfig                             0x080015bb   Thumb Code    18  stm32f10x_tim.o(i.TIM_ITConfig)
    TIM_TimeBaseInit                         0x080015cd   Thumb Code   122  stm32f10x_tim.o(i.TIM_TimeBaseInit)
    USART1_IRQHandler                        0x08001671   Thumb Code    10  uart_stm32f10x.o(i.USART1_IRQHandler)
    USART2_IRQHandler                        0x0800167b   Thumb Code    10  uart_stm32f10x.o(i.USART2_IRQHandler)
    USART_ClearFlag                          0x08001685   Thumb Code    18  stm32f10x_usart.o(i.USART_ClearFlag)
    USART_ClearITPendingBit                  0x08001697   Thumb Code    30  stm32f10x_usart.o(i.USART_ClearITPendingBit)
    USART_Cmd                                0x080016b5   Thumb Code    24  stm32f10x_usart.o(i.USART_Cmd)
    USART_GetFlagStatus                      0x080016cd   Thumb Code    26  stm32f10x_usart.o(i.USART_GetFlagStatus)
    USART_GetITStatus                        0x080016e7   Thumb Code    84  stm32f10x_usart.o(i.USART_GetITStatus)
    USART_ITConfig                           0x0800173b   Thumb Code    74  stm32f10x_usart.o(i.USART_ITConfig)
    USART_Init                               0x08001785   Thumb Code   210  stm32f10x_usart.o(i.USART_Init)
    USART_ReceiveData                        0x0800185d   Thumb Code    10  stm32f10x_usart.o(i.USART_ReceiveData)
    USART_SendData                           0x08001867   Thumb Code     8  stm32f10x_usart.o(i.USART_SendData)
    WWDG_ClearFlag                           0x08001871   Thumb Code     8  stm32f10x_wwdg.o(i.WWDG_ClearFlag)
    WWDG_Enable                              0x0800187d   Thumb Code    10  stm32f10x_wwdg.o(i.WWDG_Enable)
    WWDG_EnableIT                            0x0800188d   Thumb Code     8  stm32f10x_wwdg.o(i.WWDG_EnableIT)
    WWDG_IRQHandler                          0x08001899   Thumb Code     4  board_stm32f10x.o(i.WWDG_IRQHandler)
    WWDG_SetCounter                          0x0800189d   Thumb Code    10  stm32f10x_wwdg.o(i.WWDG_SetCounter)
    WWDG_SetPrescaler                        0x080018ad   Thumb Code    18  stm32f10x_wwdg.o(i.WWDG_SetPrescaler)
    WWDG_SetWindowValue                      0x080018c5   Thumb Code    34  stm32f10x_wwdg.o(i.WWDG_SetWindowValue)
    _sys_exit                                0x080018ed   Thumb Code     4  uart.o(i._sys_exit)
    _ttywrch                                 0x080018f1   Thumb Code     4  uart.o(i._ttywrch)
    can_init                                 0x080018f5   Thumb Code   592  can_stm32f10x.o(i.can_init)
    can_pwr_mode_trans                       0x08001cb9   Thumb Code    64  can_stm32f10x.o(i.can_pwr_mode_trans)
    can_receive                              0x08001d39   Thumb Code   172  can.o(i.can_receive)
    can_send                                 0x08001e35   Thumb Code   140  can_stm32f10x.o(i.can_send)
    delay                                    0x08001f11   Thumb Code    20  board_stm32f10x.o(i.delay)
    flash_ctrl_deinit                        0x08001f29   Thumb Code     4  flash_ctrl_stm32f10x.o(i.flash_ctrl_deinit)
    flash_ctrl_erase_sector                  0x08001f2d   Thumb Code   120  flash_ctrl_stm32f10x.o(i.flash_ctrl_erase_sector)
    flash_ctrl_init                          0x08001fd9   Thumb Code     4  flash_ctrl_stm32f10x.o(i.flash_ctrl_init)
    flash_ctrl_program                       0x08001fdd   Thumb Code   134  flash_ctrl_stm32f10x.o(i.flash_ctrl_program)
    flash_ctrl_program_verify                0x080020a9   Thumb Code   114  flash_ctrl_stm32f10x.o(i.flash_ctrl_program_verify)
    flash_ctrl_verify_sector                 0x08002151   Thumb Code   102  flash_ctrl_stm32f10x.o(i.flash_ctrl_verify_sector)
    flash_ctrl_write_e2                      0x080021ed   Thumb Code     6  flash_ctrl_stm32f10x.o(i.flash_ctrl_write_e2)
    gpio_init                                0x0800234d   Thumb Code   216  board_stm32f10x.o(i.gpio_init)
    main                                     0x0800242d   Thumb Code    26  main.o(i.main)
    pwr_mode_trans                           0x0800244d   Thumb Code    92  board_stm32f10x.o(i.pwr_mode_trans)
    sys_init                                 0x080024a9   Thumb Code    90  board_stm32f10x.o(i.sys_init)
    sys_reset                                0x08002511   Thumb Code    38  board_stm32f10x.o(i.sys_reset)
    sys_time                                 0x08002541   Thumb Code     6  board_stm32f10x.o(i.sys_time)
    test                                     0x0800254d   Thumb Code   336  test.o(i.test)
    timer_init                               0x080027d9   Thumb Code   178  timer_stm32f10x.o(i.timer_init)
    timer_irq_callback                       0x080028d5   Thumb Code    34  test.o(i.timer_irq_callback)
    timer_start                              0x08002929   Thumb Code    36  timer_stm32f10x.o(i.timer_start)
    timer_stop                               0x08002991   Thumb Code    36  timer_stm32f10x.o(i.timer_stop)
    uart_init                                0x080029f9   Thumb Code   332  uart_stm32f10x.o(i.uart_init)
    uart_receive                             0x08002c21   Thumb Code   114  uart.o(i.uart_receive)
    uart_send                                0x08002cdd   Thumb Code    94  uart_stm32f10x.o(i.uart_send)
    vTaskSwitchContext                       0x08002d91   Thumb Code   118  tasks.o(i.vTaskSwitchContext)
    wdog_enable                              0x08002e1d   Thumb Code    68  board_stm32f10x.o(i.wdog_enable)
    wdog_refresh                             0x08002e61   Thumb Code    12  board_stm32f10x.o(i.wdog_refresh)
    Region$$Table$$Base                      0x08003094   Number         0  anon$$obj.o(Region$$Table)
    Region$$Table$$Limit                     0x080030b4   Number         0  anon$$obj.o(Region$$Table)
    SystemCoreClock                          0x20000000   Data           4  system_stm32f10x.o(.data)
    AHBPrescTable                            0x20000004   Data          16  system_stm32f10x.o(.data)
    pxCurrentTCB                             0x20000028   Data           4  tasks.o(.data)
    g_can_rx_queue_head                      0x20000068   Data           2  can_stm32f10x.o(.data)
    g_can_rx_queue_tail                      0x2000006a   Data           2  can_stm32f10x.o(.data)
    g_uart_rx_queue_head                     0x2000009c   Data           4  uart_stm32f10x.o(.data)
    g_uart_rx_queue_tail                     0x200000a0   Data           4  uart_stm32f10x.o(.data)
    exit_code                                0x200000c4   Data           4  main.o(.data)
    g_can_rx_queue                           0x200001b8   Data         320  can_stm32f10x.o(.bss)
    g_uart_rx_queue                          0x200002f8   Data        2000  uart_stm32f10x.o(.bss)
    __libspace_start                         0x20000ac8   Data          96  libspace.o(.bss)
    __temporary_stack_top$libspace           0x20000b28   Data           0  libspace.o(.bss)



==============================================================================

Memory Map of the image

  Image Entry point : 0x08000151

  Load Region LR_IROM1 (Base: 0x08000000, Size: 0x0000317c, Max: 0x00040000, ABSOLUTE)

    Execution Region ER_IROM1 (Exec base: 0x08000000, Load base: 0x08000000, Size: 0x000030b4, Max: 0x00040000, ABSOLUTE)

    Exec Addr    Load Addr    Size         Type   Attr      Idx    E Section Name        Object

    0x08000000   0x08000000   0x00000150   Data   RO            3    RESET               startup_stm32f10x_cl.o
    0x08000150   0x08000150   0x00000008   Code   RO         5017  * !!!main             c_w.l(__main.o)
    0x08000158   0x08000158   0x00000034   Code   RO         5182    !!!scatter          c_w.l(__scatter.o)
    0x0800018c   0x0800018c   0x0000001a   Code   RO         5184    !!handler_copy      c_w.l(__scatter_copy.o)
    0x080001a6   0x080001a6   0x00000002   PAD
    0x080001a8   0x080001a8   0x0000001c   Code   RO         5186    !!handler_zi        c_w.l(__scatter_zi.o)
    0x080001c4   0x080001c4   0x00000002   Code   RO         5064    .ARM.Collect$$libinit$$00000000  c_w.l(libinit.o)
    0x080001c6   0x080001c6   0x00000000   Code   RO         5075    .ARM.Collect$$libinit$$00000002  c_w.l(libinit2.o)
    0x080001c6   0x080001c6   0x00000000   Code   RO         5077    .ARM.Collect$$libinit$$00000004  c_w.l(libinit2.o)
    0x080001c6   0x080001c6   0x00000000   Code   RO         5080    .ARM.Collect$$libinit$$0000000A  c_w.l(libinit2.o)
    0x080001c6   0x080001c6   0x00000000   Code   RO         5082    .ARM.Collect$$libinit$$0000000C  c_w.l(libinit2.o)
    0x080001c6   0x080001c6   0x00000000   Code   RO         5084    .ARM.Collect$$libinit$$0000000E  c_w.l(libinit2.o)
    0x080001c6   0x080001c6   0x00000000   Code   RO         5087    .ARM.Collect$$libinit$$00000011  c_w.l(libinit2.o)
    0x080001c6   0x080001c6   0x00000000   Code   RO         5089    .ARM.Collect$$libinit$$00000013  c_w.l(libinit2.o)
    0x080001c6   0x080001c6   0x00000000   Code   RO         5091    .ARM.Collect$$libinit$$00000015  c_w.l(libinit2.o)
    0x080001c6   0x080001c6   0x00000000   Code   RO         5093    .ARM.Collect$$libinit$$00000017  c_w.l(libinit2.o)
    0x080001c6   0x080001c6   0x00000000   Code   RO         5095    .ARM.Collect$$libinit$$00000019  c_w.l(libinit2.o)
    0x080001c6   0x080001c6   0x00000000   Code   RO         5097    .ARM.Collect$$libinit$$0000001B  c_w.l(libinit2.o)
    0x080001c6   0x080001c6   0x00000000   Code   RO         5099    .ARM.Collect$$libinit$$0000001D  c_w.l(libinit2.o)
    0x080001c6   0x080001c6   0x00000000   Code   RO         5101    .ARM.Collect$$libinit$$0000001F  c_w.l(libinit2.o)
    0x080001c6   0x080001c6   0x00000000   Code   RO         5103    .ARM.Collect$$libinit$$00000021  c_w.l(libinit2.o)
    0x080001c6   0x080001c6   0x00000000   Code   RO         5105    .ARM.Collect$$libinit$$00000023  c_w.l(libinit2.o)
    0x080001c6   0x080001c6   0x00000000   Code   RO         5107    .ARM.Collect$$libinit$$00000025  c_w.l(libinit2.o)
    0x080001c6   0x080001c6   0x00000000   Code   RO         5111    .ARM.Collect$$libinit$$0000002C  c_w.l(libinit2.o)
    0x080001c6   0x080001c6   0x00000000   Code   RO         5113    .ARM.Collect$$libinit$$0000002E  c_w.l(libinit2.o)
    0x080001c6   0x080001c6   0x00000000   Code   RO         5115    .ARM.Collect$$libinit$$00000030  c_w.l(libinit2.o)
    0x080001c6   0x080001c6   0x00000000   Code   RO         5117    .ARM.Collect$$libinit$$00000032  c_w.l(libinit2.o)
    0x080001c6   0x080001c6   0x00000002   Code   RO         5118    .ARM.Collect$$libinit$$00000033  c_w.l(libinit2.o)
    0x080001c8   0x080001c8   0x00000002   Code   RO         5154    .ARM.Collect$$libshutdown$$00000000  c_w.l(libshutdown.o)
    0x080001ca   0x080001ca   0x00000000   Code   RO         5164    .ARM.Collect$$libshutdown$$00000002  c_w.l(libshutdown2.o)
    0x080001ca   0x080001ca   0x00000000   Code   RO         5166    .ARM.Collect$$libshutdown$$00000004  c_w.l(libshutdown2.o)
    0x080001ca   0x080001ca   0x00000000   Code   RO         5169    .ARM.Collect$$libshutdown$$00000007  c_w.l(libshutdown2.o)
    0x080001ca   0x080001ca   0x00000000   Code   RO         5172    .ARM.Collect$$libshutdown$$0000000A  c_w.l(libshutdown2.o)
    0x080001ca   0x080001ca   0x00000000   Code   RO         5174    .ARM.Collect$$libshutdown$$0000000C  c_w.l(libshutdown2.o)
    0x080001ca   0x080001ca   0x00000000   Code   RO         5177    .ARM.Collect$$libshutdown$$0000000F  c_w.l(libshutdown2.o)
    0x080001ca   0x080001ca   0x00000002   Code   RO         5178    .ARM.Collect$$libshutdown$$00000010  c_w.l(libshutdown2.o)
    0x080001cc   0x080001cc   0x00000000   Code   RO         5021    .ARM.Collect$$rtentry$$00000000  c_w.l(__rtentry.o)
    0x080001cc   0x080001cc   0x00000000   Code   RO         5031    .ARM.Collect$$rtentry$$00000002  c_w.l(__rtentry2.o)
    0x080001cc   0x080001cc   0x00000006   Code   RO         5043    .ARM.Collect$$rtentry$$00000004  c_w.l(__rtentry4.o)
    0x080001d2   0x080001d2   0x00000000   Code   RO         5033    .ARM.Collect$$rtentry$$00000009  c_w.l(__rtentry2.o)
    0x080001d2   0x080001d2   0x00000004   Code   RO         5034    .ARM.Collect$$rtentry$$0000000A  c_w.l(__rtentry2.o)
    0x080001d6   0x080001d6   0x00000000   Code   RO         5036    .ARM.Collect$$rtentry$$0000000C  c_w.l(__rtentry2.o)
    0x080001d6   0x080001d6   0x00000008   Code   RO         5037    .ARM.Collect$$rtentry$$0000000D  c_w.l(__rtentry2.o)
    0x080001de   0x080001de   0x00000002   Code   RO         5068    .ARM.Collect$$rtexit$$00000000  c_w.l(rtexit.o)
    0x080001e0   0x080001e0   0x00000000   Code   RO         5120    .ARM.Collect$$rtexit$$00000002  c_w.l(rtexit2.o)
    0x080001e0   0x080001e0   0x00000004   Code   RO         5121    .ARM.Collect$$rtexit$$00000003  c_w.l(rtexit2.o)
    0x080001e4   0x080001e4   0x00000006   Code   RO         5122    .ARM.Collect$$rtexit$$00000004  c_w.l(rtexit2.o)
    0x080001ea   0x080001ea   0x00000002   PAD
    0x080001ec   0x080001ec   0x00000096   Code   RO         4236    .emb_text           port.o
    0x08000282   0x08000282   0x00000002   PAD
    0x08000284   0x08000284   0x00000040   Code   RO            4    .text               startup_stm32f10x_cl.o
    0x080002c4   0x080002c4   0x00000002   Code   RO         5003    .text               c_w.l(use_no_semi_2.o)
    0x080002c6   0x080002c6   0x00000002   PAD
    0x080002c8   0x080002c8   0x00000080   Code   RO         5005    .text               c_w.l(assert.o)
    0x08000348   0x08000348   0x0000008a   Code   RO         5007    .text               c_w.l(rt_memcpy_v6.o)
    0x080003d2   0x080003d2   0x00000010   Code   RO         5011    .text               c_w.l(aeabi_memset.o)
    0x080003e2   0x080003e2   0x0000004e   Code   RO         5013    .text               c_w.l(rt_memclr_w.o)
    0x08000430   0x08000430   0x00000006   Code   RO         5015    .text               c_w.l(heapauxi.o)
    0x08000436   0x08000436   0x00000002   Code   RO         5019    .text               c_w.l(use_no_semi.o)
    0x08000438   0x08000438   0x00000016   Code   RO         5022    .text               c_w.l(abort.o)
    0x0800044e   0x0800044e   0x00000014   Code   RO         5024    .text               c_w.l(assert_puts.o)
    0x08000462   0x08000462   0x00000064   Code   RO         5026    .text               c_w.l(rt_memcpy_w.o)
    0x080004c6   0x080004c6   0x00000044   Code   RO         5028    .text               c_w.l(rt_memclr.o)
    0x0800050a   0x0800050a   0x0000000e   Code   RO         5045    .text               c_w.l(defsig_abrt_outer.o)
    0x08000518   0x08000518   0x0000004a   Code   RO         5049    .text               c_w.l(sys_stackheap_outer.o)
    0x08000562   0x08000562   0x00000012   Code   RO         5053    .text               c_w.l(exit.o)
    0x08000574   0x08000574   0x0000000a   Code   RO         5055    .text               c_w.l(defsig_exit.o)
    0x0800057e   0x0800057e   0x00000002   PAD
    0x08000580   0x08000580   0x00000030   Code   RO         5057    .text               c_w.l(defsig_abrt_inner.o)
    0x080005b0   0x080005b0   0x00000008   Code   RO         5065    .text               c_w.l(libspace.o)
    0x080005b8   0x080005b8   0x00000032   Code   RO         5072    .text               c_w.l(defsig_general.o)
    0x080005ea   0x080005ea   0x0000000a   Code   RO         4568    i.CAN1_RX0_IRQHandler  can_stm32f10x.o
    0x080005f4   0x080005f4   0x0000000a   Code   RO         4569    i.CAN2_RX0_IRQHandler  can_stm32f10x.o
    0x080005fe   0x080005fe   0x00000030   Code   RO          467    i.CAN_CancelTransmit  stm32f10x_can.o
    0x0800062e   0x0800062e   0x00000002   PAD
    0x08000630   0x08000630   0x00000038   Code   RO          471    i.CAN_DeInit        stm32f10x_can.o
    0x08000668   0x08000668   0x00000108   Code   RO          473    i.CAN_FilterInit    stm32f10x_can.o
    0x08000770   0x08000770   0x00000012   Code   RO          479    i.CAN_ITConfig      stm32f10x_can.o
    0x08000782   0x08000782   0x00000114   Code   RO          480    i.CAN_Init          stm32f10x_can.o
    0x08000896   0x08000896   0x0000001e   Code   RO          481    i.CAN_MessagePending  stm32f10x_can.o
    0x080008b4   0x080008b4   0x000000f0   Code   RO          483    i.CAN_Receive       stm32f10x_can.o
    0x080009a4   0x080009a4   0x00000034   Code   RO          484    i.CAN_SlaveStartBank  stm32f10x_can.o
    0x080009d8   0x080009d8   0x0000001e   Code   RO          485    i.CAN_Sleep         stm32f10x_can.o
    0x080009f6   0x080009f6   0x00000020   Code   RO          486    i.CAN_StructInit    stm32f10x_can.o
    0x08000a16   0x08000a16   0x00000126   Code   RO          488    i.CAN_Transmit      stm32f10x_can.o
    0x08000b3c   0x08000b3c   0x000000a0   Code   RO          489    i.CAN_TransmitStatus  stm32f10x_can.o
    0x08000bdc   0x08000bdc   0x00000030   Code   RO          490    i.CAN_WakeUp        stm32f10x_can.o
    0x08000c0c   0x08000c0c   0x00000016   Code   RO         4475    i.EXTI15_10_IRQHandler  board_stm32f10x.o
    0x08000c22   0x08000c22   0x00000002   PAD
    0x08000c24   0x08000c24   0x0000000c   Code   RO          929    i.EXTI_ClearITPendingBit  stm32f10x_exti.o
    0x08000c30   0x08000c30   0x00000028   Code   RO          933    i.EXTI_GetITStatus  stm32f10x_exti.o
    0x08000c58   0x08000c58   0x00000094   Code   RO          934    i.EXTI_Init         stm32f10x_exti.o
    0x08000cec   0x08000cec   0x0000004c   Code   RO          987    i.FLASH_ErasePage   stm32f10x_flash.o
    0x08000d38   0x08000d38   0x00000034   Code   RO          988    i.FLASH_GetBank1Status  stm32f10x_flash.o
    0x08000d6c   0x08000d6c   0x00000014   Code   RO          997    i.FLASH_Lock        stm32f10x_flash.o
    0x08000d80   0x08000d80   0x00000040   Code   RO         1000    i.FLASH_ProgramHalfWord  stm32f10x_flash.o
    0x08000dc0   0x08000dc0   0x0000006c   Code   RO         1002    i.FLASH_ProgramWord  stm32f10x_flash.o
    0x08000e2c   0x08000e2c   0x00000018   Code   RO         1005    i.FLASH_Unlock      stm32f10x_flash.o
    0x08000e44   0x08000e44   0x00000026   Code   RO         1009    i.FLASH_WaitForLastOperation  stm32f10x_flash.o
    0x08000e6a   0x08000e6a   0x00000002   PAD
    0x08000e6c   0x08000e6c   0x00000040   Code   RO         1279    i.GPIO_EXTILineConfig  stm32f10x_gpio.o
    0x08000eac   0x08000eac   0x00000116   Code   RO         1282    i.GPIO_Init         stm32f10x_gpio.o
    0x08000fc2   0x08000fc2   0x00000002   PAD
    0x08000fc4   0x08000fc4   0x00000090   Code   RO         1284    i.GPIO_PinRemapConfig  stm32f10x_gpio.o
    0x08001054   0x08001054   0x00000012   Code   RO         1288    i.GPIO_ReadOutputDataBit  stm32f10x_gpio.o
    0x08001066   0x08001066   0x0000000a   Code   RO         1293    i.GPIO_WriteBit     stm32f10x_gpio.o
    0x08001070   0x08001070   0x00000002   Code   RO         4692    i.I2C1_ER_IRQHandler  i2c_stm32f10x.o
    0x08001072   0x08001072   0x00000002   Code   RO         4693    i.I2C1_EV_IRQHandler  i2c_stm32f10x.o
    0x08001074   0x08001074   0x00000070   Code   RO          127    i.NVIC_Init         misc.o
    0x080010e4   0x080010e4   0x00000040   Code   RO         1640    i.PWR_EnterSTOPMode  stm32f10x_pwr.o
    0x08001124   0x08001124   0x00000020   Code   RO         1699    i.RCC_APB1PeriphClockCmd  stm32f10x_rcc.o
    0x08001144   0x08001144   0x00000020   Code   RO         1700    i.RCC_APB1PeriphResetCmd  stm32f10x_rcc.o
    0x08001164   0x08001164   0x00000020   Code   RO         1701    i.RCC_APB2PeriphClockCmd  stm32f10x_rcc.o
    0x08001184   0x08001184   0x0000018c   Code   RO         1709    i.RCC_GetClocksFreq  stm32f10x_rcc.o
    0x08001310   0x08001310   0x00000008   Code   RO           10    i.SetSysClock       system_stm32f10x.o
    0x08001318   0x08001318   0x000000e0   Code   RO           11    i.SetSysClockTo72   system_stm32f10x.o
    0x080013f8   0x080013f8   0x00000010   Code   RO         4476    i.SysTick_Handler   board_stm32f10x.o
    0x08001408   0x08001408   0x000000fc   Code   RO           12    i.SystemCoreClockUpdate  system_stm32f10x.o
    0x08001504   0x08001504   0x0000006c   Code   RO           13    i.SystemInit        system_stm32f10x.o
    0x08001570   0x08001570   0x0000000a   Code   RO         4791    i.TIM3_IRQHandler   timer_stm32f10x.o
    0x0800157a   0x0800157a   0x00000006   Code   RO         2381    i.TIM_ClearITPendingBit  stm32f10x_tim.o
    0x08001580   0x08001580   0x00000018   Code   RO         2386    i.TIM_Cmd           stm32f10x_tim.o
    0x08001598   0x08001598   0x00000022   Code   RO         2407    i.TIM_GetITStatus   stm32f10x_tim.o
    0x080015ba   0x080015ba   0x00000012   Code   RO         2411    i.TIM_ITConfig      stm32f10x_tim.o
    0x080015cc   0x080015cc   0x000000a4   Code   RO         2457    i.TIM_TimeBaseInit  stm32f10x_tim.o
    0x08001670   0x08001670   0x0000000a   Code   RO         4846    i.USART1_IRQHandler  uart_stm32f10x.o
    0x0800167a   0x0800167a   0x0000000a   Code   RO         4847    i.USART2_IRQHandler  uart_stm32f10x.o
    0x08001684   0x08001684   0x00000012   Code   RO         2918    i.USART_ClearFlag   stm32f10x_usart.o
    0x08001696   0x08001696   0x0000001e   Code   RO         2919    i.USART_ClearITPendingBit  stm32f10x_usart.o
    0x080016b4   0x080016b4   0x00000018   Code   RO         2922    i.USART_Cmd         stm32f10x_usart.o
    0x080016cc   0x080016cc   0x0000001a   Code   RO         2925    i.USART_GetFlagStatus  stm32f10x_usart.o
    0x080016e6   0x080016e6   0x00000054   Code   RO         2926    i.USART_GetITStatus  stm32f10x_usart.o
    0x0800173a   0x0800173a   0x0000004a   Code   RO         2928    i.USART_ITConfig    stm32f10x_usart.o
    0x08001784   0x08001784   0x000000d8   Code   RO         2929    i.USART_Init        stm32f10x_usart.o
    0x0800185c   0x0800185c   0x0000000a   Code   RO         2936    i.USART_ReceiveData  stm32f10x_usart.o
    0x08001866   0x08001866   0x00000008   Code   RO         2939    i.USART_SendData    stm32f10x_usart.o
    0x0800186e   0x0800186e   0x00000002   PAD
    0x08001870   0x08001870   0x0000000c   Code   RO         3098    i.WWDG_ClearFlag    stm32f10x_wwdg.o
    0x0800187c   0x0800187c   0x00000010   Code   RO         3100    i.WWDG_Enable       stm32f10x_wwdg.o
    0x0800188c   0x0800188c   0x0000000c   Code   RO         3101    i.WWDG_EnableIT     stm32f10x_wwdg.o
    0x08001898   0x08001898   0x00000004   Code   RO         4477    i.WWDG_IRQHandler   board_stm32f10x.o
    0x0800189c   0x0800189c   0x00000010   Code   RO         3103    i.WWDG_SetCounter   stm32f10x_wwdg.o
    0x080018ac   0x080018ac   0x00000018   Code   RO         3104    i.WWDG_SetPrescaler  stm32f10x_wwdg.o
    0x080018c4   0x080018c4   0x00000028   Code   RO         3105    i.WWDG_SetWindowValue  stm32f10x_wwdg.o
    0x080018ec   0x080018ec   0x00000004   Code   RO         4410    i._sys_exit         uart.o
    0x080018f0   0x080018f0   0x00000004   Code   RO         4411    i._ttywrch          uart.o
    0x080018f4   0x080018f4   0x0000029c   Code   RO         4571    i.can_init          can_stm32f10x.o
    0x08001b90   0x08001b90   0x00000128   Code   RO         4572    i.can_irq_handler   can_stm32f10x.o
    0x08001cb8   0x08001cb8   0x00000080   Code   RO         4573    i.can_pwr_mode_trans  can_stm32f10x.o
    0x08001d38   0x08001d38   0x000000fc   Code   RO         4313    i.can_receive       can.o
    0x08001e34   0x08001e34   0x000000dc   Code   RO         4574    i.can_send          can_stm32f10x.o
    0x08001f10   0x08001f10   0x00000018   Code   RO         4478    i.delay             board_stm32f10x.o
    0x08001f28   0x08001f28   0x00000004   Code   RO         4619    i.flash_ctrl_deinit  flash_ctrl_stm32f10x.o
    0x08001f2c   0x08001f2c   0x000000ac   Code   RO         4620    i.flash_ctrl_erase_sector  flash_ctrl_stm32f10x.o
    0x08001fd8   0x08001fd8   0x00000004   Code   RO         4621    i.flash_ctrl_init   flash_ctrl_stm32f10x.o
    0x08001fdc   0x08001fdc   0x000000cc   Code   RO         4623    i.flash_ctrl_program  flash_ctrl_stm32f10x.o
    0x080020a8   0x080020a8   0x000000a8   Code   RO         4624    i.flash_ctrl_program_verify  flash_ctrl_stm32f10x.o
    0x08002150   0x08002150   0x0000009c   Code   RO         4625    i.flash_ctrl_verify_sector  flash_ctrl_stm32f10x.o
    0x080021ec   0x080021ec   0x00000006   Code   RO         4626    i.flash_ctrl_write_e2  flash_ctrl_stm32f10x.o
    0x080021f2   0x080021f2   0x00000002   PAD
    0x080021f4   0x080021f4   0x00000058   Code   RO         4627    i.get_sector        flash_ctrl_stm32f10x.o
    0x0800224c   0x0800224c   0x00000080   Code   RO         4628    i.get_sector_addr   flash_ctrl_stm32f10x.o
    0x080022cc   0x080022cc   0x00000080   Code   RO         4629    i.get_sector_size   flash_ctrl_stm32f10x.o
    0x0800234c   0x0800234c   0x000000e0   Code   RO         4480    i.gpio_init         board_stm32f10x.o
    0x0800242c   0x0800242c   0x00000020   Code   RO         4891    i.main              main.o
    0x0800244c   0x0800244c   0x0000005c   Code   RO         4481    i.pwr_mode_trans    board_stm32f10x.o
    0x080024a8   0x080024a8   0x00000068   Code   RO         4482    i.sys_init          board_stm32f10x.o
    0x08002510   0x08002510   0x00000030   Code   RO         4483    i.sys_reset         board_stm32f10x.o
    0x08002540   0x08002540   0x0000000c   Code   RO         4484    i.sys_time          board_stm32f10x.o
    0x0800254c   0x0800254c   0x00000158   Code   RO         4968    i.test              test.o
    0x080026a4   0x080026a4   0x00000130   Code   RO         4969    i.test_flash        test.o
    0x080027d4   0x080027d4   0x00000002   Code   RO         4970    i.test_i2c          test.o
    0x080027d6   0x080027d6   0x00000002   PAD
    0x080027d8   0x080027d8   0x000000fc   Code   RO         4793    i.timer_init        timer_stm32f10x.o
    0x080028d4   0x080028d4   0x00000028   Code   RO         4971    i.timer_irq_callback  test.o
    0x080028fc   0x080028fc   0x0000002c   Code   RO         4795    i.timer_irq_handler  timer_stm32f10x.o
    0x08002928   0x08002928   0x00000068   Code   RO         4796    i.timer_start       timer_stm32f10x.o
    0x08002990   0x08002990   0x00000068   Code   RO         4797    i.timer_stop        timer_stm32f10x.o
    0x080029f8   0x080029f8   0x0000019c   Code   RO         4849    i.uart_init         uart_stm32f10x.o
    0x08002b94   0x08002b94   0x0000008c   Code   RO         4850    i.uart_irq_handler  uart_stm32f10x.o
    0x08002c20   0x08002c20   0x000000bc   Code   RO         4415    i.uart_receive      uart.o
    0x08002cdc   0x08002cdc   0x000000b4   Code   RO         4851    i.uart_send         uart_stm32f10x.o
    0x08002d90   0x08002d90   0x0000008c   Code   RO         3746    i.vTaskSwitchContext  tasks.o
    0x08002e1c   0x08002e1c   0x00000044   Code   RO         4486    i.wdog_enable       board_stm32f10x.o
    0x08002e60   0x08002e60   0x0000000c   Code   RO         4487    i.wdog_refresh      board_stm32f10x.o
    0x08002e6c   0x08002e6c   0x0000000c   Data   RO         4972    .constdata          test.o
    0x08002e78   0x08002e78   0x000000fe   Data   RO         4630    .conststring        flash_ctrl_stm32f10x.o
    0x08002f76   0x08002f76   0x00000002   PAD
    0x08002f78   0x08002f78   0x0000011c   Data   RO         4973    .conststring        test.o
    0x08003094   0x08003094   0x00000020   Data   RO         5180    Region$$Table       anon$$obj.o


    Execution Region RW_IRAM1 (Exec base: 0x20000000, Load base: 0x080030b4, Size: 0x00001128, Max: 0x00010000, ABSOLUTE)

    Exec Addr    Load Addr    Size         Type   Attr      Idx    E Section Name        Object

    0x20000000   0x080030b4   0x00000014   Data   RW           14    .data               system_stm32f10x.o
    0x20000014   0x080030c8   0x00000014   Data   RW         1737    .data               stm32f10x_rcc.o
    0x20000028   0x080030dc   0x0000003c   Data   RW         3764    .data               tasks.o
    0x20000064   0x08003118   0x00000004   Data   RW         4488    .data               board_stm32f10x.o
    0x20000068   0x0800311c   0x0000002c   Data   RW         4576    .data               can_stm32f10x.o
    0x20000094   0x08003148   0x00000008   Data   RW         4798    .data               timer_stm32f10x.o
    0x2000009c   0x08003150   0x00000028   Data   RW         4853    .data               uart_stm32f10x.o
    0x200000c4   0x08003178   0x00000004   Data   RW         4892    .data               main.o
    0x200000c8        -       0x000000f0   Zero   RW         3763    .bss                tasks.o
    0x200001b8        -       0x00000140   Zero   RW         4575    .bss                can_stm32f10x.o
    0x200002f8        -       0x000007d0   Zero   RW         4852    .bss                uart_stm32f10x.o
    0x20000ac8        -       0x00000060   Zero   RW         5066    .bss                c_w.l(libspace.o)
    0x20000b28        -       0x00000200   Zero   RW            2    HEAP                startup_stm32f10x_cl.o
    0x20000d28        -       0x00000400   Zero   RW            1    STACK               startup_stm32f10x_cl.o


==============================================================================

Image component sizes


      Code (inc. data)   RO Data    RW Data    ZI Data      Debug   Object Name

       626         46          0          4          0      21614   board_stm32f10x.o
       252         80          0          0          0       4295   can.o
      1332        296          0         44        320       5180   can_stm32f10x.o
         0          0          0          0          0       2264   croutine.o
         0          0          0          0          0       8224   event_groups.o
      1058        482        254          0          0       6474   flash_ctrl_stm32f10x.o
         4          0          0          0          0        858   i2c_stm32f10x.o
        32          6          0          4          0        627   main.o
       112         12          0          0          0       1380   misc.o
       150         12          0          0          0        700   port.o
        64         26        336          0       1536        800   startup_stm32f10x_cl.o
      1548         38          0          0          0      10495   stm32f10x_can.o
       200         18          0          0          0       2644   stm32f10x_exti.o
       382         36          0          0          0       6426   stm32f10x_flash.o
       514         10          0          0          0       5329   stm32f10x_gpio.o
        64         10          0          0          0        732   stm32f10x_pwr.o
       492         40          0         20          0       6455   stm32f10x_rcc.o
       246         42          0          0          0       4266   stm32f10x_tim.o
       490          6          0          0          0       8421   stm32f10x_usart.o
       120         32          0          0          0       4511   stm32f10x_wwdg.o
       592         46          0         20          0     295133   system_stm32f10x.o
       140         22          0         60        240       5128   tasks.o
       690        134        296          0          0       2624   test.o
       514        216          0          8          0       3362   timer_stm32f10x.o
       196         74          0          0          0       2062   uart.o
       752        182          0         40       2000       4096   uart_stm32f10x.o

    ----------------------------------------------------------------------
     10586       1866        920        200       4096     414100   Object Totals
         0          0         32          0          0          0   (incl. Generated)
        16          0          2          0          0          0   (incl. Padding)

    ----------------------------------------------------------------------

      Code (inc. data)   RO Data    RW Data    ZI Data      Debug   Library Member Name

         8          0          0          0          0         68   __main.o
         0          0          0          0          0          0   __rtentry.o
        12          0          0          0          0          0   __rtentry2.o
         6          0          0          0          0          0   __rtentry4.o
        52          8          0          0          0          0   __scatter.o
        26          0          0          0          0          0   __scatter_copy.o
        28          0          0          0          0          0   __scatter_zi.o
        22          0          0          0          0         80   abort.o
        16          0          0          0          0         68   aeabi_memset.o
       128         42          0          0          0         76   assert.o
        20          0          0          0          0         76   assert_puts.o
        48         34          0          0          0         76   defsig_abrt_inner.o
        14          0          0          0          0         80   defsig_abrt_outer.o
        10          0          0          0          0         68   defsig_exit.o
        50          0          0          0          0         88   defsig_general.o
        18          0          0          0          0         80   exit.o
         6          0          0          0          0        152   heapauxi.o
         2          0          0          0          0          0   libinit.o
         2          0          0          0          0          0   libinit2.o
         2          0          0          0          0          0   libshutdown.o
         2          0          0          0          0          0   libshutdown2.o
         8          4          0          0         96         68   libspace.o
        68          0          0          0          0         68   rt_memclr.o
        78          0          0          0          0         80   rt_memclr_w.o
       138          0          0          0          0         68   rt_memcpy_v6.o
       100          0          0          0          0         80   rt_memcpy_w.o
         2          0          0          0          0          0   rtexit.o
        10          0          0          0          0          0   rtexit2.o
        74          0          0          0          0         80   sys_stackheap_outer.o
         2          0          0          0          0         68   use_no_semi.o
         2          0          0          0          0         68   use_no_semi_2.o

    ----------------------------------------------------------------------
       962         88          0          0         96       1492   Library Totals
         8          0          0          0          0          0   (incl. Padding)

    ----------------------------------------------------------------------

      Code (inc. data)   RO Data    RW Data    ZI Data      Debug   Library Name

       954         88          0          0         96       1492   c_w.l

    ----------------------------------------------------------------------
       962         88          0          0         96       1492   Library Totals

    ----------------------------------------------------------------------

==============================================================================


      Code (inc. data)   RO Data    RW Data    ZI Data      Debug   

     11548       1954        920        200       4192     409452   Grand Totals
     11548       1954        920        200       4192     409452   ELF Image Totals
     11548       1954        920        200          0          0   ROM Totals

==============================================================================

    Total RO  Size (Code + RO Data)                12468 (  12.18kB)
    Total RW  Size (RW Data + ZI Data)              4392 (   4.29kB)
    Total ROM Size (Code + RO Data + RW Data)      12668 (  12.37kB)

==============================================================================

