Component: ARM Compiler 5.06 update 6 (build 750) Tool: armlink [4d35ed]

==============================================================================

Section Cross References

    main.o(i.main) refers to prv_main.o(i.prv_main) for prv_main
    main.o(i.main) refers to main.o(.data) for exit_code
    prv_main.o(i.prv_main) refers to board_stm32fxxx_hal.o(i.sys_init) for sys_init
    prv_main.o(i.prv_main) refers to board_stm32fxxx_hal.o(i.gpio_init) for gpio_init
    prv_main.o(i.prv_main) refers to prv_main.o(i.test_flash) for test_flash
    prv_main.o(i.prv_main) refers to prv_main.o(i.test_i2c) for test_i2c
    prv_main.o(i.prv_main) refers to uart_stm32fxxx_hal.o(i.uart_init) for uart_init
    prv_main.o(i.prv_main) refers to can_stm32fxxx_hal.o(i.can_init) for can_init
    prv_main.o(i.prv_main) refers to timer_stm32fxxx_hal.o(i.timer_init) for timer_init
    prv_main.o(i.prv_main) refers to timer_stm32fxxx_hal.o(i.timer_start) for timer_start
    prv_main.o(i.prv_main) refers to board_stm32fxxx_hal.o(i.wdog_enable) for wdog_enable
    prv_main.o(i.prv_main) refers to board_stm32fxxx_hal.o(i.wdog_refresh) for wdog_refresh
    prv_main.o(i.prv_main) refers to board_stm32fxxx_hal.o(i.delay) for delay
    prv_main.o(i.prv_main) refers to stm32f2xx_hal_gpio.o(i.HAL_GPIO_TogglePin) for HAL_GPIO_TogglePin
    prv_main.o(i.prv_main) refers to board_stm32fxxx_hal.o(i.sys_time) for sys_time
    prv_main.o(i.prv_main) refers to stm32f2xx_hal_gpio.o(i.HAL_GPIO_WritePin) for HAL_GPIO_WritePin
    prv_main.o(i.prv_main) refers to timer_stm32fxxx_hal.o(i.timer_stop) for timer_stop
    prv_main.o(i.prv_main) refers to can_stm32fxxx_hal.o(i.can_pwr_mode_trans) for can_pwr_mode_trans
    prv_main.o(i.prv_main) refers to board_stm32fxxx_hal.o(i.pwr_mode_trans) for pwr_mode_trans
    prv_main.o(i.prv_main) refers to uart_stm32fxxx_hal.o(i.uart_receive) for uart_receive
    prv_main.o(i.prv_main) refers to uart_stm32fxxx_hal.o(i.uart_transmit) for uart_transmit
    prv_main.o(i.prv_main) refers to can_stm32fxxx_hal.o(i.can_receive) for can_receive
    prv_main.o(i.prv_main) refers to can_stm32fxxx_hal.o(i.can_transmit) for can_transmit
    prv_main.o(i.prv_main) refers to prv_main.o(.constdata) for .constdata
    prv_main.o(i.test_flash) refers to flash_ctrl_stm32fxxx.o(i.flash_ctrl_init) for flash_ctrl_init
    prv_main.o(i.test_flash) refers to assert.o(.text) for __aeabi_assert
    prv_main.o(i.test_flash) refers to flash_ctrl_stm32fxxx.o(i.flash_ctrl_erase_sector) for flash_ctrl_erase_sector
    prv_main.o(i.test_flash) refers to flash_ctrl_stm32fxxx.o(i.flash_ctrl_verify_sector) for flash_ctrl_verify_sector
    prv_main.o(i.test_flash) refers to aeabi_memset.o(.text) for __aeabi_memset
    prv_main.o(i.test_flash) refers to flash_ctrl_stm32fxxx.o(i.flash_ctrl_program) for flash_ctrl_program
    prv_main.o(i.test_flash) refers to flash_ctrl_stm32fxxx.o(i.flash_ctrl_program_verify) for flash_ctrl_program_verify
    prv_main.o(i.test_flash) refers to flash_ctrl_stm32fxxx.o(i.flash_ctrl_write_e2) for flash_ctrl_write_e2
    prv_main.o(i.test_flash) refers to flash_ctrl_stm32fxxx.o(i.flash_ctrl_deinit) for flash_ctrl_deinit
    prv_main.o(i.test_flash) refers to prv_main.o(.conststring) for .conststring
    prv_main.o(i.test_i2c) refers to i2c_stm32fxxx_hal.o(i.i2c_master_init) for i2c_master_init
    prv_main.o(i.test_i2c) refers to assert.o(.text) for __aeabi_assert
    prv_main.o(i.test_i2c) refers to i2c_stm32fxxx_hal.o(i.eeprom_write) for eeprom_write
    prv_main.o(i.test_i2c) refers to board_stm32fxxx_hal.o(i.delay) for delay
    prv_main.o(i.test_i2c) refers to i2c_stm32fxxx_hal.o(i.eeprom_read) for eeprom_read
    prv_main.o(i.test_i2c) refers to i2c_stm32fxxx_hal.o(i.i2c_master_deinit) for i2c_master_deinit
    prv_main.o(i.test_i2c) refers to prv_main.o(.conststring) for .conststring
    prv_main.o(i.timer_irq_callback) refers to stm32f2xx_hal_gpio.o(i.HAL_GPIO_TogglePin) for HAL_GPIO_TogglePin
    rtos.o(i.prv_on_timer) refers to stm32f2xx_hal_gpio.o(i.HAL_GPIO_TogglePin) for HAL_GPIO_TogglePin
    rtos.o(i.prv_on_timer) refers to rtos.o(.data) for g_timer
    rtos.o(i.prv_task) refers to uart_stm32fxxx_hal.o(i.uart_receive) for uart_receive
    rtos.o(i.prv_task) refers to uart_stm32fxxx_hal.o(i.uart_transmit) for uart_transmit
    rtos.o(i.prv_task) refers to can_stm32fxxx_hal.o(i.can_receive) for can_receive
    rtos.o(i.prv_task) refers to can_stm32fxxx_hal.o(i.can_transmit) for can_transmit
    rtos.o(i.rtos_start) refers to board_stm32fxxx_hal.o(i.sys_init) for sys_init
    rtos.o(i.rtos_start) refers to board_stm32fxxx_hal.o(i.gpio_init) for gpio_init
    rtos.o(i.rtos_start) refers to uart_stm32fxxx_hal.o(i.uart_init) for uart_init
    rtos.o(i.rtos_start) refers to can_stm32fxxx_hal.o(i.can_init) for can_init
    rtos.o(i.rtos_start) refers to tasks.o(i.xTaskCreate) for xTaskCreate
    rtos.o(i.rtos_start) refers to timers.o(i.xTimerCreate) for xTimerCreate
[...]
    i.HAL_I2C_DeInit                         0x080016a4   Section        0  stm32f2xx_hal_i2c.o(i.HAL_I2C_DeInit)
    i.HAL_I2C_ER_IRQHandler                  0x080016e0   Section        0  stm32f2xx_hal_i2c.o(i.HAL_I2C_ER_IRQHandler)
    i.HAL_I2C_EV_IRQHandler                  0x080017c4   Section        0  stm32f2xx_hal_i2c.o(i.HAL_I2C_EV_IRQHandler)
    i.HAL_I2C_ErrorCallback                  0x0800193c   Section        0  stm32f2xx_hal_i2c.o(i.HAL_I2C_ErrorCallback)
    i.HAL_I2C_GetState                       0x0800193e   Section        0  stm32f2xx_hal_i2c.o(i.HAL_I2C_GetState)
    i.HAL_I2C_Init                           0x08001948   Section        0  stm32f2xx_hal_i2c.o(i.HAL_I2C_Init)
    i.HAL_I2C_ListenCpltCallback             0x08001a70   Section        0  stm32f2xx_hal_i2c.o(i.HAL_I2C_ListenCpltCallback)
    i.HAL_I2C_MasterRxCpltCallback           0x08001a72   Section        0  stm32f2xx_hal_i2c.o(i.HAL_I2C_MasterRxCpltCallback)
    i.HAL_I2C_MasterTxCpltCallback           0x08001a74   Section        0  stm32f2xx_hal_i2c.o(i.HAL_I2C_MasterTxCpltCallback)
    i.HAL_I2C_Master_Receive_IT              0x08001a78   Section        0  stm32f2xx_hal_i2c.o(i.HAL_I2C_Master_Receive_IT)
    i.HAL_I2C_Master_Transmit_IT             0x08001b68   Section        0  stm32f2xx_hal_i2c.o(i.HAL_I2C_Master_Transmit_IT)
    i.HAL_I2C_MemRxCpltCallback              0x08001c4c   Section        0  stm32f2xx_hal_i2c.o(i.HAL_I2C_MemRxCpltCallback)
    i.HAL_I2C_MemTxCpltCallback              0x08001c4e   Section        0  stm32f2xx_hal_i2c.o(i.HAL_I2C_MemTxCpltCallback)
    i.HAL_I2C_MspDeInit                      0x08001c50   Section        0  stm32f2xx_hal_i2c.o(i.HAL_I2C_MspDeInit)
    i.HAL_I2C_MspInit                        0x08001c52   Section        0  stm32f2xx_hal_i2c.o(i.HAL_I2C_MspInit)
    i.HAL_I2C_SlaveRxCpltCallback            0x08001c54   Section        0  stm32f2xx_hal_i2c.o(i.HAL_I2C_SlaveRxCpltCallback)
    i.HAL_I2C_SlaveTxCpltCallback            0x08001c56   Section        0  stm32f2xx_hal_i2c.o(i.HAL_I2C_SlaveTxCpltCallback)
    i.HAL_IncTick                            0x08001c58   Section        0  stm32f2xx_hal.o(i.HAL_IncTick)
    i.HAL_Init                               0x08001c68   Section        0  stm32f2xx_hal.o(i.HAL_Init)
    i.HAL_InitTick                           0x08001ca4   Section        0  stm32f2xx_hal.o(i.HAL_InitTick)
    i.HAL_MspInit                            0x08001ccc   Section        0  stm32f2xx_hal.o(i.HAL_MspInit)
    i.HAL_NVIC_DisableIRQ                    0x08001cd0   Section        0  stm32f2xx_hal_cortex.o(i.HAL_NVIC_DisableIRQ)
    i.HAL_NVIC_EnableIRQ                     0x08001d14   Section        0  stm32f2xx_hal_cortex.o(i.HAL_NVIC_EnableIRQ)
    i.HAL_NVIC_SetPriority                   0x08001d3c   Section        0  stm32f2xx_hal_cortex.o(i.HAL_NVIC_SetPriority)
    i.HAL_NVIC_SetPriorityGrouping           0x08001db8   Section        0  stm32f2xx_hal_cortex.o(i.HAL_NVIC_SetPriorityGrouping)
    i.HAL_PWR_EnterSLEEPMode                 0x08001de0   Section        0  stm32f2xx_hal_pwr.o(i.HAL_PWR_EnterSLEEPMode)
    i.HAL_PWR_EnterSTOPMode                  0x08001e00   Section        0  stm32f2xx_hal_pwr.o(i.HAL_PWR_EnterSTOPMode)
    i.HAL_RCC_ClockConfig                    0x08001e40   Section        0  stm32f2xx_hal_rcc.o(i.HAL_RCC_ClockConfig)
    i.HAL_RCC_GetHCLKFreq                    0x08001fc4   Section        0  stm32f2xx_hal_rcc.o(i.HAL_RCC_GetHCLKFreq)
    i.HAL_RCC_GetPCLK1Freq                   0x08001fd0   Section        0  stm32f2xx_hal_rcc.o(i.HAL_RCC_GetPCLK1Freq)
    i.HAL_RCC_GetPCLK2Freq                   0x08001ffc   Section        0  stm32f2xx_hal_rcc.o(i.HAL_RCC_GetPCLK2Freq)
    i.HAL_RCC_GetSysClockFreq                0x08002028   Section        0  stm32f2xx_hal_rcc.o(i.HAL_RCC_GetSysClockFreq)
    i.HAL_RCC_OscConfig                      0x080020d8   Section        0  stm32f2xx_hal_rcc.o(i.HAL_RCC_OscConfig)
    i.HAL_ResumeTick                         0x08002478   Section        0  stm32f2xx_hal.o(i.HAL_ResumeTick)
    i.HAL_SYSTICK_Config                     0x0800248a   Section        0  stm32f2xx_hal_cortex.o(i.HAL_SYSTICK_Config)
    i.HAL_SuspendTick                        0x080024be   Section        0  stm32f2xx_hal.o(i.HAL_SuspendTick)
    i.HAL_TIM_Base_Init                      0x080024d0   Section        0  stm32f2xx_hal_tim.o(i.HAL_TIM_Base_Init)
    i.HAL_TIM_Base_MspInit                   0x08002504   Section        0  stm32f2xx_hal_tim.o(i.HAL_TIM_Base_MspInit)
    i.HAL_TIM_Base_Start_IT                  0x08002506   Section        0  stm32f2xx_hal_tim.o(i.HAL_TIM_Base_Start_IT)
    i.HAL_TIM_Base_Stop_IT                   0x08002524   Section        0  stm32f2xx_hal_tim.o(i.HAL_TIM_Base_Stop_IT)
    i.HAL_UART_Init                          0x0800255c   Section        0  stm32f2xx_hal_uart.o(i.HAL_UART_Init)
    i.HAL_UART_MspInit                       0x080025ce   Section        0  stm32f2xx_hal_uart.o(i.HAL_UART_MspInit)
    i.HAL_UART_Transmit                      0x080025d0   Section        0  stm32f2xx_hal_uart.o(i.HAL_UART_Transmit)
    i.HAL_WWDG_Init                          0x080026a6   Section        0  stm32f2xx_hal_wwdg.o(i.HAL_WWDG_Init)
    i.HAL_WWDG_MspInit                       0x080026d2   Section        0  stm32f2xx_hal_wwdg.o(i.HAL_WWDG_MspInit)
    i.HAL_WWDG_Refresh                       0x080026d4   Section        0  stm32f2xx_hal_wwdg.o(i.HAL_WWDG_Refresh)
    i.I2C1_ER_IRQHandler                     0x080026e0   Section        0  i2c_stm32fxxx_hal.o(i.I2C1_ER_IRQHandler)
    i.I2C1_EV_IRQHandler                     0x080026f0   Section        0  i2c_stm32fxxx_hal.o(i.I2C1_EV_IRQHandler)
    i.I2C_DMAAbort                           0x08002700   Section        0  stm32f2xx_hal_i2c.o(i.I2C_DMAAbort)
    I2C_DMAAbort                             0x08002701   Thumb Code   104  stm32f2xx_hal_i2c.o(i.I2C_DMAAbort)
    i.I2C_ITError                            0x08002768   Section        0  stm32f2xx_hal_i2c.o(i.I2C_ITError)
    I2C_ITError                              0x08002769   Thumb Code   358  stm32f2xx_hal_i2c.o(i.I2C_ITError)
    i.I2C_MasterReceive_BTF                  0x080028d8   Section        0  stm32f2xx_hal_i2c.o(i.I2C_MasterReceive_BTF)
    I2C_MasterReceive_BTF                    0x080028d9   Thumb Code   272  stm32f2xx_hal_i2c.o(i.I2C_MasterReceive_BTF)
    i.I2C_MasterReceive_RXNE                 0x080029e8   Section        0  stm32f2xx_hal_i2c.o(i.I2C_MasterReceive_RXNE)
    I2C_MasterReceive_RXNE                   0x080029e9   Thumb Code   160  stm32f2xx_hal_i2c.o(i.I2C_MasterReceive_RXNE)
    i.I2C_MasterTransmit_BTF                 0x08002a88   Section        0  stm32f2xx_hal_i2c.o(i.I2C_MasterTransmit_BTF)
    I2C_MasterTransmit_BTF                   0x08002a89   Thumb Code   160  stm32f2xx_hal_i2c.o(i.I2C_MasterTransmit_BTF)
    i.I2C_MasterTransmit_TXE                 0x08002b28   Section        0  stm32f2xx_hal_i2c.o(i.I2C_MasterTransmit_TXE)
    I2C_MasterTransmit_TXE                   0x08002b29   Thumb Code   330  stm32f2xx_hal_i2c.o(i.I2C_MasterTransmit_TXE)
    i.I2C_Master_ADD10                       0x08002c72   Section        0  stm32f2xx_hal_i2c.o(i.I2C_Master_ADD10)
    I2C_Master_ADD10                         0x08002c73   Thumb Code    14  stm32f2xx_hal_i2c.o(i.I2C_Master_ADD10)
    i.I2C_Master_ADDR                        0x08002c80   Section        0  stm32f2xx_hal_i2c.o(i.I2C_Master_ADDR)
    I2C_Master_ADDR                          0x08002c81   Thumb Code   558  stm32f2xx_hal_i2c.o(i.I2C_Master_ADDR)
    i.I2C_Master_SB                          0x08002eae   Section        0  stm32f2xx_hal_i2c.o(i.I2C_Master_SB)
    I2C_Master_SB                            0x08002eaf   Thumb Code   130  stm32f2xx_hal_i2c.o(i.I2C_Master_SB)
    i.I2C_SlaveReceive_BTF                   0x08002f30   Section        0  stm32f2xx_hal_i2c.o(i.I2C_SlaveReceive_BTF)
    I2C_SlaveReceive_BTF                     0x08002f31   Thumb Code    30  stm32f2xx_hal_i2c.o(i.I2C_SlaveReceive_BTF)
    i.I2C_SlaveReceive_RXNE                  0x08002f4e   Section        0  stm32f2xx_hal_i2c.o(i.I2C_SlaveReceive_RXNE)
    I2C_SlaveReceive_RXNE                    0x08002f4f   Thumb Code    72  stm32f2xx_hal_i2c.o(i.I2C_SlaveReceive_RXNE)
    i.I2C_SlaveTransmit_BTF                  0x08002f96   Section        0  stm32f2xx_hal_i2c.o(i.I2C_SlaveTransmit_BTF)
    I2C_SlaveTransmit_BTF                    0x08002f97   Thumb Code    28  stm32f2xx_hal_i2c.o(i.I2C_SlaveTransmit_BTF)
    i.I2C_SlaveTransmit_TXE                  0x08002fb2   Section        0  stm32f2xx_hal_i2c.o(i.I2C_SlaveTransmit_TXE)
    I2C_SlaveTransmit_TXE                    0x08002fb3   Thumb Code    70  stm32f2xx_hal_i2c.o(i.I2C_SlaveTransmit_TXE)
    i.I2C_Slave_ADDR                         0x08002ff8   Section        0  stm32f2xx_hal_i2c.o(i.I2C_Slave_ADDR)
    I2C_Slave_ADDR                           0x08002ff9   Thumb Code    54  stm32f2xx_hal_i2c.o(i.I2C_Slave_ADDR)
    i.I2C_Slave_AF                           0x08003030   Section        0  stm32f2xx_hal_i2c.o(i.I2C_Slave_AF)
    I2C_Slave_AF                             0x08003031   Thumb Code   158  stm32f2xx_hal_i2c.o(i.I2C_Slave_AF)
    i.I2C_Slave_STOPF                        0x080030d4   Section        0  stm32f2xx_hal_i2c.o(i.I2C_Slave_STOPF)
    I2C_Slave_STOPF                          0x080030d5   Thumb Code   268  stm32f2xx_hal_i2c.o(i.I2C_Slave_STOPF)
    i.LL_USART_ClearFlag_RXNE                0x080031e4   Section        0  uart_stm32fxxx_hal.o(i.LL_USART_ClearFlag_RXNE)
    LL_USART_ClearFlag_RXNE                  0x080031e5   Thumb Code     8  uart_stm32fxxx_hal.o(i.LL_USART_ClearFlag_RXNE)
    i.SysTick_Handler                        0x080031ec   Section        0  board_stm32fxxx_hal.o(i.SysTick_Handler)
    i.SystemInit                             0x080031f4   Section        0  system_stm32f2xx.o(i.SystemInit)
    i.TIM3_IRQHandler                        0x08003248   Section        0  timer_stm32fxxx_hal.o(i.TIM3_IRQHandler)
    i.TIM_Base_SetConfig                     0x08003254   Section        0  stm32f2xx_hal_tim.o(i.TIM_Base_SetConfig)
    i.UART_SetConfig                         0x08003340   Section        0  stm32f2xx_hal_uart.o(i.UART_SetConfig)
    UART_SetConfig                           0x08003341   Thumb Code   864  stm32f2xx_hal_uart.o(i.UART_SetConfig)
    i.UART_WaitOnFlagUntilTimeout            0x080036a8   Section        0  stm32f2xx_hal_uart.o(i.UART_WaitOnFlagUntilTimeout)
    UART_WaitOnFlagUntilTimeout              0x080036a9   Thumb Code   108  stm32f2xx_hal_uart.o(i.UART_WaitOnFlagUntilTimeout)
    i.USART1_IRQHandler                      0x08003714   Section        0  uart_stm32fxxx_hal.o(i.USART1_IRQHandler)
    i.USART2_IRQHandler                      0x0800371e   Section        0  uart_stm32fxxx_hal.o(i.USART2_IRQHandler)
    i.WWDG_IRQHandler                        0x08003728   Section        0  board_stm32fxxx_hal.o(i.WWDG_IRQHandler)
    i.__NVIC_GetPriorityGrouping             0x08003758   Section        0  stm32f2xx_hal_cortex.o(i.__NVIC_GetPriorityGrouping)
    __NVIC_GetPriorityGrouping               0x08003759   Thumb Code    10  stm32f2xx_hal_cortex.o(i.__NVIC_GetPriorityGrouping)
    i.__NVIC_SetPriority                     0x08003768   Section        0  stm32f2xx_hal_cortex.o(i.__NVIC_SetPriority)
    __NVIC_SetPriority                       0x08003769   Thumb Code    32  stm32f2xx_hal_cortex.o(i.__NVIC_SetPriority)
    i.can_init                               0x08003790   Section        0  can_stm32fxxx_hal.o(i.can_init)
    i.can_irq_handler                        0x08003bb4   Section        0  can_stm32fxxx_hal.o(i.can_irq_handler)
    can_irq_handler                          0x08003bb5   Thumb Code   830  can_stm32fxxx_hal.o(i.can_irq_handler)
    i.can_pwr_mode_trans                     0x08003f40   Section        0  can_stm32fxxx_hal.o(i.can_pwr_mode_trans)
    i.can_receive                            0x08004004   Section        0  can_stm32fxxx_hal.o(i.can_receive)
    i.can_transmit                           0x08004108   Section        0  can_stm32fxxx_hal.o(i.can_transmit)
    i.delay                                  0x08004208   Section        0  board_stm32fxxx_hal.o(i.delay)
    i.eeprom_read                            0x08004214   Section        0  i2c_stm32fxxx_hal.o(i.eeprom_read)
    i.eeprom_write                           0x0800426c   Section        0  i2c_stm32fxxx_hal.o(i.eeprom_write)
    i.flash_ctrl_deinit                      0x0800431c   Section        0  flash_ctrl_stm32fxxx.o(i.flash_ctrl_deinit)
    i.flash_ctrl_erase_sector                0x08004320   Section        0  flash_ctrl_stm32fxxx.o(i.flash_ctrl_erase_sector)
    i.flash_ctrl_init                        0x080043b4   Section        0  flash_ctrl_stm32fxxx.o(i.flash_ctrl_init)
    i.flash_ctrl_program                     0x080043b8   Section        0  flash_ctrl_stm32fxxx.o(i.flash_ctrl_program)
    i.flash_ctrl_program_verify              0x08004480   Section        0  flash_ctrl_stm32fxxx.o(i.flash_ctrl_program_verify)
    i.flash_ctrl_verify_sector               0x08004528   Section        0  flash_ctrl_stm32fxxx.o(i.flash_ctrl_verify_sector)
    i.flash_ctrl_write_e2                    0x080045c4   Section        0  flash_ctrl_stm32fxxx.o(i.flash_ctrl_write_e2)
    i.get_sector                             0x080045cc   Section        0  flash_ctrl_stm32fxxx.o(i.get_sector)
    get_sector                               0x080045cd   Thumb Code   210  flash_ctrl_stm32fxxx.o(i.get_sector)
    i.gpio_init                              0x080046fc   Section        0  board_stm32fxxx_hal.o(i.gpio_init)
    i.i2c_master_deinit                      0x080048f4   Section        0  i2c_stm32fxxx_hal.o(i.i2c_master_deinit)
    i.i2c_master_init                        0x08004a24   Section        0  i2c_stm32fxxx_hal.o(i.i2c_master_init)
    i.i2c_master_read                        0x08004bb8   Section        0  i2c_stm32fxxx_hal.o(i.i2c_master_read)
    i2c_master_read                          0x08004bb9   Thumb Code    68  i2c_stm32fxxx_hal.o(i.i2c_master_read)
    i.i2c_master_receive                     0x08004c24   Section        0  i2c_stm32fxxx_hal.o(i.i2c_master_receive)
    i.i2c_master_transmit                    0x08004cdc   Section        0  i2c_stm32fxxx_hal.o(i.i2c_master_transmit)
    i.main                                   0x08004d94   Section        0  main.o(i.main)
    i.prv_main                               0x08004db4   Section        0  prv_main.o(i.prv_main)
    i.pwr_mode_trans                         0x08004eec   Section        0  board_stm32fxxx_hal.o(i.pwr_mode_trans)
    i.sys_clk_config                         0x08004f50   Section        0  board_stm32fxxx_hal.o(i.sys_clk_config)
    sys_clk_config                           0x08004f51   Thumb Code    78  board_stm32fxxx_hal.o(i.sys_clk_config)
    i.sys_init                               0x08004f9e   Section        0  board_stm32fxxx_hal.o(i.sys_init)
    i.sys_reset                              0x08004fac   Section        0  board_stm32fxxx_hal.o(i.sys_reset)
    i.sys_time                               0x08004ff8   Section        0  board_stm32fxxx_hal.o(i.sys_time)
    i.test_flash                             0x08005000   Section        0  prv_main.o(i.test_flash)
    test_flash                               0x08005001   Thumb Code   184  prv_main.o(i.test_flash)
    i.test_i2c                               0x08005134   Section        0  prv_main.o(i.test_i2c)
    test_i2c                                 0x08005135   Thumb Code   128  prv_main.o(i.test_i2c)
    i.timer_init                             0x08005224   Section        0  timer_stm32fxxx_hal.o(i.timer_init)
    i.timer_irq_callback                     0x08005330   Section        0  prv_main.o(i.timer_irq_callback)
    i.timer_irq_handler                      0x08005344   Section        0  timer_stm32fxxx_hal.o(i.timer_irq_handler)
    i.timer_start                            0x08005384   Section        0  timer_stm32fxxx_hal.o(i.timer_start)
    i.timer_stop                             0x080053ec   Section        0  timer_stm32fxxx_hal.o(i.timer_stop)
    i.uart_init                              0x08005454   Section        0  uart_stm32fxxx_hal.o(i.uart_init)
    i.uart_irq_handler                       0x08005624   Section        0  uart_stm32fxxx_hal.o(i.uart_irq_handler)
    uart_irq_handler                         0x08005625   Thumb Code   140  uart_stm32fxxx_hal.o(i.uart_irq_handler)
    i.uart_receive                           0x080056c0   Section        0  uart_stm32fxxx_hal.o(i.uart_receive)
    i.uart_transmit                          0x08005780   Section        0  uart_stm32fxxx_hal.o(i.uart_transmit)
    i.vTaskSwitchContext                     0x0800580c   Section        0  tasks.o(i.vTaskSwitchContext)
    i.wdog_enable                            0x08005898   Section        0  board_stm32fxxx_hal.o(i.wdog_enable)
    i.wdog_refresh                           0x080058f8   Section        0  board_stm32fxxx_hal.o(i.wdog_refresh)
    .constdata                               0x08005908   Section       12  prv_main.o(.constdata)
    .constdata                               0x08005914   Section       24  system_stm32f2xx.o(.constdata)
    .conststring                             0x0800592c   Section      436  prv_main.o(.conststring)
    .conststring                             0x08005ae0   Section      254  flash_ctrl_stm32fxxx.o(.conststring)
    .data                                    0x20000000   Section        4  main.o(.data)
    .data                                    0x20000004   Section      160  uart_stm32fxxx_hal.o(.data)
    g_rx_fifo_head                           0x20000004   Data           4  uart_stm32fxxx_hal.o(.data)
    g_rx_fifo_tail                           0x20000008   Data           4  uart_stm32fxxx_hal.o(.data)
    g_comm_config                            0x2000000c   Data          24  uart_stm32fxxx_hal.o(.data)
    g_handle                                 0x20000024   Data         128  uart_stm32fxxx_hal.o(.data)
    .data                                    0x200000a4   Section      212  can_stm32fxxx_hal.o(.data)
    g_rx_fifo_head                           0x200000a4   Data           2  can_stm32fxxx_hal.o(.data)
    g_rx_fifo_tail                           0x200000a6   Data           2  can_stm32fxxx_hal.o(.data)
    g_comm_config                            0x200000a8   Data          72  can_stm32fxxx_hal.o(.data)
    g_handle                                 0x200000f0   Data         136  can_stm32fxxx_hal.o(.data)
    .data                                    0x20000178   Section       96  i2c_stm32fxxx_hal.o(.data)
    g_comm_config                            0x20000178   Data          12  i2c_stm32fxxx_hal.o(.data)
    g_handle                                 0x20000184   Data          84  i2c_stm32fxxx_hal.o(.data)
    .data                                    0x200001d8   Section       68  timer_stm32fxxx_hal.o(.data)
    g_timer_config                           0x200001d8   Data           4  timer_stm32fxxx_hal.o(.data)
    g_handle                                 0x200001dc   Data          64  timer_stm32fxxx_hal.o(.data)
    .data                                    0x2000021c   Section        4  stm32f2xx_hal.o(.data)
    .data                                    0x20000220   Section        4  system_stm32f2xx.o(.data)
    .data                                    0x20000224   Section       60  tasks.o(.data)
    pxDelayedTaskList                        0x20000228   Data           4  tasks.o(.data)
    pxOverflowDelayedTaskList                0x2000022c   Data           4  tasks.o(.data)
    uxDeletedTasksWaitingCleanUp             0x20000230   Data           4  tasks.o(.data)
    uxCurrentNumberOfTasks                   0x20000234   Data           4  tasks.o(.data)
    xTickCount                               0x20000238   Data           4  tasks.o(.data)
    uxTopReadyPriority                       0x2000023c   Data           4  tasks.o(.data)
    xSchedulerRunning                        0x20000240   Data           4  tasks.o(.data)
    uxPendedTicks                            0x20000244   Data           4  tasks.o(.data)
    xYieldPending                            0x20000248   Data           4  tasks.o(.data)
    xNumOfOverflows                          0x2000024c   Data           4  tasks.o(.data)
    uxTaskNumber                             0x20000250   Data           4  tasks.o(.data)
    xNextTaskUnblockTime                     0x20000254   Data           4  tasks.o(.data)
    xIdleTaskHandle                          0x20000258   Data           4  tasks.o(.data)
    uxSchedulerSuspended                     0x2000025c   Data           4  tasks.o(.data)
    .bss                                     0x20000260   Section       20  board_stm32fxxx_hal.o(.bss)
    g_wdog_handle                            0x20000260   Data          20  board_stm32fxxx_hal.o(.bss)
    .bss                                     0x20000274   Section     2000  uart_stm32fxxx_hal.o(.bss)
    g_rx_fifo                                0x20000274   Data        2000  uart_stm32fxxx_hal.o(.bss)
    .bss                                     0x20000a44   Section      448  can_stm32fxxx_hal.o(.bss)
    g_rx_fifo                                0x20000a44   Data         320  can_stm32fxxx_hal.o(.bss)
    g_rx_msg                                 0x20000b84   Data          72  can_stm32fxxx_hal.o(.bss)
    g_tx_msg                                 0x20000bcc   Data          56  can_stm32fxxx_hal.o(.bss)
    .bss                                     0x20000c04   Section       32  stm32f2xx_hal_flash.o(.bss)
    .bss                                     0x20000c24   Section      200  tasks.o(.bss)
    pxReadyTasksLists                        0x20000c24   Data         100  tasks.o(.bss)
    xDelayedTaskList1                        0x20000c88   Data          20  tasks.o(.bss)
    xDelayedTaskList2                        0x20000c9c   Data          20  tasks.o(.bss)
    xPendingReadyList                        0x20000cb0   Data          20  tasks.o(.bss)
    xTasksWaitingTermination                 0x20000cc4   Data          20  tasks.o(.bss)
    xSuspendedTaskList                       0x20000cd8   Data          20  tasks.o(.bss)
    .bss                                     0x20000cec   Section       96  libspace.o(.bss)
    HEAP                                     0x20000d50   Section      512  startup_stm32f205xx.o(HEAP)
    Heap_Mem                                 0x20000d50   Data         512  startup_stm32f205xx.o(HEAP)
    STACK                                    0x20000f50   Section     1024  startup_stm32f205xx.o(STACK)
    Stack_Mem                                0x20000f50   Data        1024  startup_stm32f205xx.o(STACK)
    __initial_sp                             0x20001350   Data           0  startup_stm32f205xx.o(STACK)

    Global Symbols

    Symbol Name                              Value     Ov Type        Size  Object(Section)

    BuildAttributes$$THM_ISAv4$P$D$K$B$S$PE$A:L22UL41UL21$X:L11$S22US41US21$IEEE1$IW$USESV6$~STKCKD$USESV7$~SHL$OSPACE$ROPI$EBA8$UX$STANDARDLIB$REQ8$PRES8$EABIv2 0x00000000   Number         0  anon$$obj.o ABSOLUTE
    __ARM_use_no_argv                        0x00000000   Number         0  main.o ABSOLUTE
    __ARM_exceptions_init                     - Undefined Weak Reference
    __alloca_initialize                       - Undefined Weak Reference
    __arm_preinit_                            - Undefined Weak Reference
    __cpp_initialize__aeabi_                  - Undefined Weak Reference
    __cxa_finalize                            - Undefined Weak Reference
    __rt_locale                               - Undefined Weak Reference
    __sigvec_lookup                           - Undefined Weak Reference
    _atexit_init                              - Undefined Weak Reference
    _call_atexit_fns                          - Undefined Weak Reference
    _clock_init                               - Undefined Weak Reference
    _fp_trap_init                             - Undefined Weak Reference
    _fp_trap_shutdown                         - Undefined Weak Reference
    _get_lc_collate                           - Undefined Weak Reference
    _get_lc_ctype                             - Undefined Weak Reference
    _get_lc_monetary                          - Undefined Weak Reference
    _get_lc_numeric                           - Undefined Weak Reference
    _get_lc_time                              - Undefined Weak Reference
    _getenv_init                              - Undefined Weak Reference
    _handle_redirection                       - Undefined Weak Reference
    _init_alloc                               - Undefined Weak Reference
    _init_user_alloc                          - Undefined Weak Reference
    _initio                                   - Undefined Weak Reference
    _rand_init                                - Undefined Weak Reference
    _signal_finish                            - Undefined Weak Reference
    _signal_init                              - Undefined Weak Reference
    _terminate_alloc                          - Undefined Weak Reference
    _terminate_user_alloc                     - Undefined Weak Reference
    _terminateio                              - Undefined Weak Reference
    __Vectors_Size                           0x00000184   Number         0  startup_stm32f205xx.o ABSOLUTE
    __Vectors                                0x08000000   Data           4  startup_stm32f205xx.o(RESET)
    __Vectors_End                            0x08000184   Data           0  startup_stm32f205xx.o(RESET)
    __main                                   0x08000185   Thumb Code     8  __main.o(!!!main)
    __scatterload                            0x0800018d   Thumb Code     0  __scatter.o(!!!scatter)
    __scatterload_rt2                        0x0800018d   Thumb Code    44  __scatter.o(!!!scatter)
    __scatterload_rt2_thumb_only             0x0800018d   Thumb Code     0  __scatter.o(!!!scatter)
    __scatterload_null                       0x0800019b   Thumb Code     0  __scatter.o(!!!scatter)
    __decompress                             0x080001c1   Thumb Code    90  __dczerorl2.o(!!dczerorl2)
    __decompress1                            0x080001c1   Thumb Code     0  __dczerorl2.o(!!dczerorl2)
    __scatterload_zeroinit                   0x0800021d   Thumb Code    28  __scatter_zi.o(!!handler_zi)
    __rt_lib_init                            0x08000239   Thumb Code     0  libinit.o(.ARM.Collect$$libinit$$00000000)
    __rt_lib_init_alloca_1                   0x0800023b   Thumb Code     0  libinit2.o(.ARM.Collect$$libinit$$0000002E)
    __rt_lib_init_argv_1                     0x0800023b   Thumb Code     0  libinit2.o(.ARM.Collect$$libinit$$0000002C)
    __rt_lib_init_atexit_1                   0x0800023b   Thumb Code     0  libinit2.o(.ARM.Collect$$libinit$$0000001B)
    __rt_lib_init_clock_1                    0x0800023b   Thumb Code     0  libinit2.o(.ARM.Collect$$libinit$$00000021)
    __rt_lib_init_cpp_1                      0x0800023b   Thumb Code     0  libinit2.o(.ARM.Collect$$libinit$$00000032)
    __rt_lib_init_exceptions_1               0x0800023b   Thumb Code     0  libinit2.o(.ARM.Collect$$libinit$$00000030)
    __rt_lib_init_fp_1                       0x0800023b   Thumb Code     0  libinit2.o(.ARM.Collect$$libinit$$00000002)
    __rt_lib_init_fp_trap_1                  0x0800023b   Thumb Code     0  libinit2.o(.ARM.Collect$$libinit$$0000001F)
    __rt_lib_init_getenv_1                   0x0800023b   Thumb Code     0  libinit2.o(.ARM.Collect$$libinit$$00000023)
    __rt_lib_init_heap_1                     0x0800023b   Thumb Code     0  libinit2.o(.ARM.Collect$$libinit$$0000000A)
    __rt_lib_init_lc_collate_1               0x0800023b   Thumb Code     0  libinit2.o(.ARM.Collect$$libinit$$00000011)
    __rt_lib_init_lc_ctype_1                 0x0800023b   Thumb Code     0  libinit2.o(.ARM.Collect$$libinit$$00000013)
    __rt_lib_init_lc_monetary_1              0x0800023b   Thumb Code     0  libinit2.o(.ARM.Collect$$libinit$$00000015)
    __rt_lib_init_lc_numeric_1               0x0800023b   Thumb Code     0  libinit2.o(.ARM.Collect$$libinit$$00000017)
    __rt_lib_init_lc_time_1                  0x0800023b   Thumb Code     0  libinit2.o(.ARM.Collect$$libinit$$00000019)
    __rt_lib_init_preinit_1                  0x0800023b   Thumb Code     0  libinit2.o(.ARM.Collect$$libinit$$00000004)
    __rt_lib_init_rand_1                     0x0800023b   Thumb Code     0  libinit2.o(.ARM.Collect$$libinit$$0000000E)
    __rt_lib_init_return                     0x0800023b   Thumb Code     0  libinit2.o(.ARM.Collect$$libinit$$00000033)
    __rt_lib_init_signal_1                   0x0800023b   Thumb Code     0  libinit2.o(.ARM.Collect$$libinit$$0000001D)
    __rt_lib_init_stdio_1                    0x0800023b   Thumb Code     0  libinit2.o(.ARM.Collect$$libinit$$00000025)
    __rt_lib_init_user_alloc_1               0x0800023b   Thumb Code     0  libinit2.o(.ARM.Collect$$libinit$$0000000C)
    __rt_lib_shutdown                        0x0800023d   Thumb Code     0  libshutdown.o(.ARM.Collect$$libshutdown$$00000000)
    __rt_lib_shutdown_cpp_1                  0x0800023f   Thumb Code     0  libshutdown2.o(.ARM.Collect$$libshutdown$$00000002)
    __rt_lib_shutdown_fp_trap_1              0x0800023f   Thumb Code     0  libshutdown2.o(.ARM.Collect$$libshutdown$$00000007)
    __rt_lib_shutdown_heap_1                 0x0800023f   Thumb Code     0  libshutdown2.o(.ARM.Collect$$libshutdown$$0000000F)
    __rt_lib_shutdown_return                 0x0800023f   Thumb Code     0  libshutdown2.o(.ARM.Collect$$libshutdown$$00000010)
    __rt_lib_shutdown_signal_1               0x0800023f   Thumb Code     0  libshutdown2.o(.ARM.Collect$$libshutdown$$0000000A)
    __rt_lib_shutdown_stdio_1                0x0800023f   Thumb Code     0  libshutdown2.o(.ARM.Collect$$libshutdown$$00000004)
    __rt_lib_shutdown_user_alloc_1           0x0800023f   Thumb Code     0  libshutdown2.o(.ARM.Collect$$libshutdown$$0000000C)
    __rt_entry                               0x08000241   Thumb Code     0  __rtentry.o(.ARM.Collect$$rtentry$$00000000)
    __rt_entry_presh_1                       0x08000241   Thumb Code     0  __rtentry2.o(.ARM.Collect$$rtentry$$00000002)
    __rt_entry_sh                            0x08000241   Thumb Code     0  __rtentry4.o(.ARM.Collect$$rtentry$$00000004)
    __rt_entry_li                            0x08000247   Thumb Code     0  __rtentry2.o(.ARM.Collect$$rtentry$$0000000A)
    __rt_entry_postsh_1                      0x08000247   Thumb Code     0  __rtentry2.o(.ARM.Collect$$rtentry$$00000009)
    __rt_entry_main                          0x0800024b   Thumb Code     0  __rtentry2.o(.ARM.Collect$$rtentry$$0000000D)
    __rt_entry_postli_1                      0x0800024b   Thumb Code     0  __rtentry2.o(.ARM.Collect$$rtentry$$0000000C)
    __rt_exit                                0x08000253   Thumb Code     0  rtexit.o(.ARM.Collect$$rtexit$$00000000)
    __rt_exit_ls                             0x08000255   Thumb Code     0  rtexit2.o(.ARM.Collect$$rtexit$$00000003)
    __rt_exit_prels_1                        0x08000255   Thumb Code     0  rtexit2.o(.ARM.Collect$$rtexit$$00000002)
    __rt_exit_exit                           0x08000259   Thumb Code     0  rtexit2.o(.ARM.Collect$$rtexit$$00000004)
    SVC_Handler                              0x08000261   Thumb Code    32  port.o(.emb_text)
    __asm___6_port_c_39a90d8d__prvStartFirstTask 0x08000285   Thumb Code    28  port.o(.emb_text)
    PendSV_Handler                           0x080002a5   Thumb Code    72  port.o(.emb_text)
    vPortGetIPSR                             0x080002f1   Thumb Code     6  port.o(.emb_text)
    Reset_Handler                            0x080002f9   Thumb Code     8  startup_stm32f205xx.o(.text)
    NMI_Handler                              0x08000301   Thumb Code     2  startup_stm32f205xx.o(.text)
    HardFault_Handler                        0x08000303   Thumb Code     2  startup_stm32f205xx.o(.text)
    MemManage_Handler                        0x08000305   Thumb Code     2  startup_stm32f205xx.o(.text)
    BusFault_Handler                         0x08000307   Thumb Code     2  startup_stm32f205xx.o(.text)
    UsageFault_Handler                       0x08000309   Thumb Code     2  startup_stm32f205xx.o(.text)
    DebugMon_Handler                         0x0800030d   Thumb Code     2  startup_stm32f205xx.o(.text)
    ADC_IRQHandler                           0x08000313   Thumb Code     0  startup_stm32f205xx.o(.text)
    CAN1_RX1_IRQHandler                      0x08000313   Thumb Code     0  startup_stm32f205xx.o(.text)
    CAN1_SCE_IRQHandler                      0x08000313   Thumb Code     0  startup_stm32f205xx.o(.text)
    CAN1_TX_IRQHandler                       0x08000313   Thumb Code     0  startup_stm32f205xx.o(.text)
    CAN2_RX1_IRQHandler                      0x08000313   Thumb Code     0  startup_stm32f205xx.o(.text)
    CAN2_SCE_IRQHandler                      0x08000313   Thumb Code     0  startup_stm32f205xx.o(.text)
    CAN2_TX_IRQHandler                       0x08000313   Thumb Code     0  startup_stm32f205xx.o(.text)
    DMA1_Stream0_IRQHandler                  0x08000313   Thumb Code     0  startup_stm32f205xx.o(.text)
    DMA1_Stream1_IRQHandler                  0x08000313   Thumb Code     0  startup_stm32f205xx.o(.text)
    DMA1_Stream2_IRQHandler                  0x08000313   Thumb Code     0  startup_stm32f205xx.o(.text)
    DMA1_Stream3_IRQHandler                  0x08000313   Thumb Code     0  startup_stm32f205xx.o(.text)
    DMA1_Stream4_IRQHandler                  0x08000313   Thumb Code     0  startup_stm32f205xx.o(.text)
    DMA1_Stream5_IRQHandler                  0x08000313   Thumb Code     0  startup_stm32f205xx.o(.text)
    DMA1_Stream6_IRQHandler                  0x08000313   Thumb Code     0  startup_stm32f205xx.o(.text)
    DMA1_Stream7_IRQHandler                  0x08000313   Thumb Code     0  startup_stm32f205xx.o(.text)
    DMA2_Stream0_IRQHandler                  0x08000313   Thumb Code     0  startup_stm32f205xx.o(.text)
    DMA2_Stream1_IRQHandler                  0x08000313   Thumb Code     0  startup_stm32f205xx.o(.text)
    DMA2_Stream2_IRQHandler                  0x08000313   Thumb Code     0  startup_stm32f205xx.o(.text)
    DMA2_Stream3_IRQHandler                  0x08000313   Thumb Code     0  startup_stm32f205xx.o(.text)
    DMA2_Stream4_IRQHandler                  0x08000313   Thumb Code     0  startup_stm32f205xx.o(.text)
    DMA2_Stream5_IRQHandler                  0x08000313   Thumb Code     0  startup_stm32f205xx.o(.text)
    DMA2_Stream6_IRQHandler                  0x08000313   Thumb Code     0  startup_stm32f205xx.o(.text)
    DMA2_Stream7_IRQHandler                  0x08000313   Thumb Code     0  startup_stm32f205xx.o(.text)
    EXTI0_IRQHandler                         0x08000313   Thumb Code     0  startup_stm32f205xx.o(.text)
    EXTI1_IRQHandler                         0x08000313   Thumb Code     0  startup_stm32f205xx.o(.text)
    EXTI2_IRQHandler                         0x08000313   Thumb Code     0  startup_stm32f205xx.o(.text)
    FLASH_IRQHandler                         0x08000313   Thumb Code     0  startup_stm32f205xx.o(.text)
    FSMC_IRQHandler                          0x08000313   Thumb Code     0  startup_stm32f205xx.o(.text)
    HASH_RNG_IRQHandler                      0x08000313   Thumb Code     0  startup_stm32f205xx.o(.text)
    I2C2_ER_IRQHandler                       0x08000313   Thumb Code     0  startup_stm32f205xx.o(.text)
    I2C2_EV_IRQHandler                       0x08000313   Thumb Code     0  startup_stm32f205xx.o(.text)
    I2C3_ER_IRQHandler                       0x08000313   Thumb Code     0  startup_stm32f205xx.o(.text)
    I2C3_EV_IRQHandler                       0x08000313   Thumb Code     0  startup_stm32f205xx.o(.text)
    OTG_FS_IRQHandler                        0x08000313   Thumb Code     0  startup_stm32f205xx.o(.text)
    OTG_FS_WKUP_IRQHandler                   0x08000313   Thumb Code     0  startup_stm32f205xx.o(.text)
    OTG_HS_EP1_IN_IRQHandler                 0x08000313   Thumb Code     0  startup_stm32f205xx.o(.text)
    OTG_HS_EP1_OUT_IRQHandler                0x08000313   Thumb Code     0  startup_stm32f205xx.o(.text)
    OTG_HS_IRQHandler                        0x08000313   Thumb Code     0  startup_stm32f205xx.o(.text)
    OTG_HS_WKUP_IRQHandler                   0x08000313   Thumb Code     0  startup_stm32f205xx.o(.text)
    PVD_IRQHandler                           0x08000313   Thumb Code     0  startup_stm32f205xx.o(.text)
    RCC_IRQHandler                           0x08000313   Thumb Code     0  startup_stm32f205xx.o(.text)
    RTC_Alarm_IRQHandler                     0x08000313   Thumb Code     0  startup_stm32f205xx.o(.text)
    RTC_WKUP_IRQHandler                      0x08000313   Thumb Code     0  startup_stm32f205xx.o(.text)
    SDIO_IRQHandler                          0x08000313   Thumb Code     0  startup_stm32f205xx.o(.text)
    SPI1_IRQHandler                          0x08000313   Thumb Code     0  startup_stm32f205xx.o(.text)
    SPI2_IRQHandler                          0x08000313   Thumb Code     0  startup_stm32f205xx.o(.text)
    SPI3_IRQHandler                          0x08000313   Thumb Code     0  startup_stm32f205xx.o(.text)
    TAMP_STAMP_IRQHandler                    0x08000313   Thumb Code     0  startup_stm32f205xx.o(.text)
    TIM1_BRK_TIM9_IRQHandler                 0x08000313   Thumb Code     0  startup_stm32f205xx.o(.text)
    TIM1_CC_IRQHandler                       0x08000313   Thumb Code     0  startup_stm32f205xx.o(.text)
    TIM1_TRG_COM_TIM11_IRQHandler            0x08000313   Thumb Code     0  startup_stm32f205xx.o(.text)
    TIM1_UP_TIM10_IRQHandler                 0x08000313   Thumb Code     0  startup_stm32f205xx.o(.text)
    TIM2_IRQHandler                          0x08000313   Thumb Code     0  startup_stm32f205xx.o(.text)
    TIM4_IRQHandler                          0x08000313   Thumb Code     0  startup_stm32f205xx.o(.text)
    TIM5_IRQHandler                          0x08000313   Thumb Code     0  startup_stm32f205xx.o(.text)
    TIM6_DAC_IRQHandler                      0x08000313   Thumb Code     0  startup_stm32f205xx.o(.text)
    TIM7_IRQHandler                          0x08000313   Thumb Code     0  startup_stm32f205xx.o(.text)
    TIM8_BRK_TIM12_IRQHandler                0x08000313   Thumb Code     0  startup_stm32f205xx.o(.text)
    TIM8_CC_IRQHandler                       0x08000313   Thumb Code     0  startup_stm32f205xx.o(.text)
    TIM8_TRG_COM_TIM14_IRQHandler            0x08000313   Thumb Code     0  startup_stm32f205xx.o(.text)
    TIM8_UP_TIM13_IRQHandler                 0x08000313   Thumb Code     0  startup_stm32f205xx.o(.text)
    UART4_IRQHandler                         0x08000313   Thumb Code     0  startup_stm32f205xx.o(.text)
    UART5_IRQHandler                         0x08000313   Thumb Code     0  startup_stm32f205xx.o(.text)
    USART3_IRQHandler                        0x08000313   Thumb Code     0  startup_stm32f205xx.o(.text)
    USART6_IRQHandler                        0x08000313   Thumb Code     0  startup_stm32f205xx.o(.text)
    __user_initial_stackheap                 0x08000315   Thumb Code     0  startup_stm32f205xx.o(.text)
    __aeabi_uldivmod                         0x08000339   Thumb Code     0  lludivv7m.o(.text)
    _ll_udiv                                 0x08000339   Thumb Code   238  lludivv7m.o(.text)
    __aeabi_assert                           0x08000429   Thumb Code    86  assert.o(.text)
    __assert                                 0x08000429   Thumb Code     0  assert.o(.text)
    __aeabi_memcpy                           0x080004a9   Thumb Code     0  rt_memcpy_v6.o(.text)
    __rt_memcpy                              0x080004a9   Thumb Code   138  rt_memcpy_v6.o(.text)
    _memcpy_lastbytes                        0x0800050f   Thumb Code     0  rt_memcpy_v6.o(.text)
    __aeabi_memset                           0x08000533   Thumb Code    16  aeabi_memset.o(.text)
    __aeabi_memclr4                          0x08000543   Thumb Code     0  rt_memclr_w.o(.text)
    __aeabi_memclr8                          0x08000543   Thumb Code     0  rt_memclr_w.o(.text)
    __rt_memclr_w                            0x08000543   Thumb Code    78  rt_memclr_w.o(.text)
    _memset_w                                0x08000547   Thumb Code     0  rt_memclr_w.o(.text)
    __use_two_region_memory                  0x08000591   Thumb Code     2  heapauxi.o(.text)
    __rt_heap_escrow$2region                 0x08000593   Thumb Code     2  heapauxi.o(.text)
    __rt_heap_expand$2region                 0x08000595   Thumb Code     2  heapauxi.o(.text)
    abort                                    0x08000597   Thumb Code    22  abort.o(.text)
    __assert_puts                            0x080005ad   Thumb Code    20  assert_puts.o(.text)
    __aeabi_memcpy4                          0x080005c1   Thumb Code     0  rt_memcpy_w.o(.text)
    __aeabi_memcpy8                          0x080005c1   Thumb Code     0  rt_memcpy_w.o(.text)
    __rt_memcpy_w                            0x080005c1   Thumb Code   100  rt_memcpy_w.o(.text)
    _memcpy_lastbytes_aligned                0x08000609   Thumb Code     0  rt_memcpy_w.o(.text)
    __aeabi_memclr                           0x08000625   Thumb Code     0  rt_memclr.o(.text)
    __rt_memclr                              0x08000625   Thumb Code    68  rt_memclr.o(.text)
    _memset                                  0x08000629   Thumb Code     0  rt_memclr.o(.text)
    _ttywrch                                 0x08000669   Thumb Code    14  sys_wrch.o(.text)
    _sys_exit                                0x08000679   Thumb Code     8  sys_exit.o(.text)
    __rt_SIGABRT                             0x08000685   Thumb Code    14  defsig_abrt_outer.o(.text)
    __I$use$semihosting                      0x08000693   Thumb Code     0  use_no_semi.o(.text)
    __use_no_semihosting_swi                 0x08000693   Thumb Code     2  use_no_semi.o(.text)
    __semihosting_library_function           0x08000695   Thumb Code     0  indicate_semi.o(.text)
    __user_setup_stackheap                   0x08000695   Thumb Code    74  sys_stackheap_outer.o(.text)
    exit                                     0x080006df   Thumb Code    18  exit.o(.text)
    __sig_exit                               0x080006f1   Thumb Code    10  defsig_exit.o(.text)
    __rt_SIGABRT_inner                       0x080006fd   Thumb Code    14  defsig_abrt_inner.o(.text)
    __user_libspace                          0x0800072d   Thumb Code     8  libspace.o(.text)
    __user_perproc_libspace                  0x0800072d   Thumb Code     0  libspace.o(.text)
    __user_perthread_libspace                0x0800072d   Thumb Code     0  libspace.o(.text)
    __default_signal_display                 0x08000735   Thumb Code    50  defsig_general.o(.text)
    CAN1_RX0_IRQHandler                      0x08000767   Thumb Code    10  can_stm32fxxx_hal.o(i.CAN1_RX0_IRQHandler)
    CAN2_RX0_IRQHandler                      0x08000771   Thumb Code    10  can_stm32fxxx_hal.o(i.CAN2_RX0_IRQHandler)
    EXTI15_10_IRQHandler                     0x0800077b   Thumb Code    12  can_stm32fxxx_hal.o(i.EXTI15_10_IRQHandler)
    EXTI3_IRQHandler                         0x08000787   Thumb Code    10  board_stm32fxxx_hal.o(i.EXTI3_IRQHandler)
    EXTI4_IRQHandler                         0x08000791   Thumb Code    10  board_stm32fxxx_hal.o(i.EXTI4_IRQHandler)
    EXTI9_5_IRQHandler                       0x0800079b   Thumb Code    12  can_stm32fxxx_hal.o(i.EXTI9_5_IRQHandler)
    FLASH_Erase_Sector                       0x080007a9   Thumb Code    98  stm32f2xx_hal_flash_ex.o(i.FLASH_Erase_Sector)
    FLASH_FlushCaches                        0x08000811   Thumb Code   114  stm32f2xx_hal_flash_ex.o(i.FLASH_FlushCaches)
    FLASH_WaitForLastOperation               0x080009f1   Thumb Code    90  stm32f2xx_hal_flash.o(i.FLASH_WaitForLastOperation)
    HAL_CAN_ConfigFilter                     0x08000a55   Thumb Code   294  stm32f2xx_hal_can.o(i.HAL_CAN_ConfigFilter)
    HAL_CAN_Init                             0x08000b81   Thumb Code   444  stm32f2xx_hal_can.o(i.HAL_CAN_Init)
    HAL_CAN_MspInit                          0x08000d3d   Thumb Code     2  stm32f2xx_hal_can.o(i.HAL_CAN_MspInit)
    HAL_CAN_Sleep                            0x08000d3f   Thumb Code   146  stm32f2xx_hal_can.o(i.HAL_CAN_Sleep)
    HAL_CAN_Transmit                         0x08000dd1   Thumb Code   684  stm32f2xx_hal_can.o(i.HAL_CAN_Transmit)
    HAL_CAN_WakeUp                           0x08001089   Thumb Code   142  stm32f2xx_hal_can.o(i.HAL_CAN_WakeUp)
    HAL_DMA_Abort_IT                         0x08001117   Thumb Code    40  stm32f2xx_hal_dma.o(i.HAL_DMA_Abort_IT)
    HAL_Delay                                0x0800113f   Thumb Code    30  stm32f2xx_hal.o(i.HAL_Delay)
    HAL_FLASHEx_Erase                        0x0800115d   Thumb Code   164  stm32f2xx_hal_flash_ex.o(i.HAL_FLASHEx_Erase)
    HAL_FLASH_Lock                           0x08001209   Thumb Code    16  stm32f2xx_hal_flash.o(i.HAL_FLASH_Lock)
    HAL_FLASH_Program                        0x0800121d   Thumb Code   142  stm32f2xx_hal_flash.o(i.HAL_FLASH_Program)
    HAL_FLASH_Unlock                         0x080012b5   Thumb Code    32  stm32f2xx_hal_flash.o(i.HAL_FLASH_Unlock)
    HAL_GPIO_DeInit                          0x080012e1   Thumb Code   326  stm32f2xx_hal_gpio.o(i.HAL_GPIO_DeInit)
    HAL_GPIO_EXTI_Callback                   0x08001455   Thumb Code     2  stm32f2xx_hal_gpio.o(i.HAL_GPIO_EXTI_Callback)
    HAL_GPIO_EXTI_IRQHandler                 0x08001459   Thumb Code    24  stm32f2xx_hal_gpio.o(i.HAL_GPIO_EXTI_IRQHandler)
    HAL_GPIO_Init                            0x08001475   Thumb Code   476  stm32f2xx_hal_gpio.o(i.HAL_GPIO_Init)
    HAL_GPIO_TogglePin                       0x08001681   Thumb Code     8  stm32f2xx_hal_gpio.o(i.HAL_GPIO_TogglePin)
    HAL_GPIO_WritePin                        0x08001689   Thumb Code    12  stm32f2xx_hal_gpio.o(i.HAL_GPIO_WritePin)
    HAL_GetTick                              0x08001695   Thumb Code     6  stm32f2xx_hal.o(i.HAL_GetTick)
    HAL_I2C_AbortCpltCallback                0x080016a1   Thumb Code     2  stm32f2xx_hal_i2c.o(i.HAL_I2C_AbortCpltCallback)
    HAL_I2C_AddrCallback                     0x080016a3   Thumb Code     2  stm32f2xx_hal_i2c.o(i.HAL_I2C_AddrCallback)
    HAL_I2C_DeInit                           0x080016a5   Thumb Code    60  stm32f2xx_hal_i2c.o(i.HAL_I2C_DeInit)
    HAL_I2C_ER_IRQHandler                    0x080016e1   Thumb Code   224  stm32f2xx_hal_i2c.o(i.HAL_I2C_ER_IRQHandler)
    HAL_I2C_EV_IRQHandler                    0x080017c5   Thumb Code   368  stm32f2xx_hal_i2c.o(i.HAL_I2C_EV_IRQHandler)
    HAL_I2C_ErrorCallback                    0x0800193d   Thumb Code     2  stm32f2xx_hal_i2c.o(i.HAL_I2C_ErrorCallback)
    HAL_I2C_GetState                         0x0800193f   Thumb Code     8  stm32f2xx_hal_i2c.o(i.HAL_I2C_GetState)
    HAL_I2C_Init                             0x08001949   Thumb Code   286  stm32f2xx_hal_i2c.o(i.HAL_I2C_Init)
    HAL_I2C_ListenCpltCallback               0x08001a71   Thumb Code     2  stm32f2xx_hal_i2c.o(i.HAL_I2C_ListenCpltCallback)
    HAL_I2C_MasterRxCpltCallback             0x08001a73   Thumb Code     2  stm32f2xx_hal_i2c.o(i.HAL_I2C_MasterRxCpltCallback)
    HAL_I2C_MasterTxCpltCallback             0x08001a75   Thumb Code     2  stm32f2xx_hal_i2c.o(i.HAL_I2C_MasterTxCpltCallback)
    HAL_I2C_Master_Receive_IT                0x08001a79   Thumb Code   230  stm32f2xx_hal_i2c.o(i.HAL_I2C_Master_Receive_IT)
    HAL_I2C_Master_Transmit_IT               0x08001b69   Thumb Code   218  stm32f2xx_hal_i2c.o(i.HAL_I2C_Master_Transmit_IT)
    HAL_I2C_MemRxCpltCallback                0x08001c4d   Thumb Code     2  stm32f2xx_hal_i2c.o(i.HAL_I2C_MemRxCpltCallback)
    HAL_I2C_MemTxCpltCallback                0x08001c4f   Thumb Code     2  stm32f2xx_hal_i2c.o(i.HAL_I2C_MemTxCpltCallback)
    HAL_I2C_MspDeInit                        0x08001c51   Thumb Code     2  stm32f2xx_hal_i2c.o(i.HAL_I2C_MspDeInit)
    HAL_I2C_MspInit                          0x08001c53   Thumb Code     2  stm32f2xx_hal_i2c.o(i.HAL_I2C_MspInit)
    HAL_I2C_SlaveRxCpltCallback              0x08001c55   Thumb Code     2  stm32f2xx_hal_i2c.o(i.HAL_I2C_SlaveRxCpltCallback)
    HAL_I2C_SlaveTxCpltCallback              0x08001c57   Thumb Code     2  stm32f2xx_hal_i2c.o(i.HAL_I2C_SlaveTxCpltCallback)
    HAL_IncTick                              0x08001c59   Thumb Code    12  stm32f2xx_hal.o(i.HAL_IncTick)
    HAL_Init                                 0x08001c69   Thumb Code    54  stm32f2xx_hal.o(i.HAL_Init)
    HAL_InitTick                             0x08001ca5   Thumb Code    36  stm32f2xx_hal.o(i.HAL_InitTick)
    HAL_MspInit                              0x08001ccd   Thumb Code     2  stm32f2xx_hal.o(i.HAL_MspInit)
    HAL_NVIC_DisableIRQ                      0x08001cd1   Thumb Code    62  stm32f2xx_hal_cortex.o(i.HAL_NVIC_DisableIRQ)
    HAL_NVIC_EnableIRQ                       0x08001d15   Thumb Code    40  stm32f2xx_hal_cortex.o(i.HAL_NVIC_EnableIRQ)
    HAL_NVIC_SetPriority                     0x08001d3d   Thumb Code   124  stm32f2xx_hal_cortex.o(i.HAL_NVIC_SetPriority)
    HAL_NVIC_SetPriorityGrouping             0x08001db9   Thumb Code    32  stm32f2xx_hal_cortex.o(i.HAL_NVIC_SetPriorityGrouping)
    HAL_PWR_EnterSLEEPMode                   0x08001de1   Thumb Code    28  stm32f2xx_hal_pwr.o(i.HAL_PWR_EnterSLEEPMode)
    HAL_PWR_EnterSTOPMode                    0x08001e01   Thumb Code    54  stm32f2xx_hal_pwr.o(i.HAL_PWR_EnterSTOPMode)
    HAL_RCC_ClockConfig                      0x08001e41   Thumb Code   372  stm32f2xx_hal_rcc.o(i.HAL_RCC_ClockConfig)
    HAL_RCC_GetHCLKFreq                      0x08001fc5   Thumb Code     6  stm32f2xx_hal_rcc.o(i.HAL_RCC_GetHCLKFreq)
    HAL_RCC_GetPCLK1Freq                     0x08001fd1   Thumb Code    36  stm32f2xx_hal_rcc.o(i.HAL_RCC_GetPCLK1Freq)
    HAL_RCC_GetPCLK2Freq                     0x08001ffd   Thumb Code    36  stm32f2xx_hal_rcc.o(i.HAL_RCC_GetPCLK2Freq)
    HAL_RCC_GetSysClockFreq                  0x08002029   Thumb Code   162  stm32f2xx_hal_rcc.o(i.HAL_RCC_GetSysClockFreq)
    HAL_RCC_OscConfig                        0x080020d9   Thumb Code   910  stm32f2xx_hal_rcc.o(i.HAL_RCC_OscConfig)
    HAL_ResumeTick                           0x08002479   Thumb Code    18  stm32f2xx_hal.o(i.HAL_ResumeTick)
    HAL_SYSTICK_Config                       0x0800248b   Thumb Code    52  stm32f2xx_hal_cortex.o(i.HAL_SYSTICK_Config)
    HAL_SuspendTick                          0x080024bf   Thumb Code    18  stm32f2xx_hal.o(i.HAL_SuspendTick)
    HAL_TIM_Base_Init                        0x080024d1   Thumb Code    52  stm32f2xx_hal_tim.o(i.HAL_TIM_Base_Init)
    HAL_TIM_Base_MspInit                     0x08002505   Thumb Code     2  stm32f2xx_hal_tim.o(i.HAL_TIM_Base_MspInit)
    HAL_TIM_Base_Start_IT                    0x08002507   Thumb Code    30  stm32f2xx_hal_tim.o(i.HAL_TIM_Base_Start_IT)
    HAL_TIM_Base_Stop_IT                     0x08002525   Thumb Code    56  stm32f2xx_hal_tim.o(i.HAL_TIM_Base_Stop_IT)
    HAL_UART_Init                            0x0800255d   Thumb Code   114  stm32f2xx_hal_uart.o(i.HAL_UART_Init)
    HAL_UART_MspInit                         0x080025cf   Thumb Code     2  stm32f2xx_hal_uart.o(i.HAL_UART_MspInit)
    HAL_UART_Transmit                        0x080025d1   Thumb Code   214  stm32f2xx_hal_uart.o(i.HAL_UART_Transmit)
    HAL_WWDG_Init                            0x080026a7   Thumb Code    44  stm32f2xx_hal_wwdg.o(i.HAL_WWDG_Init)
    HAL_WWDG_MspInit                         0x080026d3   Thumb Code     2  stm32f2xx_hal_wwdg.o(i.HAL_WWDG_MspInit)
    HAL_WWDG_Refresh                         0x080026d5   Thumb Code    12  stm32f2xx_hal_wwdg.o(i.HAL_WWDG_Refresh)
    I2C1_ER_IRQHandler                       0x080026e1   Thumb Code    10  i2c_stm32fxxx_hal.o(i.I2C1_ER_IRQHandler)
    I2C1_EV_IRQHandler                       0x080026f1   Thumb Code    10  i2c_stm32fxxx_hal.o(i.I2C1_EV_IRQHandler)
    SysTick_Handler                          0x080031ed   Thumb Code     8  board_stm32fxxx_hal.o(i.SysTick_Handler)
    SystemInit                               0x080031f5   Thumb Code    68  system_stm32f2xx.o(i.SystemInit)
    TIM3_IRQHandler                          0x08003249   Thumb Code    10  timer_stm32fxxx_hal.o(i.TIM3_IRQHandler)
    TIM_Base_SetConfig                       0x08003255   Thumb Code   192  stm32f2xx_hal_tim.o(i.TIM_Base_SetConfig)
    USART1_IRQHandler                        0x08003715   Thumb Code    10  uart_stm32fxxx_hal.o(i.USART1_IRQHandler)
    USART2_IRQHandler                        0x0800371f   Thumb Code    10  uart_stm32fxxx_hal.o(i.USART2_IRQHandler)
    WWDG_IRQHandler                          0x08003729   Thumb Code    42  board_stm32fxxx_hal.o(i.WWDG_IRQHandler)
    can_init                                 0x08003791   Thumb Code  1060  can_stm32fxxx_hal.o(i.can_init)
    can_pwr_mode_trans                       0x08003f41   Thumb Code   128  can_stm32fxxx_hal.o(i.can_pwr_mode_trans)
    can_receive                              0x08004005   Thumb Code   172  can_stm32fxxx_hal.o(i.can_receive)
    can_transmit                             0x08004109   Thumb Code   174  can_stm32fxxx_hal.o(i.can_transmit)
    delay                                    0x08004209   Thumb Code    12  board_stm32fxxx_hal.o(i.delay)
    eeprom_read                              0x08004215   Thumb Code    46  i2c_stm32fxxx_hal.o(i.eeprom_read)
    eeprom_write                             0x0800426d   Thumb Code   134  i2c_stm32fxxx_hal.o(i.eeprom_write)
    flash_ctrl_deinit                        0x0800431d   Thumb Code     4  flash_ctrl_stm32fxxx.o(i.flash_ctrl_deinit)
    flash_ctrl_erase_sector                  0x08004321   Thumb Code    94  flash_ctrl_stm32fxxx.o(i.flash_ctrl_erase_sector)
    flash_ctrl_init                          0x080043b5   Thumb Code     4  flash_ctrl_stm32fxxx.o(i.flash_ctrl_init)
    flash_ctrl_program                       0x080043b9   Thumb Code   146  flash_ctrl_stm32fxxx.o(i.flash_ctrl_program)
    flash_ctrl_program_verify                0x08004481   Thumb Code   114  flash_ctrl_stm32fxxx.o(i.flash_ctrl_program_verify)
    flash_ctrl_verify_sector                 0x08004529   Thumb Code   102  flash_ctrl_stm32fxxx.o(i.flash_ctrl_verify_sector)
    flash_ctrl_write_e2                      0x080045c5   Thumb Code     6  flash_ctrl_stm32fxxx.o(i.flash_ctrl_write_e2)
    gpio_init                                0x080046fd   Thumb Code   484  board_stm32fxxx_hal.o(i.gpio_init)
    i2c_master_deinit                        0x080048f5   Thumb Code   232  i2c_stm32fxxx_hal.o(i.i2c_master_deinit)
    i2c_master_init                          0x08004a25   Thumb Code   330  i2c_stm32fxxx_hal.o(i.i2c_master_init)
    i2c_master_receive                       0x08004c25   Thumb Code   102  i2c_stm32fxxx_hal.o(i.i2c_master_receive)
    i2c_master_transmit                      0x08004cdd   Thumb Code   102  i2c_stm32fxxx_hal.o(i.i2c_master_transmit)
    main                                     0x08004d95   Thumb Code    26  main.o(i.main)
    prv_main                                 0x08004db5   Thumb Code   302  prv_main.o(i.prv_main)
    pwr_mode_trans                           0x08004eed   Thumb Code    94  board_stm32fxxx_hal.o(i.pwr_mode_trans)
    sys_init                                 0x08004f9f   Thumb Code    14  board_stm32fxxx_hal.o(i.sys_init)
    sys_reset                                0x08004fad   Thumb Code    68  board_stm32fxxx_hal.o(i.sys_reset)
    sys_time                                 0x08004ff9   Thumb Code     8  board_stm32fxxx_hal.o(i.sys_time)
    timer_init                               0x08005225   Thumb Code   190  timer_stm32fxxx_hal.o(i.timer_init)
    timer_irq_callback                       0x08005331   Thumb Code    14  prv_main.o(i.timer_irq_callback)
    timer_irq_handler                        0x08005345   Thumb Code    58  timer_stm32fxxx_hal.o(i.timer_irq_handler)
    timer_start                              0x08005385   Thumb Code    34  timer_stm32fxxx_hal.o(i.timer_start)
    timer_stop                               0x080053ed   Thumb Code    34  timer_stm32fxxx_hal.o(i.timer_stop)
    uart_init                                0x08005455   Thumb Code   384  uart_stm32fxxx_hal.o(i.uart_init)
    uart_receive                             0x080056c1   Thumb Code   114  uart_stm32fxxx_hal.o(i.uart_receive)
    uart_transmit                            0x08005781   Thumb Code    58  uart_stm32fxxx_hal.o(i.uart_transmit)
    vTaskSwitchContext                       0x0800580d   Thumb Code   118  tasks.o(i.vTaskSwitchContext)
    wdog_enable                              0x08005899   Thumb Code    84  board_stm32fxxx_hal.o(i.wdog_enable)
    wdog_refresh                             0x080058f9   Thumb Code    12  board_stm32fxxx_hal.o(i.wdog_refresh)
    AHBPrescTable                            0x08005914   Data          16  system_stm32f2xx.o(.constdata)
    APBPrescTable                            0x08005924   Data           8  system_stm32f2xx.o(.constdata)
    Region$$Table$$Base                      0x08005be0   Number         0  anon$$obj.o(Region$$Table)
    Region$$Table$$Limit                     0x08005c00   Number         0  anon$$obj.o(Region$$Table)
    exit_code                                0x20000000   Data           4  main.o(.data)
    uwTick                                   0x2000021c   Data           4  stm32f2xx_hal.o(.data)
    SystemCoreClock                          0x20000220   Data           4  system_stm32f2xx.o(.data)
    pxCurrentTCB                             0x20000224   Data           4  tasks.o(.data)
    pFlash                                   0x20000c04   Data          32  stm32f2xx_hal_flash.o(.bss)
    __libspace_start                         0x20000cec   Data          96  libspace.o(.bss)
    __temporary_stack_top$libspace           0x20000d4c   Data           0  libspace.o(.bss)



==============================================================================

Memory Map of the image

  Image Entry point : 0x08000185

  Load Region LR_IROM1 (Base: 0x08000000, Size: 0x00005e60, Max: 0x00080000, ABSOLUTE, COMPRESSED[0x00005c8c])

    Execution Region ER_IROM1 (Exec base: 0x08000000, Load base: 0x08000000, Size: 0x00005c00, Max: 0x00080000, ABSOLUTE)

    Exec Addr    Load Addr    Size         Type   Attr      Idx    E Section Name        Object

    0x08000000   0x08000000   0x00000184   Data   RO         4144    RESET               startup_stm32f205xx.o
    0x08000184   0x08000184   0x00000008   Code   RO         5289  * !!!main             c_w.l(__main.o)
    0x0800018c   0x0800018c   0x00000034   Code   RO         5470    !!!scatter          c_w.l(__scatter.o)
    0x080001c0   0x080001c0   0x0000005a   Code   RO         5468    !!dczerorl2         c_w.l(__dczerorl2.o)
    0x0800021a   0x0800021a   0x00000002   PAD
    0x0800021c   0x0800021c   0x0000001c   Code   RO         5472    !!handler_zi        c_w.l(__scatter_zi.o)
    0x08000238   0x08000238   0x00000002   Code   RO         5351    .ARM.Collect$$libinit$$00000000  c_w.l(libinit.o)
    0x0800023a   0x0800023a   0x00000000   Code   RO         5364    .ARM.Collect$$libinit$$00000002  c_w.l(libinit2.o)
    0x0800023a   0x0800023a   0x00000000   Code   RO         5366    .ARM.Collect$$libinit$$00000004  c_w.l(libinit2.o)
    0x0800023a   0x0800023a   0x00000000   Code   RO         5369    .ARM.Collect$$libinit$$0000000A  c_w.l(libinit2.o)
    0x0800023a   0x0800023a   0x00000000   Code   RO         5371    .ARM.Collect$$libinit$$0000000C  c_w.l(libinit2.o)
    0x0800023a   0x0800023a   0x00000000   Code   RO         5373    .ARM.Collect$$libinit$$0000000E  c_w.l(libinit2.o)
    0x0800023a   0x0800023a   0x00000000   Code   RO         5376    .ARM.Collect$$libinit$$00000011  c_w.l(libinit2.o)
    0x0800023a   0x0800023a   0x00000000   Code   RO         5378    .ARM.Collect$$libinit$$00000013  c_w.l(libinit2.o)
    0x0800023a   0x0800023a   0x00000000   Code   RO         5380    .ARM.Collect$$libinit$$00000015  c_w.l(libinit2.o)
    0x0800023a   0x0800023a   0x00000000   Code   RO         5382    .ARM.Collect$$libinit$$00000017  c_w.l(libinit2.o)
    0x0800023a   0x0800023a   0x00000000   Code   RO         5384    .ARM.Collect$$libinit$$00000019  c_w.l(libinit2.o)
    0x0800023a   0x0800023a   0x00000000   Code   RO         5386    .ARM.Collect$$libinit$$0000001B  c_w.l(libinit2.o)
    0x0800023a   0x0800023a   0x00000000   Code   RO         5388    .ARM.Collect$$libinit$$0000001D  c_w.l(libinit2.o)
    0x0800023a   0x0800023a   0x00000000   Code   RO         5390    .ARM.Collect$$libinit$$0000001F  c_w.l(libinit2.o)
    0x0800023a   0x0800023a   0x00000000   Code   RO         5392    .ARM.Collect$$libinit$$00000021  c_w.l(libinit2.o)
    0x0800023a   0x0800023a   0x00000000   Code   RO         5394    .ARM.Collect$$libinit$$00000023  c_w.l(libinit2.o)
    0x0800023a   0x0800023a   0x00000000   Code   RO         5396    .ARM.Collect$$libinit$$00000025  c_w.l(libinit2.o)
    0x0800023a   0x0800023a   0x00000000   Code   RO         5400    .ARM.Collect$$libinit$$0000002C  c_w.l(libinit2.o)
    0x0800023a   0x0800023a   0x00000000   Code   RO         5402    .ARM.Collect$$libinit$$0000002E  c_w.l(libinit2.o)
    0x0800023a   0x0800023a   0x00000000   Code   RO         5404    .ARM.Collect$$libinit$$00000030  c_w.l(libinit2.o)
    0x0800023a   0x0800023a   0x00000000   Code   RO         5406    .ARM.Collect$$libinit$$00000032  c_w.l(libinit2.o)
    0x0800023a   0x0800023a   0x00000002   Code   RO         5407    .ARM.Collect$$libinit$$00000033  c_w.l(libinit2.o)
    0x0800023c   0x0800023c   0x00000002   Code   RO         5441    .ARM.Collect$$libshutdown$$00000000  c_w.l(libshutdown.o)
    0x0800023e   0x0800023e   0x00000000   Code   RO         5451    .ARM.Collect$$libshutdown$$00000002  c_w.l(libshutdown2.o)
    0x0800023e   0x0800023e   0x00000000   Code   RO         5453    .ARM.Collect$$libshutdown$$00000004  c_w.l(libshutdown2.o)
    0x0800023e   0x0800023e   0x00000000   Code   RO         5456    .ARM.Collect$$libshutdown$$00000007  c_w.l(libshutdown2.o)
    0x0800023e   0x0800023e   0x00000000   Code   RO         5459    .ARM.Collect$$libshutdown$$0000000A  c_w.l(libshutdown2.o)
    0x0800023e   0x0800023e   0x00000000   Code   RO         5461    .ARM.Collect$$libshutdown$$0000000C  c_w.l(libshutdown2.o)
    0x0800023e   0x0800023e   0x00000000   Code   RO         5464    .ARM.Collect$$libshutdown$$0000000F  c_w.l(libshutdown2.o)
    0x0800023e   0x0800023e   0x00000002   Code   RO         5465    .ARM.Collect$$libshutdown$$00000010  c_w.l(libshutdown2.o)
    0x08000240   0x08000240   0x00000000   Code   RO         5291    .ARM.Collect$$rtentry$$00000000  c_w.l(__rtentry.o)
    0x08000240   0x08000240   0x00000000   Code   RO         5309    .ARM.Collect$$rtentry$$00000002  c_w.l(__rtentry2.o)
    0x08000240   0x08000240   0x00000006   Code   RO         5321    .ARM.Collect$$rtentry$$00000004  c_w.l(__rtentry4.o)
    0x08000246   0x08000246   0x00000000   Code   RO         5311    .ARM.Collect$$rtentry$$00000009  c_w.l(__rtentry2.o)
    0x08000246   0x08000246   0x00000004   Code   RO         5312    .ARM.Collect$$rtentry$$0000000A  c_w.l(__rtentry2.o)
    0x0800024a   0x0800024a   0x00000000   Code   RO         5314    .ARM.Collect$$rtentry$$0000000C  c_w.l(__rtentry2.o)
    0x0800024a   0x0800024a   0x00000008   Code   RO         5315    .ARM.Collect$$rtentry$$0000000D  c_w.l(__rtentry2.o)
    0x08000252   0x08000252   0x00000002   Code   RO         5355    .ARM.Collect$$rtexit$$00000000  c_w.l(rtexit.o)
    0x08000254   0x08000254   0x00000000   Code   RO         5409    .ARM.Collect$$rtexit$$00000002  c_w.l(rtexit2.o)
    0x08000254   0x08000254   0x00000004   Code   RO         5410    .ARM.Collect$$rtexit$$00000003  c_w.l(rtexit2.o)
    0x08000258   0x08000258   0x00000006   Code   RO         5411    .ARM.Collect$$rtexit$$00000004  c_w.l(rtexit2.o)
    0x0800025e   0x0800025e   0x00000002   PAD
    0x08000260   0x08000260   0x00000096   Code   RO         4404    .emb_text           port.o
    0x080002f6   0x080002f6   0x00000002   PAD
    0x080002f8   0x080002f8   0x00000040   Code   RO         4145    .text               startup_stm32f205xx.o
    0x08000338   0x08000338   0x000000ee   Code   RO         5275    .text               c_w.l(lludivv7m.o)
    0x08000426   0x08000426   0x00000002   PAD
    0x08000428   0x08000428   0x00000080   Code   RO         5277    .text               c_w.l(assert.o)
    0x080004a8   0x080004a8   0x0000008a   Code   RO         5279    .text               c_w.l(rt_memcpy_v6.o)
    0x08000532   0x08000532   0x00000010   Code   RO         5283    .text               c_w.l(aeabi_memset.o)
    0x08000542   0x08000542   0x0000004e   Code   RO         5285    .text               c_w.l(rt_memclr_w.o)
    0x08000590   0x08000590   0x00000006   Code   RO         5287    .text               c_w.l(heapauxi.o)
    0x08000596   0x08000596   0x00000016   Code   RO         5296    .text               c_w.l(abort.o)
    0x080005ac   0x080005ac   0x00000014   Code   RO         5298    .text               c_w.l(assert_puts.o)
    0x080005c0   0x080005c0   0x00000064   Code   RO         5300    .text               c_w.l(rt_memcpy_w.o)
    0x08000624   0x08000624   0x00000044   Code   RO         5302    .text               c_w.l(rt_memclr.o)
    0x08000668   0x08000668   0x0000000e   Code   RO         5304    .text               c_w.l(sys_wrch.o)
    0x08000676   0x08000676   0x00000002   PAD
    0x08000678   0x08000678   0x0000000c   Code   RO         5306    .text               c_w.l(sys_exit.o)
    0x08000684   0x08000684   0x0000000e   Code   RO         5325    .text               c_w.l(defsig_abrt_outer.o)
    0x08000692   0x08000692   0x00000002   Code   RO         5329    .text               c_w.l(use_no_semi.o)
    0x08000694   0x08000694   0x00000000   Code   RO         5331    .text               c_w.l(indicate_semi.o)
    0x08000694   0x08000694   0x0000004a   Code   RO         5332    .text               c_w.l(sys_stackheap_outer.o)
    0x080006de   0x080006de   0x00000012   Code   RO         5336    .text               c_w.l(exit.o)
    0x080006f0   0x080006f0   0x0000000a   Code   RO         5338    .text               c_w.l(defsig_exit.o)
    0x080006fa   0x080006fa   0x00000002   PAD
    0x080006fc   0x080006fc   0x00000030   Code   RO         5340    .text               c_w.l(defsig_abrt_inner.o)
    0x0800072c   0x0800072c   0x00000008   Code   RO         5352    .text               c_w.l(libspace.o)
    0x08000734   0x08000734   0x00000032   Code   RO         5359    .text               c_w.l(defsig_general.o)
    0x08000766   0x08000766   0x0000000a   Code   RO          562    i.CAN1_RX0_IRQHandler  can_stm32fxxx_hal.o
    0x08000770   0x08000770   0x0000000a   Code   RO          563    i.CAN2_RX0_IRQHandler  can_stm32fxxx_hal.o
    0x0800077a   0x0800077a   0x0000000c   Code   RO          564    i.EXTI15_10_IRQHandler  can_stm32fxxx_hal.o
    0x08000786   0x08000786   0x0000000a   Code   RO          333    i.EXTI3_IRQHandler  board_stm32fxxx_hal.o
    0x08000790   0x08000790   0x0000000a   Code   RO          334    i.EXTI4_IRQHandler  board_stm32fxxx_hal.o
    0x0800079a   0x0800079a   0x0000000c   Code   RO          565    i.EXTI9_5_IRQHandler  can_stm32fxxx_hal.o
    0x080007a6   0x080007a6   0x00000002   PAD
    0x080007a8   0x080007a8   0x00000068   Code   RO         1640    i.FLASH_Erase_Sector  stm32f2xx_hal_flash_ex.o
    0x08000810   0x08000810   0x00000078   Code   RO         1641    i.FLASH_FlushCaches  stm32f2xx_hal_flash_ex.o
    0x08000888   0x08000888   0x00000030   Code   RO         1642    i.FLASH_MassErase   stm32f2xx_hal_flash_ex.o
    0x080008b8   0x080008b8   0x00000024   Code   RO         1518    i.FLASH_Program_Byte  stm32f2xx_hal_flash.o
    0x080008dc   0x080008dc   0x0000002c   Code   RO         1519    i.FLASH_Program_DoubleWord  stm32f2xx_hal_flash.o
    0x08000908   0x08000908   0x00000028   Code   RO         1520    i.FLASH_Program_HalfWord  stm32f2xx_hal_flash.o
    0x08000930   0x08000930   0x00000028   Code   RO         1521    i.FLASH_Program_Word  stm32f2xx_hal_flash.o
    0x08000958   0x08000958   0x00000098   Code   RO         1522    i.FLASH_SetErrorCode  stm32f2xx_hal_flash.o
    0x080009f0   0x080009f0   0x00000064   Code   RO         1523    i.FLASH_WaitForLastOperation  stm32f2xx_hal_flash.o
    0x08000a54   0x08000a54   0x0000012c   Code   RO         1087    i.HAL_CAN_ConfigFilter  stm32f2xx_hal_can.o
    0x08000b80   0x08000b80   0x000001bc   Code   RO         1093    i.HAL_CAN_Init      stm32f2xx_hal_can.o
    0x08000d3c   0x08000d3c   0x00000002   Code   RO         1095    i.HAL_CAN_MspInit   stm32f2xx_hal_can.o
    0x08000d3e   0x08000d3e   0x00000092   Code   RO         1099    i.HAL_CAN_Sleep     stm32f2xx_hal_can.o
    0x08000dd0   0x08000dd0   0x000002b8   Code   RO         1100    i.HAL_CAN_Transmit  stm32f2xx_hal_can.o
    0x08001088   0x08001088   0x0000008e   Code   RO         1103    i.HAL_CAN_WakeUp    stm32f2xx_hal_can.o
    0x08001116   0x08001116   0x00000028   Code   RO         1367    i.HAL_DMA_Abort_IT  stm32f2xx_hal_dma.o
    0x0800113e   0x0800113e   0x0000001e   Code   RO          935    i.HAL_Delay         stm32f2xx_hal.o
    0x0800115c   0x0800115c   0x000000ac   Code   RO         1652    i.HAL_FLASHEx_Erase  stm32f2xx_hal_flash_ex.o
    0x08001208   0x08001208   0x00000014   Code   RO         1527    i.HAL_FLASH_Lock    stm32f2xx_hal_flash.o
    0x0800121c   0x0800121c   0x00000098   Code   RO         1532    i.HAL_FLASH_Program  stm32f2xx_hal_flash.o
    0x080012b4   0x080012b4   0x0000002c   Code   RO         1534    i.HAL_FLASH_Unlock  stm32f2xx_hal_flash.o
    0x080012e0   0x080012e0   0x00000174   Code   RO         1749    i.HAL_GPIO_DeInit   stm32f2xx_hal_gpio.o
    0x08001454   0x08001454   0x00000002   Code   RO         1750    i.HAL_GPIO_EXTI_Callback  stm32f2xx_hal_gpio.o
    0x08001456   0x08001456   0x00000002   PAD
    0x08001458   0x08001458   0x0000001c   Code   RO         1751    i.HAL_GPIO_EXTI_IRQHandler  stm32f2xx_hal_gpio.o
    0x08001474   0x08001474   0x0000020c   Code   RO         1752    i.HAL_GPIO_Init     stm32f2xx_hal_gpio.o
    0x08001680   0x08001680   0x00000008   Code   RO         1755    i.HAL_GPIO_TogglePin  stm32f2xx_hal_gpio.o
    0x08001688   0x08001688   0x0000000c   Code   RO         1756    i.HAL_GPIO_WritePin  stm32f2xx_hal_gpio.o
    0x08001694   0x08001694   0x0000000c   Code   RO          941    i.HAL_GetTick       stm32f2xx_hal.o
    0x080016a0   0x080016a0   0x00000002   Code   RO         1819    i.HAL_I2C_AbortCpltCallback  stm32f2xx_hal_i2c.o
    0x080016a2   0x080016a2   0x00000002   Code   RO         1820    i.HAL_I2C_AddrCallback  stm32f2xx_hal_i2c.o
    0x080016a4   0x080016a4   0x0000003c   Code   RO         1821    i.HAL_I2C_DeInit    stm32f2xx_hal_i2c.o
    0x080016e0   0x080016e0   0x000000e4   Code   RO         1823    i.HAL_I2C_ER_IRQHandler  stm32f2xx_hal_i2c.o
    0x080017c4   0x080017c4   0x00000178   Code   RO         1824    i.HAL_I2C_EV_IRQHandler  stm32f2xx_hal_i2c.o
    0x0800193c   0x0800193c   0x00000002   Code   RO         1826    i.HAL_I2C_ErrorCallback  stm32f2xx_hal_i2c.o
    0x0800193e   0x0800193e   0x00000008   Code   RO         1829    i.HAL_I2C_GetState  stm32f2xx_hal_i2c.o
    0x08001946   0x08001946   0x00000002   PAD
    0x08001948   0x08001948   0x00000128   Code   RO         1830    i.HAL_I2C_Init      stm32f2xx_hal_i2c.o
    0x08001a70   0x08001a70   0x00000002   Code   RO         1832    i.HAL_I2C_ListenCpltCallback  stm32f2xx_hal_i2c.o
    0x08001a72   0x08001a72   0x00000002   Code   RO         1833    i.HAL_I2C_MasterRxCpltCallback  stm32f2xx_hal_i2c.o
    0x08001a74   0x08001a74   0x00000002   Code   RO         1834    i.HAL_I2C_MasterTxCpltCallback  stm32f2xx_hal_i2c.o
    0x08001a76   0x08001a76   0x00000002   PAD
    0x08001a78   0x08001a78   0x000000f0   Code   RO         1838    i.HAL_I2C_Master_Receive_IT  stm32f2xx_hal_i2c.o
    0x08001b68   0x08001b68   0x000000e4   Code   RO         1843    i.HAL_I2C_Master_Transmit_IT  stm32f2xx_hal_i2c.o
    0x08001c4c   0x08001c4c   0x00000002   Code   RO         1844    i.HAL_I2C_MemRxCpltCallback  stm32f2xx_hal_i2c.o
    0x08001c4e   0x08001c4e   0x00000002   Code   RO         1845    i.HAL_I2C_MemTxCpltCallback  stm32f2xx_hal_i2c.o
    0x08001c50   0x08001c50   0x00000002   Code   RO         1852    i.HAL_I2C_MspDeInit  stm32f2xx_hal_i2c.o
    0x08001c52   0x08001c52   0x00000002   Code   RO         1853    i.HAL_I2C_MspInit   stm32f2xx_hal_i2c.o
    0x08001c54   0x08001c54   0x00000002   Code   RO         1854    i.HAL_I2C_SlaveRxCpltCallback  stm32f2xx_hal_i2c.o
    0x08001c56   0x08001c56   0x00000002   Code   RO         1855    i.HAL_I2C_SlaveTxCpltCallback  stm32f2xx_hal_i2c.o
    0x08001c58   0x08001c58   0x00000010   Code   RO          943    i.HAL_IncTick       stm32f2xx_hal.o
    0x08001c68   0x08001c68   0x0000003c   Code   RO          944    i.HAL_Init          stm32f2xx_hal.o
    0x08001ca4   0x08001ca4   0x00000028   Code   RO          945    i.HAL_InitTick      stm32f2xx_hal.o
    0x08001ccc   0x08001ccc   0x00000002   Code   RO          947    i.HAL_MspInit       stm32f2xx_hal.o
    0x08001cce   0x08001cce   0x00000002   PAD
    0x08001cd0   0x08001cd0   0x00000044   Code   RO         1223    i.HAL_NVIC_DisableIRQ  stm32f2xx_hal_cortex.o
    0x08001d14   0x08001d14   0x00000028   Code   RO         1224    i.HAL_NVIC_EnableIRQ  stm32f2xx_hal_cortex.o
    0x08001d3c   0x08001d3c   0x0000007c   Code   RO         1230    i.HAL_NVIC_SetPriority  stm32f2xx_hal_cortex.o
    0x08001db8   0x08001db8   0x00000028   Code   RO         1231    i.HAL_NVIC_SetPriorityGrouping  stm32f2xx_hal_cortex.o
    0x08001de0   0x08001de0   0x00000020   Code   RO         2302    i.HAL_PWR_EnterSLEEPMode  stm32f2xx_hal_pwr.o
    0x08001e00   0x08001e00   0x00000040   Code   RO         2304    i.HAL_PWR_EnterSTOPMode  stm32f2xx_hal_pwr.o
    0x08001e40   0x08001e40   0x00000184   Code   RO         2461    i.HAL_RCC_ClockConfig  stm32f2xx_hal_rcc.o
    0x08001fc4   0x08001fc4   0x0000000c   Code   RO         2466    i.HAL_RCC_GetHCLKFreq  stm32f2xx_hal_rcc.o
    0x08001fd0   0x08001fd0   0x0000002c   Code   RO         2468    i.HAL_RCC_GetPCLK1Freq  stm32f2xx_hal_rcc.o
    0x08001ffc   0x08001ffc   0x0000002c   Code   RO         2469    i.HAL_RCC_GetPCLK2Freq  stm32f2xx_hal_rcc.o
    0x08002028   0x08002028   0x000000b0   Code   RO         2470    i.HAL_RCC_GetSysClockFreq  stm32f2xx_hal_rcc.o
    0x080020d8   0x080020d8   0x000003a0   Code   RO         2473    i.HAL_RCC_OscConfig  stm32f2xx_hal_rcc.o
    0x08002478   0x08002478   0x00000012   Code   RO          948    i.HAL_ResumeTick    stm32f2xx_hal.o
    0x0800248a   0x0800248a   0x00000034   Code   RO         1235    i.HAL_SYSTICK_Config  stm32f2xx_hal_cortex.o
    0x080024be   0x080024be   0x00000012   Code   RO          949    i.HAL_SuspendTick   stm32f2xx_hal.o
    0x080024d0   0x080024d0   0x00000034   Code   RO         2602    i.HAL_TIM_Base_Init  stm32f2xx_hal_tim.o
    0x08002504   0x08002504   0x00000002   Code   RO         2604    i.HAL_TIM_Base_MspInit  stm32f2xx_hal_tim.o
    0x08002506   0x08002506   0x0000001e   Code   RO         2607    i.HAL_TIM_Base_Start_IT  stm32f2xx_hal_tim.o
    0x08002524   0x08002524   0x00000038   Code   RO         2610    i.HAL_TIM_Base_Stop_IT  stm32f2xx_hal_tim.o
    0x0800255c   0x0800255c   0x00000072   Code   RO         3513    i.HAL_UART_Init     stm32f2xx_hal_uart.o
    0x080025ce   0x080025ce   0x00000002   Code   RO         3515    i.HAL_UART_MspInit  stm32f2xx_hal_uart.o
    0x080025d0   0x080025d0   0x000000d6   Code   RO         3521    i.HAL_UART_Transmit  stm32f2xx_hal_uart.o
    0x080026a6   0x080026a6   0x0000002c   Code   RO         4095    i.HAL_WWDG_Init     stm32f2xx_hal_wwdg.o
    0x080026d2   0x080026d2   0x00000002   Code   RO         4096    i.HAL_WWDG_MspInit  stm32f2xx_hal_wwdg.o
    0x080026d4   0x080026d4   0x0000000c   Code   RO         4097    i.HAL_WWDG_Refresh  stm32f2xx_hal_wwdg.o
    0x080026e0   0x080026e0   0x00000010   Code   RO          655    i.I2C1_ER_IRQHandler  i2c_stm32fxxx_hal.o
    0x080026f0   0x080026f0   0x00000010   Code   RO          656    i.I2C1_EV_IRQHandler  i2c_stm32fxxx_hal.o
    0x08002700   0x08002700   0x00000068   Code   RO         1864    i.I2C_DMAAbort      stm32f2xx_hal_i2c.o
    0x08002768   0x08002768   0x00000170   Code   RO         1867    i.I2C_ITError       stm32f2xx_hal_i2c.o
    0x080028d8   0x080028d8   0x00000110   Code   RO         1869    i.I2C_MasterReceive_BTF  stm32f2xx_hal_i2c.o
    0x080029e8   0x080029e8   0x000000a0   Code   RO         1870    i.I2C_MasterReceive_RXNE  stm32f2xx_hal_i2c.o
    0x08002a88   0x08002a88   0x000000a0   Code   RO         1873    i.I2C_MasterTransmit_BTF  stm32f2xx_hal_i2c.o
    0x08002b28   0x08002b28   0x0000014a   Code   RO         1874    i.I2C_MasterTransmit_TXE  stm32f2xx_hal_i2c.o
    0x08002c72   0x08002c72   0x0000000e   Code   RO         1875    i.I2C_Master_ADD10  stm32f2xx_hal_i2c.o
    0x08002c80   0x08002c80   0x0000022e   Code   RO         1876    i.I2C_Master_ADDR   stm32f2xx_hal_i2c.o
    0x08002eae   0x08002eae   0x00000082   Code   RO         1877    i.I2C_Master_SB     stm32f2xx_hal_i2c.o
    0x08002f30   0x08002f30   0x0000001e   Code   RO         1880    i.I2C_SlaveReceive_BTF  stm32f2xx_hal_i2c.o
    0x08002f4e   0x08002f4e   0x00000048   Code   RO         1881    i.I2C_SlaveReceive_RXNE  stm32f2xx_hal_i2c.o
    0x08002f96   0x08002f96   0x0000001c   Code   RO         1882    i.I2C_SlaveTransmit_BTF  stm32f2xx_hal_i2c.o
    0x08002fb2   0x08002fb2   0x00000046   Code   RO         1883    i.I2C_SlaveTransmit_TXE  stm32f2xx_hal_i2c.o
    0x08002ff8   0x08002ff8   0x00000036   Code   RO         1884    i.I2C_Slave_ADDR    stm32f2xx_hal_i2c.o
    0x0800302e   0x0800302e   0x00000002   PAD
    0x08003030   0x08003030   0x000000a4   Code   RO         1885    i.I2C_Slave_AF      stm32f2xx_hal_i2c.o
    0x080030d4   0x080030d4   0x00000110   Code   RO         1886    i.I2C_Slave_STOPF   stm32f2xx_hal_i2c.o
    0x080031e4   0x080031e4   0x00000008   Code   RO          459    i.LL_USART_ClearFlag_RXNE  uart_stm32fxxx_hal.o
    0x080031ec   0x080031ec   0x00000008   Code   RO          335    i.SysTick_Handler   board_stm32fxxx_hal.o
    0x080031f4   0x080031f4   0x00000054   Code   RO         4153    i.SystemInit        system_stm32f2xx.o
    0x08003248   0x08003248   0x0000000a   Code   RO          777    i.TIM3_IRQHandler   timer_stm32fxxx_hal.o
    0x08003252   0x08003252   0x00000002   PAD
    0x08003254   0x08003254   0x000000ec   Code   RO         2686    i.TIM_Base_SetConfig  stm32f2xx_hal_tim.o
    0x08003340   0x08003340   0x00000368   Code   RO         3540    i.UART_SetConfig    stm32f2xx_hal_uart.o
    0x080036a8   0x080036a8   0x0000006c   Code   RO         3542    i.UART_WaitOnFlagUntilTimeout  stm32f2xx_hal_uart.o
    0x08003714   0x08003714   0x0000000a   Code   RO          460    i.USART1_IRQHandler  uart_stm32fxxx_hal.o
    0x0800371e   0x0800371e   0x0000000a   Code   RO          461    i.USART2_IRQHandler  uart_stm32fxxx_hal.o
    0x08003728   0x08003728   0x00000030   Code   RO          336    i.WWDG_IRQHandler   board_stm32fxxx_hal.o
    0x08003758   0x08003758   0x00000010   Code   RO         1237    i.__NVIC_GetPriorityGrouping  stm32f2xx_hal_cortex.o
    0x08003768   0x08003768   0x00000028   Code   RO         1238    i.__NVIC_SetPriority  stm32f2xx_hal_cortex.o
    0x08003790   0x08003790   0x00000424   Code   RO          567    i.can_init          can_stm32fxxx_hal.o
    0x08003bb4   0x08003bb4   0x0000038c   Code   RO          568    i.can_irq_handler   can_stm32fxxx_hal.o
    0x08003f40   0x08003f40   0x000000c4   Code   RO          569    i.can_pwr_mode_trans  can_stm32fxxx_hal.o
    0x08004004   0x08004004   0x00000104   Code   RO          570    i.can_receive       can_stm32fxxx_hal.o
    0x08004108   0x08004108   0x00000100   Code   RO          571    i.can_transmit      can_stm32fxxx_hal.o
    0x08004208   0x08004208   0x0000000c   Code   RO          337    i.delay             board_stm32fxxx_hal.o
    0x08004214   0x08004214   0x00000058   Code   RO          663    i.eeprom_read       i2c_stm32fxxx_hal.o
    0x0800426c   0x0800426c   0x000000b0   Code   RO          664    i.eeprom_write      i2c_stm32fxxx_hal.o
    0x0800431c   0x0800431c   0x00000004   Code   RO          849    i.flash_ctrl_deinit  flash_ctrl_stm32fxxx.o
    0x08004320   0x08004320   0x00000094   Code   RO          850    i.flash_ctrl_erase_sector  flash_ctrl_stm32fxxx.o
    0x080043b4   0x080043b4   0x00000004   Code   RO          851    i.flash_ctrl_init   flash_ctrl_stm32fxxx.o
    0x080043b8   0x080043b8   0x000000c8   Code   RO          853    i.flash_ctrl_program  flash_ctrl_stm32fxxx.o
    0x08004480   0x08004480   0x000000a8   Code   RO          854    i.flash_ctrl_program_verify  flash_ctrl_stm32fxxx.o
    0x08004528   0x08004528   0x0000009c   Code   RO          855    i.flash_ctrl_verify_sector  flash_ctrl_stm32fxxx.o
    0x080045c4   0x080045c4   0x00000006   Code   RO          856    i.flash_ctrl_write_e2  flash_ctrl_stm32fxxx.o
    0x080045ca   0x080045ca   0x00000002   PAD
    0x080045cc   0x080045cc   0x00000130   Code   RO          857    i.get_sector        flash_ctrl_stm32fxxx.o
    0x080046fc   0x080046fc   0x000001f8   Code   RO          339    i.gpio_init         board_stm32fxxx_hal.o
    0x080048f4   0x080048f4   0x00000130   Code   RO          665    i.i2c_master_deinit  i2c_stm32fxxx_hal.o
    0x08004a24   0x08004a24   0x00000194   Code   RO          666    i.i2c_master_init   i2c_stm32fxxx_hal.o
    0x08004bb8   0x08004bb8   0x0000006c   Code   RO          667    i.i2c_master_read   i2c_stm32fxxx_hal.o
    0x08004c24   0x08004c24   0x000000b8   Code   RO          668    i.i2c_master_receive  i2c_stm32fxxx_hal.o
    0x08004cdc   0x08004cdc   0x000000b8   Code   RO          669    i.i2c_master_transmit  i2c_stm32fxxx_hal.o
    0x08004d94   0x08004d94   0x00000020   Code   RO            1    i.main              main.o
    0x08004db4   0x08004db4   0x00000138   Code   RO           20    i.prv_main          prv_main.o
    0x08004eec   0x08004eec   0x00000064   Code   RO          340    i.pwr_mode_trans    board_stm32fxxx_hal.o
    0x08004f50   0x08004f50   0x0000004e   Code   RO          341    i.sys_clk_config    board_stm32fxxx_hal.o
    0x08004f9e   0x08004f9e   0x0000000e   Code   RO          342    i.sys_init          board_stm32fxxx_hal.o
    0x08004fac   0x08004fac   0x0000004c   Code   RO          343    i.sys_reset         board_stm32fxxx_hal.o
    0x08004ff8   0x08004ff8   0x00000008   Code   RO          344    i.sys_time          board_stm32fxxx_hal.o
    0x08005000   0x08005000   0x00000134   Code   RO           21    i.test_flash        prv_main.o
    0x08005134   0x08005134   0x000000f0   Code   RO           22    i.test_i2c          prv_main.o
    0x08005224   0x08005224   0x0000010c   Code   RO          779    i.timer_init        timer_stm32fxxx_hal.o
    0x08005330   0x08005330   0x00000014   Code   RO           23    i.timer_irq_callback  prv_main.o
    0x08005344   0x08005344   0x00000040   Code   RO          781    i.timer_irq_handler  timer_stm32fxxx_hal.o
    0x08005384   0x08005384   0x00000068   Code   RO          782    i.timer_start       timer_stm32fxxx_hal.o
    0x080053ec   0x080053ec   0x00000068   Code   RO          783    i.timer_stop        timer_stm32fxxx_hal.o
    0x08005454   0x08005454   0x000001d0   Code   RO          465    i.uart_init         uart_stm32fxxx_hal.o
    0x08005624   0x08005624   0x0000009c   Code   RO          466    i.uart_irq_handler  uart_stm32fxxx_hal.o
    0x080056c0   0x080056c0   0x000000c0   Code   RO          467    i.uart_receive      uart_stm32fxxx_hal.o
    0x08005780   0x08005780   0x0000008c   Code   RO          469    i.uart_transmit     uart_stm32fxxx_hal.o
    0x0800580c   0x0800580c   0x0000008c   Code   RO         4858    i.vTaskSwitchContext  tasks.o
    0x08005898   0x08005898   0x00000060   Code   RO          346    i.wdog_enable       board_stm32fxxx_hal.o
    0x080058f8   0x080058f8   0x00000010   Code   RO          347    i.wdog_refresh      board_stm32fxxx_hal.o
    0x08005908   0x08005908   0x0000000c   Data   RO           24    .constdata          prv_main.o
    0x08005914   0x08005914   0x00000018   Data   RO         4154    .constdata          system_stm32f2xx.o
    0x0800592c   0x0800592c   0x000001b4   Data   RO           25    .conststring        prv_main.o
    0x08005ae0   0x08005ae0   0x000000fe   Data   RO          858    .conststring        flash_ctrl_stm32fxxx.o
    0x08005bde   0x08005bde   0x00000002   PAD
    0x08005be0   0x08005be0   0x00000020   Data   RO         5466    Region$$Table       anon$$obj.o


    Execution Region RW_IRAM1 (Exec base: 0x20000000, Load base: 0x08005c00, Size: 0x00001350, Max: 0x00020000, ABSOLUTE, COMPRESSED[0x0000008c])

    Exec Addr    Load Addr    Size         Type   Attr      Idx    E Section Name        Object

    0x20000000   COMPRESSED   0x00000004   Data   RW            2    .data               main.o
    0x20000004   COMPRESSED   0x000000a0   Data   RW          472    .data               uart_stm32fxxx_hal.o
    0x200000a4   COMPRESSED   0x000000d4   Data   RW          573    .data               can_stm32fxxx_hal.o
    0x20000178   COMPRESSED   0x00000060   Data   RW          670    .data               i2c_stm32fxxx_hal.o
    0x200001d8   COMPRESSED   0x00000044   Data   RW          784    .data               timer_stm32fxxx_hal.o
    0x2000021c   COMPRESSED   0x00000004   Data   RW          950    .data               stm32f2xx_hal.o
    0x20000220   COMPRESSED   0x00000004   Data   RW         4155    .data               system_stm32f2xx.o
    0x20000224   COMPRESSED   0x0000003c   Data   RW         4876    .data               tasks.o
    0x20000260        -       0x00000014   Zero   RW          348    .bss                board_stm32fxxx_hal.o
    0x20000274        -       0x000007d0   Zero   RW          471    .bss                uart_stm32fxxx_hal.o
    0x20000a44        -       0x000001c0   Zero   RW          572    .bss                can_stm32fxxx_hal.o
    0x20000c04        -       0x00000020   Zero   RW         1535    .bss                stm32f2xx_hal_flash.o
    0x20000c24        -       0x000000c8   Zero   RW         4875    .bss                tasks.o
    0x20000cec        -       0x00000060   Zero   RW         5353    .bss                c_w.l(libspace.o)
    0x20000d4c   COMPRESSED   0x00000004   PAD
    0x20000d50        -       0x00000200   Zero   RW         4143    HEAP                startup_stm32f205xx.o
    0x20000f50        -       0x00000400   Zero   RW         4142    STACK               startup_stm32f205xx.o


==============================================================================

Image component sizes


      Code (inc. data)   RO Data    RW Data    ZI Data      Debug   Object Name

       980         56          0          0         20      38605   board_stm32fxxx_hal.o
      2724        394          0        212        448       7705   can_stm32fxxx_hal.o
         0          0          0          0          0       5176   event_groups.o
       990        310        254          0          0       5858   flash_ctrl_stm32fxxx.o
      1480        446          0         96          0       7308   i2c_stm32fxxx_hal.o
        32          6          0          4          0       2091   main.o
       150         12          0          0          0        668   port.o
       880        252        448          0          0     627736   prv_main.o
         0          0          0          0          0       2816   rtos.o
        64         26        388          0       1536        816   startup_stm32f205xx.o
       196         20          0          4          0       5884   stm32f2xx_hal.o
      1730         18          0          0          0       5508   stm32f2xx_hal_can.o
       380         28          0          0          0      32093   stm32f2xx_hal_cortex.o
        40          0          0          0          0       1323   stm32f2xx_hal_dma.o
       628         62          0          0         32       5874   stm32f2xx_hal_flash.o
       444         26          0          0          0       3426   stm32f2xx_hal_flash_ex.o
       946         98          0          0          0       5175   stm32f2xx_hal_gpio.o
      4246         62          0          0          0      25840   stm32f2xx_hal_i2c.o
        96         14          0          0          0       1257   stm32f2xx_hal_pwr.o
      1592         70          0          0          0       5540   stm32f2xx_hal_rcc.o
       376         44          0          0          0       3843   stm32f2xx_hal_tim.o
      1310          8          0          0          0       4447   stm32f2xx_hal_uart.o
        58          0          0          0          0       2370   stm32f2xx_hal_wwdg.o
        84         16         24          4          0       1351   system_stm32f2xx.o
       140         22          0         60        200       7704   tasks.o
       550        224          0         68          0       3798   timer_stm32fxxx_hal.o
       980        256          0        160       2000      17811   uart_stm32fxxx_hal.o

    ----------------------------------------------------------------------
     21114       2470       1148        608       4236     832023   Object Totals
         0          0         32          0          0          0   (incl. Generated)
        18          0          2          0          0          0   (incl. Padding)

    ----------------------------------------------------------------------

      Code (inc. data)   RO Data    RW Data    ZI Data      Debug   Library Member Name

        90          0          0          0          0          0   __dczerorl2.o
         8          0          0          0          0         68   __main.o
         0          0          0          0          0          0   __rtentry.o
        12          0          0          0          0          0   __rtentry2.o
         6          0          0          0          0          0   __rtentry4.o
        52          8          0          0          0          0   __scatter.o
        28          0          0          0          0          0   __scatter_zi.o
        22          0          0          0          0         80   abort.o
        16          0          0          0          0         68   aeabi_memset.o
       128         42          0          0          0         76   assert.o
        20          0          0          0          0         76   assert_puts.o
        48         34          0          0          0         76   defsig_abrt_inner.o
        14          0          0          0          0         80   defsig_abrt_outer.o
        10          0          0          0          0         68   defsig_exit.o
        50          0          0          0          0         88   defsig_general.o
        18          0          0          0          0         80   exit.o
         6          0          0          0          0        152   heapauxi.o
         0          0          0          0          0          0   indicate_semi.o
         2          0          0          0          0          0   libinit.o
         2          0          0          0          0          0   libinit2.o
         2          0          0          0          0          0   libshutdown.o
         2          0          0          0          0          0   libshutdown2.o
         8          4          0          0         96         68   libspace.o
       238          0          0          0          0        100   lludivv7m.o
        68          0          0          0          0         68   rt_memclr.o
        78          0          0          0          0         80   rt_memclr_w.o
       138          0          0          0          0         68   rt_memcpy_v6.o
       100          0          0          0          0         80   rt_memcpy_w.o
         2          0          0          0          0          0   rtexit.o
        10          0          0          0          0          0   rtexit2.o
        12          4          0          0          0         68   sys_exit.o
        74          0          0          0          0         80   sys_stackheap_outer.o
        14          0          0          0          0         76   sys_wrch.o
         2          0          0          0          0         68   use_no_semi.o

    ----------------------------------------------------------------------
      1290         92          0          0        100       1668   Library Totals
        10          0          0          0          4          0   (incl. Padding)

    ----------------------------------------------------------------------

      Code (inc. data)   RO Data    RW Data    ZI Data      Debug   Library Name

      1280         92          0          0         96       1668   c_w.l

    ----------------------------------------------------------------------
      1290         92          0          0        100       1668   Library Totals

    ----------------------------------------------------------------------

==============================================================================


      Code (inc. data)   RO Data    RW Data    ZI Data      Debug   

     22404       2562       1148        608       4336     824899   Grand Totals
     22404       2562       1148        140       4336     824899   ELF Image Totals (compressed)
     22404       2562       1148        140          0          0   ROM Totals

==============================================================================

    Total RO  Size (Code + RO Data)                23552 (  23.00kB)
    Total RW  Size (RW Data + ZI Data)              4944 (   4.83kB)
    Total ROM Size (Code + RO Data + RW Data)      23692 (  23.14kB)

==============================================================================

